File: remote_write.test
Type: cpu
Time: 2026-08-03 13:59:12 EEST
Duration: 18.70s, Total samples = 8.41s (44.97%)
Showing nodes accounting for 5.33s, 63.38% of 8.41s total
Dropped 218 nodes (cum <= 0.04s)
      flat  flat%   sum%        cum   cum%
     1.73s 20.57% 20.57%      1.73s 20.57%  runtime.madvise
     0.70s  8.32% 28.89%      0.70s  8.32%  runtime.pthread_cond_wait
     0.47s  5.59% 34.48%      0.47s  5.59%  runtime.usleep
     0.29s  3.45% 37.93%      0.29s  3.45%  runtime.kevent
     0.29s  3.45% 41.38%      0.29s  3.45%  runtime.pthread_kill
     0.26s  3.09% 44.47%      0.26s  3.09%  runtime.pthread_cond_signal
     0.16s  1.90% 46.37%      0.41s  4.88%  runtime.scanObjectsSmall
     0.15s  1.78% 48.16%      0.17s  2.02%  runtime.tryDeferToSpanScan
     0.13s  1.55% 49.70%      0.16s  1.90%  internal/runtime/maps.(*Iter).Next
     0.12s  1.43% 51.13%      0.12s  1.43%  aeshashbody
     0.09s  1.07% 52.20%      0.10s  1.19%  runtime.walltime
    -0.08s  0.95% 51.25%     -0.04s  0.48%  encoding/json.mapEncoder.encode
     0.08s  0.95% 52.20%      0.19s  2.26%  runtime.mallocgcSmallScanNoHeader
     0.07s  0.83% 53.03%      0.21s  2.50%  time.Time.appendFormat
     0.05s  0.59% 53.63%      0.25s  2.97%  runtime.mallocgc
     0.05s  0.59% 54.22%      0.05s  0.59%  time.nextStdChunk
     0.04s  0.48% 54.70%      0.06s  0.71%  runtime.(*mspan).writeHeapBitsSmall
     0.04s  0.48% 55.17%      0.04s  0.48%  runtime.memequal
     0.04s  0.48% 55.65%      0.04s  0.48%  runtime.memmove
     0.04s  0.48% 56.12%      0.04s  0.48%  runtime.pthread_cond_timedwait_relative_np
     0.03s  0.36% 56.48%      0.03s  0.36%  internal/chacha8rand.block
     0.03s  0.36% 56.84%      0.03s  0.36%  internal/runtime/atomic.(*Uint32).Add (inline)
    -0.03s  0.36% 56.48%     -0.03s  0.36%  internal/runtime/atomic.(*UnsafePointer).Load (inline)
     0.03s  0.36% 56.84%      0.03s  0.36%  internal/runtime/maps.(*Map).putSlotSmallFastStr
     0.03s  0.36% 57.19%      0.03s  0.36%  internal/runtime/maps.(*groupReference).key (inline)
    -0.03s  0.36% 56.84%     -0.03s  0.36%  internal/runtime/maps.ctrlGroupMatchEmpty (inline)
    -0.03s  0.36% 56.48%     -0.03s  0.36%  internal/runtime/maps.probeSeq.next (inline)
     0.03s  0.36% 56.84%      0.03s  0.36%  internal/strconv.readFloat
     0.03s  0.36% 57.19%      0.03s  0.36%  runtime.(*gcBitsArena).tryAlloc (inline)
     0.03s  0.36% 57.55%      0.03s  0.36%  runtime.(*spanInlineMarkBits).tryAcquire
     0.03s  0.36% 57.91%      0.03s  0.36%  runtime.(*sysMemStat).add
     0.03s  0.36% 58.26%      0.03s  0.36%  runtime.extractHeapBitsSmall
     0.03s  0.36% 58.62%      0.03s  0.36%  runtime.getGCMask (inline)
    -0.03s  0.36% 58.26%     -0.04s  0.48%  runtime.mapaccess2
     0.03s  0.36% 58.62%      0.03s  0.36%  runtime.scanblock
     0.03s  0.36% 58.98%      0.03s  0.36%  runtime.spanClass.sizeclass (inline)
     0.03s  0.36% 59.33%      0.05s  0.59%  time.Time.locabs
    -0.02s  0.24% 59.10%     -0.05s  0.59%  encoding/json.(*encodeState).marshal
    -0.02s  0.24% 58.86%     -0.05s  0.59%  encoding/json.(*encodeState).reflectValue
     0.02s  0.24% 59.10%     -0.03s  0.36%  encoding/json.interfaceEncoder
     0.02s  0.24% 59.33%      0.06s  0.71%  github.com/elastic/beats/v7/libbeat/common.(*Cache).PutWithTimeout
     0.02s  0.24% 59.57%      0.04s  0.48%  internal/runtime/maps.typedmemmove
     0.02s  0.24% 59.81%      0.04s  0.48%  runtime.(*mheap).nextSpanForSweep
     0.02s  0.24% 60.05%      0.04s  0.48%  runtime.(*spanSet).pop
     0.02s  0.24% 60.29%     -0.05s  0.59%  runtime.growslice
     0.02s  0.24% 60.52%      0.13s  1.55%  runtime.mapaccess2_faststr
     0.02s  0.24% 60.76%      0.03s  0.36%  runtime.scanObjectSmall
     0.02s  0.24% 61.00%      0.03s  0.36%  slices.insertionSortCmpFunc[go.shape.struct { encoding/json.v reflect.Value; encoding/json.ks string }] (inline)
     0.02s  0.24% 61.24%      0.04s  0.48%  sort.insertionSort_func
     0.01s  0.12% 61.36%      0.04s  0.48%  encoding/json.newEncodeState
    -0.01s  0.12% 61.24%     -0.04s  0.48%  encoding/json.stringEncoder
    -0.01s  0.12% 61.12%      0.15s  1.78%  github.com/elastic/beats/v7/x-pack/metricbeat/module/prometheus/collector.PromHistogramToES
     0.01s  0.12% 61.24%     -0.85s 10.11%  github.com/elastic/beats/v7/x-pack/metricbeat/module/prometheus/remote_write.(*remoteWriteTypedGenerator).GenerateEvents
     0.01s  0.12% 61.36%      0.26s  3.09%  github.com/elastic/beats/v7/x-pack/metricbeat/module/prometheus/remote_write.(*remoteWriteTypedGenerator).classifyBucketSamples
    -0.01s  0.12% 61.24%     -0.93s 11.06%  github.com/elastic/beats/v7/x-pack/metricbeat/module/prometheus/remote_write.(*remoteWriteTypedGenerator).processPromHistograms
     0.01s  0.12% 61.36%      0.13s  1.55%  github.com/elastic/beats/v7/x-pack/metricbeat/module/prometheus/remote_write.(*remoteWriteTypedGenerator).readSample
     0.01s  0.12% 61.47%      0.40s  4.76%  github.com/elastic/beats/v7/x-pack/metricbeat/module/prometheus/remote_write.histogramIdentity.key (inline)
     0.01s  0.12% 61.59%      0.08s  0.95%  github.com/elastic/beats/v7/x-pack/metricbeat/module/prometheus/remote_write.recordBatchBound (inline)
     0.01s  0.12% 61.71%      0.34s  4.04%  github.com/elastic/elastic-agent-libs/mapstr.M.Clone (inline)
     0.01s  0.12% 61.83%      0.08s  0.95%  github.com/elastic/elastic-agent-libs/mapstr.M.Delete
    -0.01s  0.12% 61.71%      0.03s  0.36%  github.com/elastic/elastic-agent-libs/mapstr.M.String
     0.01s  0.12% 61.83%      0.26s  3.09%  github.com/elastic/elastic-agent-libs/mapstr.cloneMap
     0.01s  0.12% 61.95%      0.08s  0.95%  github.com/elastic/elastic-agent-libs/mapstr.mapFind
    -0.01s  0.12% 61.83%      0.07s  0.83%  internal/runtime/maps.(*Map).getWithoutKeySmallFastStr
    -0.01s  0.12% 61.71%      0.11s  1.31%  internal/runtime/maps.(*Map).growToSmall
     0.01s  0.12% 61.83%      0.03s  0.36%  internal/runtime/maps.(*table).split
     0.01s  0.12% 61.95%      0.04s  0.48%  internal/runtime/maps.(*table).uncheckedPutSlot
     0.01s  0.12% 62.07%      0.12s  1.43%  internal/runtime/maps.newarray
    -0.01s  0.12% 61.95%      0.03s  0.36%  internal/strconv.atof64
    -0.01s  0.12% 61.83%     -0.03s  0.36%  reflect.copyVal
     0.01s  0.12% 61.95%      0.03s  0.36%  reflect.mapIterNext
     0.01s  0.12% 62.07%      0.03s  0.36%  runtime.(*gcControllerState).trigger
     0.01s  0.12% 62.19%      0.11s  1.31%  runtime.(*sweepLocked).sweep
     0.01s  0.12% 62.31%      0.13s  1.55%  runtime.bgsweep
    -0.01s  0.12% 62.19%     -0.06s  0.71%  runtime.concatstring2
     0.01s  0.12% 62.31%      0.08s  0.95%  runtime.concatstring5
     0.01s  0.12% 62.43%      0.04s  0.48%  runtime.gcNextMarkRoot
    -0.01s  0.12% 62.31%      0.05s  0.59%  runtime.heapSetTypeNoHeader (inline)
    -0.01s  0.12% 62.19%     -0.03s  0.36%  runtime.mapaccess1
    -0.01s  0.12% 62.07%      0.08s  0.95%  runtime.mapassign
     0.01s  0.12% 62.19%      0.15s  1.78%  runtime.mapassign_faststr
     0.01s  0.12% 62.31%      0.09s  1.07%  runtime.markroot
     0.01s  0.12% 62.43%      0.11s  1.31%  runtime.newarray
     0.01s  0.12% 62.54%      0.71s  8.44%  runtime.notesleep
     0.01s  0.12% 62.66%     -0.03s  0.36%  runtime.rand
     0.01s  0.12% 62.78%      0.09s  1.07%  runtime.slicebytetostring
     0.01s  0.12% 62.90%      0.12s  1.43%  runtime.sweepone
     0.01s  0.12% 63.02%      0.04s  0.48%  runtime.typePointers.next
     0.01s  0.12% 63.14%      0.25s  2.97%  runtime.wakep
     0.01s  0.12% 63.26%      0.03s  0.36%  runtime.wbBufFlush1
     0.01s  0.12% 63.38%      0.03s  0.36%  sync.(*Pool).Get
    -0.01s  0.12% 63.26%      0.20s  2.38%  time.Time.AppendFormat
     0.01s  0.12% 63.38%      0.12s  1.43%  time.runtimeNow
         0     0% 63.38%      0.06s  0.71%  github.com/elastic/beats/v7/libbeat/common.(*Cache).put
         0     0% 63.38%      0.09s  1.07%  github.com/elastic/beats/v7/x-pack/metricbeat/module/prometheus/collector.(*counterCache).RateUint64
         0     0% 63.38%      0.03s  0.36%  github.com/elastic/beats/v7/x-pack/metricbeat/module/prometheus/remote_write.(*histogramAssembler).addTombstone
         0     0% 63.38%      0.67s  7.97%  github.com/elastic/beats/v7/x-pack/metricbeat/module/prometheus/remote_write.(*histogramAssembler).capacityImpact
         0     0% 63.38%      1.03s 12.25%  github.com/elastic/beats/v7/x-pack/metricbeat/module/prometheus/remote_write.(*histogramAssembler).entryToEvent
         0     0% 63.38%      1.11s 13.20%  github.com/elastic/beats/v7/x-pack/metricbeat/module/prometheus/remote_write.(*histogramAssembler).flushExpired
         0     0% 63.38%      0.68s  8.09%  github.com/elastic/beats/v7/x-pack/metricbeat/module/prometheus/remote_write.(*histogramAssembler).ingest
         0     0% 63.38%      0.93s 11.06%  github.com/elastic/beats/v7/x-pack/metricbeat/module/prometheus/remote_write.(*remoteWriteTypedGenerator).CheckCapacity
         0     0% 63.38%      1.11s 13.20%  github.com/elastic/beats/v7/x-pack/metricbeat/module/prometheus/remote_write.(*remoteWriteTypedGenerator).FlushExpired
         0     0% 63.38%     -0.04s  0.48%  github.com/elastic/beats/v7/x-pack/metricbeat/module/prometheus/remote_write.BenchmarkHistogramAssemblyPipeline.func4
         0     0% 63.38%      1.15s 13.67%  github.com/elastic/beats/v7/x-pack/metricbeat/module/prometheus/remote_write.BenchmarkHistogramAssemblyPipeline.func5.1
         0     0% 63.38%     -0.04s  0.48%  github.com/elastic/beats/v7/x-pack/metricbeat/module/prometheus/remote_write.benchmarkHistogramSamples
         0     0% 63.38%      0.09s  1.07%  github.com/elastic/beats/v7/x-pack/metricbeat/module/prometheus/remote_write.histogramBucketsInOrder
         0     0% 63.38%      0.66s  7.85%  github.com/elastic/beats/v7/x-pack/metricbeat/module/prometheus/remote_write.histogramIdentityFromParts
         0     0% 63.38%      0.03s  0.36%  github.com/elastic/beats/v7/x-pack/metricbeat/module/prometheus/remote_write.parseLEUpperBound
         0     0% 63.38%      0.04s  0.48%  internal/runtime/maps.(*table).rehash
         0     0% 63.38%      0.06s  0.71%  internal/runtime/maps.NewEmptyMap (inline)
         0     0% 63.38%      0.07s  0.83%  internal/runtime/maps.NewMap
         0     0% 63.38%     -0.03s  0.36%  internal/runtime/maps.ctrlGroup.matchEmpty (inline)
         0     0% 63.38%      0.12s  1.43%  internal/runtime/maps.newGroups (inline)
         0     0% 63.38%      0.03s  0.36%  internal/strconv.ParseFloat
         0     0% 63.38%      0.03s  0.36%  internal/strconv.parseFloatPrefix
         0     0% 63.38%     -0.05s  0.59%  reflect.mapIterStart
         0     0% 63.38%      0.44s  5.23%  runtime.(*gcControllerState).enlistWorker
         0     0% 63.38%      0.04s  0.48%  runtime.(*mcentral).cacheSpan
         0     0% 63.38%      1.68s 19.98%  runtime.(*mheap).alloc.func1
         0     0% 63.38%      1.67s 19.86%  runtime.(*mheap).allocSpan
         0     0% 63.38%      0.04s  0.48%  runtime.(*mheap).freeSpan (inline)
         0     0% 63.38%      0.06s  0.71%  runtime.(*pageAlloc).scavenge.func1
         0     0% 63.38%      0.06s  0.71%  runtime.(*pageAlloc).scavengeOne
         0     0% 63.38%      0.04s  0.48%  runtime.(*sweepLocked).sweep.(*mheap).freeSpan.func2
         0     0% 63.38%      1.05s 12.49%  runtime.findRunnable
         0     0% 63.38%      0.06s  0.71%  runtime.forEachPInternal
         0     0% 63.38%      0.62s  7.37%  runtime.gcBgMarkWorker
         0     0% 63.38%      1.06s 12.60%  runtime.gcBgMarkWorker.func2
         0     0% 63.38%      1.06s 12.60%  runtime.gcDrain
         0     0% 63.38%      0.86s 10.23%  runtime.gcDrainMarkWorkerDedicated (inline)
         0     0% 63.38%      0.20s  2.38%  runtime.gcDrainMarkWorkerIdle (inline)
         0     0% 63.38%      0.04s  0.48%  runtime.gcMarkTermination.forEachP.func7
         0     0% 63.38%      0.40s  4.76%  runtime.gcStart.func4
         0     0% 63.38%      0.03s  0.36%  runtime.gcTrigger.test
         0     0% 63.38%      0.03s  0.36%  runtime.gcstopm
         0     0% 63.38%      0.22s  2.62%  runtime.gopreempt_m (inline)
         0     0% 63.38%      0.25s  2.97%  runtime.goschedImpl
         0     0% 63.38%      0.03s  0.36%  runtime.gosched_m
         0     0% 63.38%      0.42s  4.99%  runtime.lock (partial-inline)
         0     0% 63.38%      0.42s  4.99%  runtime.lock2
         0     0% 63.38%      0.42s  4.99%  runtime.lockWithRank (inline)
         0     0% 63.38%      0.71s  8.44%  runtime.mPark (inline)
         0     0% 63.38%      0.07s  0.83%  runtime.makemap
         0     0% 63.38%      0.06s  0.71%  runtime.makemap_small
         0     0% 63.38%      0.03s  0.36%  runtime.makeslice
         0     0% 63.38%      0.03s  0.36%  runtime.mapIterNext
         0     0% 63.38%      0.14s  1.66%  runtime.mapIterStart
         0     0% 63.38%      0.04s  0.48%  runtime.mapaccess1_faststr
         0     0% 63.38%      0.05s  0.59%  runtime.markroot.func1
         0     0% 63.38%      0.03s  0.36%  runtime.markrootBlock
         0     0% 63.38%      1.04s 12.37%  runtime.mcall
         0     0% 63.38%      0.24s  2.85%  runtime.morestack
         0     0% 63.38%      0.29s  3.45%  runtime.netpoll
         0     0% 63.38%      0.09s  1.07%  runtime.newobject (partial-inline)
         0     0% 63.38%      0.24s  2.85%  runtime.newstack
         0     0% 63.38%      0.04s  0.48%  runtime.notetsleep
         0     0% 63.38%      0.04s  0.48%  runtime.notetsleep_internal
         0     0% 63.38%      0.25s  2.97%  runtime.notewakeup
         0     0% 63.38%      0.42s  4.99%  runtime.osyield (inline)
         0     0% 63.38%      1.01s 12.01%  runtime.park_m
         0     0% 63.38%      0.29s  3.45%  runtime.preemptM
         0     0% 63.38%      0.26s  3.09%  runtime.preemptone
         0     0% 63.38%      0.05s  0.59%  runtime.runqgrab
         0     0% 63.38%      0.05s  0.59%  runtime.runqsteal
         0     0% 63.38%      0.46s  5.47%  runtime.scanSpan
         0     0% 63.38%      1.06s 12.60%  runtime.schedule
         0     0% 63.38%      0.74s  8.80%  runtime.semasleep
         0     0% 63.38%      0.26s  3.09%  runtime.semawakeup
         0     0% 63.38%      0.29s  3.45%  runtime.signalM (inline)
         0     0% 63.38%     -0.10s  1.19%  runtime.startTheWorld.func1
         0     0% 63.38%      0.31s  3.69%  runtime.startTheWorldWithSema
         0     0% 63.38%      0.24s  2.85%  runtime.startm
         0     0% 63.38%      0.06s  0.71%  runtime.stealWork
         0     0% 63.38%      0.75s  8.92%  runtime.stopm
         0     0% 63.38%      0.03s  0.36%  runtime.suspendG
         0     0% 63.38%      0.06s  0.71%  runtime.sysUnused (inline)
         0     0% 63.38%      0.06s  0.71%  runtime.sysUnusedOS (inline)
         0     0% 63.38%      1.67s 19.86%  runtime.sysUsed (inline)
         0     0% 63.38%      1.67s 19.86%  runtime.sysUsedOS (inline)
         0     0% 63.38%      3.21s 38.17%  runtime.systemstack
         0     0% 63.38%      0.03s  0.36%  runtime.wbBufFlush
         0     0% 63.38%      0.03s  0.36%  runtime.wbBufFlush.func1
         0     0% 63.38%      0.03s  0.36%  slices.SortFunc[go.shape.[]encoding/json.reflectWithString,go.shape.struct { encoding/json.v reflect.Value; encoding/json.ks string }] (inline)
         0     0% 63.38%      0.03s  0.36%  slices.pdqsortCmpFunc[go.shape.struct { encoding/json.v reflect.Value; encoding/json.ks string }]
         0     0% 63.38%      0.06s  0.71%  sort.Slice
         0     0% 63.38%      0.05s  0.59%  sort.pdqsort_func
         0     0% 63.38%      0.03s  0.36%  strconv.ParseFloat
         0     0% 63.38%      1.15s 13.67%  testing.(*B).launch
         0     0% 63.38%      1.15s 13.67%  testing.(*B).runN
         0     0% 63.38%      0.12s  1.43%  time.Now
         0     0% 63.38%      0.23s  2.73%  time.Time.Format
         0     0% 63.38%      0.23s  2.73%  time.Time.String
         0     0% 63.38%      0.11s  1.31%  time.now
