[
	{
		"RootFields": {},
		"ModuleFields": null,
		"MetricSetFields": {
			"client": {
				"request": {
					"count": 189
				}
			},
			"code": "200",
			"host": "172.18.0.2:6443",
			"method": "PUT"
		},
		"Index": "",
		"ID": "",
		"Namespace": "",
		"Timestamp": "0001-01-01T00:00:00Z",
		"Error": null,
		"Host": "",
		"Service": "",
		"Took": 0,
		"Period": 0,
		"DisableTimeSeries": false
	},
	{
		"RootFields": {},
		"ModuleFields": null,
		"MetricSetFields": {
			"process": {
				"cpu": {
					"sec": 3
				},
				"fds": {
					"max": {
						"count": 1048576
					},
					"open": {
						"count": 10
					}
				},
				"memory": {
					"resident": {
						"bytes": 45465600
					},
					"virtual": {
						"bytes": 787210240
					}
				},
				"started": {
					"sec": 1698752384.42
				}
			},
			"scheduling": {
				"preemption": {
					"attempts": {
						"count": 3
					},
					"victims": {
						"bucket": {
							"+Inf": 0,
							"1": 0,
							"16": 0,
							"2": 0,
							"32": 0,
							"4": 0,
							"64": 0,
							"8": 0
						},
						"count": 0,
						"sum": 0
					}
				}
			}
		},
		"Index": "",
		"ID": "",
		"Namespace": "",
		"Timestamp": "0001-01-01T00:00:00Z",
		"Error": null,
		"Host": "",
		"Service": "",
		"Took": 0,
		"Period": 0,
		"DisableTimeSeries": false
	},
	{
		"RootFields": {},
		"ModuleFields": null,
		"MetricSetFields": {
			"client": {
				"request": {
					"count": 3
				}
			},
			"code": "200",
			"host": "172.18.0.2:6443",
			"method": "PATCH"
		},
		"Index": "",
		"ID": "",
		"Namespace": "",
		"Timestamp": "0001-01-01T00:00:00Z",
		"Error": null,
		"Host": "",
		"Service": "",
		"Took": 0,
		"Period": 0,
		"DisableTimeSeries": false
	},
	{
		"RootFields": {},
		"ModuleFields": null,
		"MetricSetFields": {
			"client": {
				"request": {
					"count": 1
				}
			},
			"code": "404",
			"host": "172.18.0.2:6443",
			"method": "GET"
		},
		"Index": "",
		"ID": "",
		"Namespace": "",
		"Timestamp": "0001-01-01T00:00:00Z",
		"Error": null,
		"Host": "",
		"Service": "",
		"Took": 0,
		"Period": 0,
		"DisableTimeSeries": false
	},
	{
		"RootFields": {},
		"ModuleFields": null,
		"MetricSetFields": {
			"client": {
				"request": {
					"duration": {
						"us": {
							"bucket": {
								"+Inf": 237,
								"100000": 236,
								"1000000": 236,
								"15000000": 237,
								"2000000": 236,
								"25000": 236,
								"250000": 236,
								"30000000": 237,
								"4000000": 237,
								"5000": 226,
								"500000": 236,
								"60000000": 237,
								"8000000": 237
							},
							"count": 237,
							"sum": 4451666.564999999
						}
					},
					"size": {
						"bytes": {
							"bucket": {
								"+Inf": 237,
								"1024": 237,
								"1048576": 237,
								"16384": 237,
								"16777216": 237,
								"256": 237,
								"262144": 237,
								"4096": 237,
								"4194304": 237,
								"512": 237,
								"64": 237,
								"65536": 237
							},
							"count": 237,
							"sum": 0
						}
					}
				},
				"response": {
					"size": {
						"bytes": {
							"bucket": {
								"+Inf": 237,
								"1024": 233,
								"1048576": 237,
								"16384": 237,
								"16777216": 237,
								"256": 35,
								"262144": 237,
								"4096": 236,
								"4194304": 237,
								"512": 231,
								"64": 9,
								"65536": 237
							},
							"count": 237,
							"sum": 103711
						}
					}
				}
			},
			"host": "172.18.0.2:6443",
			"verb": "GET"
		},
		"Index": "",
		"ID": "",
		"Namespace": "",
		"Timestamp": "0001-01-01T00:00:00Z",
		"Error": null,
		"Host": "",
		"Service": "",
		"Took": 0,
		"Period": 0,
		"DisableTimeSeries": false
	},
	{
		"RootFields": {},
		"ModuleFields": null,
		"MetricSetFields": {
			"client": {
				"request": {
					"count": 21
				}
			},
			"code": "201",
			"host": "172.18.0.2:6443",
			"method": "POST"
		},
		"Index": "",
		"ID": "",
		"Namespace": "",
		"Timestamp": "0001-01-01T00:00:00Z",
		"Error": null,
		"Host": "",
		"Service": "",
		"Took": 0,
		"Period": 0,
		"DisableTimeSeries": false
	},
	{
		"RootFields": {},
		"ModuleFields": null,
		"MetricSetFields": {
			"profile": "default-scheduler",
			"result": "unschedulable",
			"scheduling": {
				"attempts": {
					"duration": {
						"us": {
							"bucket": {
								"+Inf": 3,
								"1000": 3,
								"1024000": 3,
								"128000": 3,
								"16000": 3,
								"16384000": 3,
								"2000": 3,
								"2048000": 3,
								"256000": 3,
								"32000": 3,
								"4000": 3,
								"4096000": 3,
								"512000": 3,
								"64000": 3,
								"8000": 3,
								"8192000": 3
							},
							"count": 3,
							"sum": 606.865
						}
					}
				}
			}
		},
		"Index": "",
		"ID": "",
		"Namespace": "",
		"Timestamp": "0001-01-01T00:00:00Z",
		"Error": null,
		"Host": "",
		"Service": "",
		"Took": 0,
		"Period": 0,
		"DisableTimeSeries": false
	},
	{
		"RootFields": {},
		"ModuleFields": null,
		"MetricSetFields": {
			"name": "DynamicServingCertificateController",
			"workqueue": {
				"adds": {
					"count": 8
				},
				"depth": {
					"count": 0
				},
				"longestrunning": {
					"sec": 0
				},
				"retries": {
					"count": 0
				},
				"unfinished": {
					"sec": 0
				}
			}
		},
		"Index": "",
		"ID": "",
		"Namespace": "",
		"Timestamp": "0001-01-01T00:00:00Z",
		"Error": null,
		"Host": "",
		"Service": "",
		"Took": 0,
		"Period": 0,
		"DisableTimeSeries": false
	},
	{
		"RootFields": {},
		"ModuleFields": null,
		"MetricSetFields": {
			"profile": "default-scheduler",
			"result": "scheduled",
			"scheduling": {
				"attempts": {
					"duration": {
						"us": {
							"bucket": {
								"+Inf": 7,
								"1000": 0,
								"1024000": 7,
								"128000": 7,
								"16000": 7,
								"16384000": 7,
								"2000": 0,
								"2048000": 7,
								"256000": 7,
								"32000": 7,
								"4000": 0,
								"4096000": 7,
								"512000": 7,
								"64000": 7,
								"8000": 3,
								"8192000": 7
							},
							"count": 7,
							"sum": 67800.619
						}
					}
				}
			}
		},
		"Index": "",
		"ID": "",
		"Namespace": "",
		"Timestamp": "0001-01-01T00:00:00Z",
		"Error": null,
		"Host": "",
		"Service": "",
		"Took": 0,
		"Period": 0,
		"DisableTimeSeries": false
	},
	{
		"RootFields": {},
		"ModuleFields": null,
		"MetricSetFields": {
			"queue": "gated",
			"scheduling": {
				"pending": {
					"pods": {
						"count": 0
					}
				}
			}
		},
		"Index": "",
		"ID": "",
		"Namespace": "",
		"Timestamp": "0001-01-01T00:00:00Z",
		"Error": null,
		"Host": "",
		"Service": "",
		"Took": 0,
		"Period": 0,
		"DisableTimeSeries": false
	},
	{
		"RootFields": {},
		"ModuleFields": null,
		"MetricSetFields": {
			"client": {
				"request": {
					"duration": {
						"us": {
							"bucket": {
								"+Inf": 21,
								"100000": 21,
								"1000000": 21,
								"15000000": 21,
								"2000000": 21,
								"25000": 21,
								"250000": 21,
								"30000000": 21,
								"4000000": 21,
								"5000": 5,
								"500000": 21,
								"60000000": 21,
								"8000000": 21
							},
							"count": 21,
							"sum": 146836.43499999997
						}
					},
					"size": {
						"bytes": {
							"bucket": {
								"+Inf": 21,
								"1024": 20,
								"1048576": 21,
								"16384": 21,
								"16777216": 21,
								"256": 8,
								"262144": 21,
								"4096": 21,
								"4194304": 21,
								"512": 19,
								"64": 0,
								"65536": 21
							},
							"count": 21,
							"sum": 7220
						}
					}
				},
				"response": {
					"size": {
						"bytes": {
							"bucket": {
								"+Inf": 21,
								"1024": 19,
								"1048576": 21,
								"16384": 21,
								"16777216": 21,
								"256": 7,
								"262144": 21,
								"4096": 21,
								"4194304": 21,
								"512": 8,
								"64": 7,
								"65536": 21
							},
							"count": 21,
							"sum": 11028
						}
					}
				}
			},
			"host": "172.18.0.2:6443",
			"verb": "POST"
		},
		"Index": "",
		"ID": "",
		"Namespace": "",
		"Timestamp": "0001-01-01T00:00:00Z",
		"Error": null,
		"Host": "",
		"Service": "",
		"Took": 0,
		"Period": 0,
		"DisableTimeSeries": false
	},
	{
		"RootFields": {},
		"ModuleFields": null,
		"MetricSetFields": {
			"leader": {
				"is_master": true
			},
			"name": "kube-scheduler"
		},
		"Index": "",
		"ID": "",
		"Namespace": "",
		"Timestamp": "0001-01-01T00:00:00Z",
		"Error": null,
		"Host": "",
		"Service": "",
		"Took": 0,
		"Period": 0,
		"DisableTimeSeries": false
	},
	{
		"RootFields": {},
		"ModuleFields": null,
		"MetricSetFields": {
			"queue": "unschedulable",
			"scheduling": {
				"pending": {
					"pods": {
						"count": 0
					}
				}
			}
		},
		"Index": "",
		"ID": "",
		"Namespace": "",
		"Timestamp": "0001-01-01T00:00:00Z",
		"Error": null,
		"Host": "",
		"Service": "",
		"Took": 0,
		"Period": 0,
		"DisableTimeSeries": false
	},
	{
		"RootFields": {},
		"ModuleFields": null,
		"MetricSetFields": {
			"name": "RequestHeaderAuthRequestController",
			"workqueue": {
				"adds": {
					"count": 0
				},
				"depth": {
					"count": 0
				},
				"longestrunning": {
					"sec": 0
				},
				"retries": {
					"count": 0
				},
				"unfinished": {
					"sec": 0
				}
			}
		},
		"Index": "",
		"ID": "",
		"Namespace": "",
		"Timestamp": "0001-01-01T00:00:00Z",
		"Error": null,
		"Host": "",
		"Service": "",
		"Took": 0,
		"Period": 0,
		"DisableTimeSeries": false
	},
	{
		"RootFields": {},
		"ModuleFields": null,
		"MetricSetFields": {
			"client": {
				"request": {
					"duration": {
						"us": {
							"bucket": {
								"+Inf": 189,
								"100000": 186,
								"1000000": 189,
								"15000000": 189,
								"2000000": 189,
								"25000": 182,
								"250000": 189,
								"30000000": 189,
								"4000000": 189,
								"5000": 27,
								"500000": 189,
								"60000000": 189,
								"8000000": 189
							},
							"count": 189,
							"sum": 2021037.9790000007
						}
					},
					"size": {
						"bytes": {
							"bucket": {
								"+Inf": 189,
								"1024": 189,
								"1048576": 189,
								"16384": 189,
								"16777216": 189,
								"256": 0,
								"262144": 189,
								"4096": 189,
								"4194304": 189,
								"512": 189,
								"64": 0,
								"65536": 189
							},
							"count": 189,
							"sum": 80519
						}
					}
				},
				"response": {
					"size": {
						"bytes": {
							"bucket": {
								"+Inf": 189,
								"1024": 189,
								"1048576": 189,
								"16384": 189,
								"16777216": 189,
								"256": 0,
								"262144": 189,
								"4096": 189,
								"4194304": 189,
								"512": 189,
								"64": 0,
								"65536": 189
							},
							"count": 189,
							"sum": 80520
						}
					}
				}
			},
			"host": "172.18.0.2:6443",
			"verb": "PUT"
		},
		"Index": "",
		"ID": "",
		"Namespace": "",
		"Timestamp": "0001-01-01T00:00:00Z",
		"Error": null,
		"Host": "",
		"Service": "",
		"Took": 0,
		"Period": 0,
		"DisableTimeSeries": false
	},
	{
		"RootFields": {},
		"ModuleFields": null,
		"MetricSetFields": {
			"name": "DynamicConfigMapCABundle-client-ca",
			"workqueue": {
				"adds": {
					"count": 8
				},
				"depth": {
					"count": 0
				},
				"longestrunning": {
					"sec": 0
				},
				"retries": {
					"count": 0
				},
				"unfinished": {
					"sec": 0
				}
			}
		},
		"Index": "",
		"ID": "",
		"Namespace": "",
		"Timestamp": "0001-01-01T00:00:00Z",
		"Error": null,
		"Host": "",
		"Service": "",
		"Took": 0,
		"Period": 0,
		"DisableTimeSeries": false
	},
	{
		"RootFields": {},
		"ModuleFields": null,
		"MetricSetFields": {
			"queue": "backoff",
			"scheduling": {
				"pending": {
					"pods": {
						"count": 0
					}
				}
			}
		},
		"Index": "",
		"ID": "",
		"Namespace": "",
		"Timestamp": "0001-01-01T00:00:00Z",
		"Error": null,
		"Host": "",
		"Service": "",
		"Took": 0,
		"Period": 0,
		"DisableTimeSeries": false
	},
	{
		"RootFields": {},
		"ModuleFields": null,
		"MetricSetFields": {
			"client": {
				"request": {
					"count": 32
				}
			},
			"code": "403",
			"host": "172.18.0.2:6443",
			"method": "GET"
		},
		"Index": "",
		"ID": "",
		"Namespace": "",
		"Timestamp": "0001-01-01T00:00:00Z",
		"Error": null,
		"Host": "",
		"Service": "",
		"Took": 0,
		"Period": 0,
		"DisableTimeSeries": false
	},
	{
		"RootFields": {},
		"ModuleFields": null,
		"MetricSetFields": {
			"queue": "active",
			"scheduling": {
				"pending": {
					"pods": {
						"count": 0
					}
				}
			}
		},
		"Index": "",
		"ID": "",
		"Namespace": "",
		"Timestamp": "0001-01-01T00:00:00Z",
		"Error": null,
		"Host": "",
		"Service": "",
		"Took": 0,
		"Period": 0,
		"DisableTimeSeries": false
	},
	{
		"RootFields": {},
		"ModuleFields": null,
		"MetricSetFields": {
			"client": {
				"request": {
					"count": 224
				}
			},
			"code": "200",
			"host": "172.18.0.2:6443",
			"method": "GET"
		},
		"Index": "",
		"ID": "",
		"Namespace": "",
		"Timestamp": "0001-01-01T00:00:00Z",
		"Error": null,
		"Host": "",
		"Service": "",
		"Took": 0,
		"Period": 0,
		"DisableTimeSeries": false
	},
	{
		"RootFields": {},
		"ModuleFields": null,
		"MetricSetFields": {
			"client": {
				"request": {
					"duration": {
						"us": {
							"bucket": {
								"+Inf": 3,
								"100000": 3,
								"1000000": 3,
								"15000000": 3,
								"2000000": 3,
								"25000": 3,
								"250000": 3,
								"30000000": 3,
								"4000000": 3,
								"5000": 0,
								"500000": 3,
								"60000000": 3,
								"8000000": 3
							},
							"count": 3,
							"sum": 45567.53399999999
						}
					},
					"size": {
						"bytes": {
							"bucket": {
								"+Inf": 3,
								"1024": 3,
								"1048576": 3,
								"16384": 3,
								"16777216": 3,
								"256": 0,
								"262144": 3,
								"4096": 3,
								"4194304": 3,
								"512": 3,
								"64": 0,
								"65536": 3
							},
							"count": 3,
							"sum": 1029
						}
					}
				},
				"response": {
					"size": {
						"bytes": {
							"bucket": {
								"+Inf": 3,
								"1024": 0,
								"1048576": 3,
								"16384": 3,
								"16777216": 3,
								"256": 0,
								"262144": 3,
								"4096": 3,
								"4194304": 3,
								"512": 0,
								"64": 0,
								"65536": 3
							},
							"count": 3,
							"sum": 10810
						}
					}
				}
			},
			"host": "172.18.0.2:6443",
			"verb": "PATCH"
		},
		"Index": "",
		"ID": "",
		"Namespace": "",
		"Timestamp": "0001-01-01T00:00:00Z",
		"Error": null,
		"Host": "",
		"Service": "",
		"Took": 0,
		"Period": 0,
		"DisableTimeSeries": false
	}
]