[
	{
		"RootFields": {},
		"ModuleFields": null,
		"MetricSetFields": {
			"profile": "default-scheduler",
			"result": "unschedulable",
			"scheduling": {
				"attempts": {
					"duration": {
						"us": {
							"bucket": {
								"+Inf": 3,
								"1000": 3,
								"1024000": 3,
								"128000": 3,
								"16000": 3,
								"16384000": 3,
								"2000": 3,
								"2048000": 3,
								"256000": 3,
								"32000": 3,
								"4000": 3,
								"4096000": 3,
								"512000": 3,
								"64000": 3,
								"8000": 3,
								"8192000": 3
							},
							"count": 3,
							"sum": 403.655
						}
					}
				}
			}
		},
		"Index": "",
		"ID": "",
		"Namespace": "",
		"Timestamp": "0001-01-01T00:00:00Z",
		"Error": null,
		"Host": "",
		"Service": "",
		"Took": 0,
		"Period": 0,
		"DisableTimeSeries": false
	},
	{
		"RootFields": {},
		"ModuleFields": null,
		"MetricSetFields": {
			"client": {
				"request": {
					"duration": {
						"us": {
							"bucket": {
								"+Inf": 1350,
								"100000": 1350,
								"1000000": 1350,
								"15000000": 1350,
								"2000000": 1350,
								"25000": 1350,
								"250000": 1350,
								"30000000": 1350,
								"4000000": 1350,
								"5000": 1289,
								"500000": 1350,
								"60000000": 1350,
								"8000000": 1350
							},
							"count": 1350,
							"sum": 4774056.504999995
						}
					},
					"size": {
						"bytes": {
							"bucket": {
								"+Inf": 1350,
								"1024": 1350,
								"1048576": 1350,
								"16384": 1350,
								"16777216": 1350,
								"256": 0,
								"262144": 1350,
								"4096": 1350,
								"4194304": 1350,
								"512": 1350,
								"64": 0,
								"65536": 1350
							},
							"count": 1350,
							"sum": 574521
						}
					}
				},
				"response": {
					"size": {
						"bytes": {
							"bucket": {
								"+Inf": 1350,
								"1024": 1350,
								"1048576": 1350,
								"16384": 1350,
								"16777216": 1350,
								"256": 0,
								"262144": 1350,
								"4096": 1350,
								"4194304": 1350,
								"512": 1350,
								"64": 0,
								"65536": 1350
							},
							"count": 1350,
							"sum": 574522
						}
					}
				}
			},
			"host": "172.18.0.2:6443",
			"verb": "PUT"
		},
		"Index": "",
		"ID": "",
		"Namespace": "",
		"Timestamp": "0001-01-01T00:00:00Z",
		"Error": null,
		"Host": "",
		"Service": "",
		"Took": 0,
		"Period": 0,
		"DisableTimeSeries": false
	},
	{
		"RootFields": {},
		"ModuleFields": null,
		"MetricSetFields": {
			"client": {
				"request": {
					"duration": {
						"us": {
							"bucket": {
								"+Inf": 255,
								"100000": 255,
								"1000000": 255,
								"15000000": 255,
								"2000000": 255,
								"25000": 255,
								"250000": 255,
								"30000000": 255,
								"4000000": 255,
								"5000": 242,
								"500000": 255,
								"60000000": 255,
								"8000000": 255
							},
							"count": 255,
							"sum": 653478.0260000001
						}
					},
					"size": {
						"bytes": {
							"bucket": {
								"+Inf": 255,
								"1024": 136,
								"1048576": 255,
								"16384": 255,
								"16777216": 255,
								"256": 7,
								"262144": 255,
								"4096": 255,
								"4194304": 255,
								"512": 17,
								"64": 0,
								"65536": 255
							},
							"count": 255,
							"sum": 208805
						}
					}
				},
				"response": {
					"size": {
						"bytes": {
							"bucket": {
								"+Inf": 255,
								"1024": 17,
								"1048576": 255,
								"16384": 255,
								"16777216": 255,
								"256": 6,
								"262144": 255,
								"4096": 255,
								"4194304": 255,
								"512": 7,
								"64": 6,
								"65536": 255
							},
							"count": 255,
							"sum": 348458
						}
					}
				}
			},
			"host": "172.18.0.2:6443",
			"verb": "POST"
		},
		"Index": "",
		"ID": "",
		"Namespace": "",
		"Timestamp": "0001-01-01T00:00:00Z",
		"Error": null,
		"Host": "",
		"Service": "",
		"Took": 0,
		"Period": 0,
		"DisableTimeSeries": false
	},
	{
		"RootFields": {},
		"ModuleFields": null,
		"MetricSetFields": {
			"client": {
				"request": {
					"count": 3
				}
			},
			"code": "200",
			"host": "172.18.0.2:6443",
			"method": "PATCH"
		},
		"Index": "",
		"ID": "",
		"Namespace": "",
		"Timestamp": "0001-01-01T00:00:00Z",
		"Error": null,
		"Host": "",
		"Service": "",
		"Took": 0,
		"Period": 0,
		"DisableTimeSeries": false
	},
	{
		"RootFields": {},
		"ModuleFields": null,
		"MetricSetFields": {
			"client": {
				"request": {
					"count": 1
				}
			},
			"code": "404",
			"host": "172.18.0.2:6443",
			"method": "GET"
		},
		"Index": "",
		"ID": "",
		"Namespace": "",
		"Timestamp": "0001-01-01T00:00:00Z",
		"Error": null,
		"Host": "",
		"Service": "",
		"Took": 0,
		"Period": 0,
		"DisableTimeSeries": false
	},
	{
		"RootFields": {},
		"ModuleFields": null,
		"MetricSetFields": {
			"client": {
				"request": {
					"count": 1464
				}
			},
			"code": "200",
			"host": "172.18.0.2:6443",
			"method": "GET"
		},
		"Index": "",
		"ID": "",
		"Namespace": "",
		"Timestamp": "0001-01-01T00:00:00Z",
		"Error": null,
		"Host": "",
		"Service": "",
		"Took": 0,
		"Period": 0,
		"DisableTimeSeries": false
	},
	{
		"RootFields": {},
		"ModuleFields": null,
		"MetricSetFields": {
			"client": {
				"request": {
					"count": 255
				}
			},
			"code": "201",
			"host": "172.18.0.2:6443",
			"method": "POST"
		},
		"Index": "",
		"ID": "",
		"Namespace": "",
		"Timestamp": "0001-01-01T00:00:00Z",
		"Error": null,
		"Host": "",
		"Service": "",
		"Took": 0,
		"Period": 0,
		"DisableTimeSeries": false
	},
	{
		"RootFields": {},
		"ModuleFields": null,
		"MetricSetFields": {
			"process": {
				"cpu": {
					"sec": 17
				},
				"fds": {
					"max": {
						"count": 1048576
					},
					"open": {
						"count": 13
					}
				},
				"memory": {
					"resident": {
						"bytes": 62873600
					},
					"virtual": {
						"bytes": 779169792
					}
				},
				"started": {
					"sec": 1671725505.95
				}
			},
			"scheduling": {
				"preemption": {
					"attempts": {
						"count": 3
					},
					"victims": {
						"bucket": {
							"+Inf": 0,
							"10": 0,
							"15": 0,
							"20": 0,
							"25": 0,
							"30": 0,
							"35": 0,
							"40": 0,
							"45": 0,
							"5": 0,
							"50": 0
						},
						"count": 0,
						"sum": 0
					}
				}
			}
		},
		"Index": "",
		"ID": "",
		"Namespace": "",
		"Timestamp": "0001-01-01T00:00:00Z",
		"Error": null,
		"Host": "",
		"Service": "",
		"Took": 0,
		"Period": 0,
		"DisableTimeSeries": false
	},
	{
		"RootFields": {},
		"ModuleFields": null,
		"MetricSetFields": {
			"queue": "unschedulable",
			"scheduling": {
				"pending": {
					"pods": {
						"count": 0
					}
				}
			}
		},
		"Index": "",
		"ID": "",
		"Namespace": "",
		"Timestamp": "0001-01-01T00:00:00Z",
		"Error": null,
		"Host": "",
		"Service": "",
		"Took": 0,
		"Period": 0,
		"DisableTimeSeries": false
	},
	{
		"RootFields": {},
		"ModuleFields": null,
		"MetricSetFields": {
			"client": {
				"request": {
					"count": 27
				}
			},
			"code": "403",
			"host": "172.18.0.2:6443",
			"method": "GET"
		},
		"Index": "",
		"ID": "",
		"Namespace": "",
		"Timestamp": "0001-01-01T00:00:00Z",
		"Error": null,
		"Host": "",
		"Service": "",
		"Took": 0,
		"Period": 0,
		"DisableTimeSeries": false
	},
	{
		"RootFields": {},
		"ModuleFields": null,
		"MetricSetFields": {
			"leader": {
				"is_master": true
			},
			"name": "kube-scheduler"
		},
		"Index": "",
		"ID": "",
		"Namespace": "",
		"Timestamp": "0001-01-01T00:00:00Z",
		"Error": null,
		"Host": "",
		"Service": "",
		"Took": 0,
		"Period": 0,
		"DisableTimeSeries": false
	},
	{
		"RootFields": {},
		"ModuleFields": null,
		"MetricSetFields": {
			"name": "RequestHeaderAuthRequestController",
			"workqueue": {
				"adds": {
					"count": 0
				},
				"depth": {
					"count": 0
				},
				"longestrunning": {
					"sec": 0
				},
				"retries": {
					"count": 0
				},
				"unfinished": {
					"sec": 0
				}
			}
		},
		"Index": "",
		"ID": "",
		"Namespace": "",
		"Timestamp": "0001-01-01T00:00:00Z",
		"Error": null,
		"Host": "",
		"Service": "",
		"Took": 0,
		"Period": 0,
		"DisableTimeSeries": false
	},
	{
		"RootFields": {},
		"ModuleFields": null,
		"MetricSetFields": {
			"queue": "backoff",
			"scheduling": {
				"pending": {
					"pods": {
						"count": 0
					}
				}
			}
		},
		"Index": "",
		"ID": "",
		"Namespace": "",
		"Timestamp": "0001-01-01T00:00:00Z",
		"Error": null,
		"Host": "",
		"Service": "",
		"Took": 0,
		"Period": 0,
		"DisableTimeSeries": false
	},
	{
		"RootFields": {},
		"ModuleFields": null,
		"MetricSetFields": {
			"profile": "default-scheduler",
			"result": "scheduled",
			"scheduling": {
				"attempts": {
					"duration": {
						"us": {
							"bucket": {
								"+Inf": 6,
								"1000": 0,
								"1024000": 6,
								"128000": 6,
								"16000": 6,
								"16384000": 6,
								"2000": 0,
								"2048000": 6,
								"256000": 6,
								"32000": 6,
								"4000": 0,
								"4096000": 6,
								"512000": 6,
								"64000": 6,
								"8000": 5,
								"8192000": 6
							},
							"count": 6,
							"sum": 36963.698000000004
						}
					}
				}
			}
		},
		"Index": "",
		"ID": "",
		"Namespace": "",
		"Timestamp": "0001-01-01T00:00:00Z",
		"Error": null,
		"Host": "",
		"Service": "",
		"Took": 0,
		"Period": 0,
		"DisableTimeSeries": false
	},
	{
		"RootFields": {},
		"ModuleFields": null,
		"MetricSetFields": {
			"client": {
				"request": {
					"count": 1350
				}
			},
			"code": "200",
			"host": "172.18.0.2:6443",
			"method": "PUT"
		},
		"Index": "",
		"ID": "",
		"Namespace": "",
		"Timestamp": "0001-01-01T00:00:00Z",
		"Error": null,
		"Host": "",
		"Service": "",
		"Took": 0,
		"Period": 0,
		"DisableTimeSeries": false
	},
	{
		"RootFields": {},
		"ModuleFields": null,
		"MetricSetFields": {
			"client": {
				"request": {
					"duration": {
						"us": {
							"bucket": {
								"+Inf": 1393,
								"100000": 1392,
								"1000000": 1392,
								"15000000": 1393,
								"2000000": 1392,
								"25000": 1392,
								"250000": 1392,
								"30000000": 1393,
								"4000000": 1392,
								"5000": 1368,
								"500000": 1392,
								"60000000": 1393,
								"8000000": 1393
							},
							"count": 1393,
							"sum": 9186328.12299999
						}
					},
					"size": {
						"bytes": {
							"bucket": {
								"+Inf": 1393,
								"1024": 1393,
								"1048576": 1393,
								"16384": 1393,
								"16777216": 1393,
								"256": 1393,
								"262144": 1393,
								"4096": 1393,
								"4194304": 1393,
								"512": 1393,
								"64": 1393,
								"65536": 1393
							},
							"count": 1393,
							"sum": 0
						}
					}
				},
				"response": {
					"size": {
						"bytes": {
							"bucket": {
								"+Inf": 1393,
								"1024": 1389,
								"1048576": 1393,
								"16384": 1392,
								"16777216": 1393,
								"256": 31,
								"262144": 1393,
								"4096": 1392,
								"4194304": 1393,
								"512": 1388,
								"64": 10,
								"65536": 1393
							},
							"count": 1393,
							"sum": 609699
						}
					}
				}
			},
			"host": "172.18.0.2:6443",
			"verb": "GET"
		},
		"Index": "",
		"ID": "",
		"Namespace": "",
		"Timestamp": "0001-01-01T00:00:00Z",
		"Error": null,
		"Host": "",
		"Service": "",
		"Took": 0,
		"Period": 0,
		"DisableTimeSeries": false
	},
	{
		"RootFields": {},
		"ModuleFields": null,
		"MetricSetFields": {
			"client": {
				"request": {
					"duration": {
						"us": {
							"bucket": {
								"+Inf": 3,
								"100000": 3,
								"1000000": 3,
								"15000000": 3,
								"2000000": 3,
								"25000": 3,
								"250000": 3,
								"30000000": 3,
								"4000000": 3,
								"5000": 0,
								"500000": 3,
								"60000000": 3,
								"8000000": 3
							},
							"count": 3,
							"sum": 40375.45
						}
					},
					"size": {
						"bytes": {
							"bucket": {
								"+Inf": 3,
								"1024": 3,
								"1048576": 3,
								"16384": 3,
								"16777216": 3,
								"256": 0,
								"262144": 3,
								"4096": 3,
								"4194304": 3,
								"512": 3,
								"64": 0,
								"65536": 3
							},
							"count": 3,
							"sum": 1026
						}
					}
				},
				"response": {
					"size": {
						"bytes": {
							"bucket": {
								"+Inf": 3,
								"1024": 0,
								"1048576": 3,
								"16384": 3,
								"16777216": 3,
								"256": 0,
								"262144": 3,
								"4096": 3,
								"4194304": 3,
								"512": 0,
								"64": 0,
								"65536": 3
							},
							"count": 3,
							"sum": 10897
						}
					}
				}
			},
			"host": "172.18.0.2:6443",
			"verb": "PATCH"
		},
		"Index": "",
		"ID": "",
		"Namespace": "",
		"Timestamp": "0001-01-01T00:00:00Z",
		"Error": null,
		"Host": "",
		"Service": "",
		"Took": 0,
		"Period": 0,
		"DisableTimeSeries": false
	},
	{
		"RootFields": {},
		"ModuleFields": null,
		"MetricSetFields": {
			"name": "DynamicServingCertificateController",
			"workqueue": {
				"adds": {
					"count": 47
				},
				"depth": {
					"count": 0
				},
				"longestrunning": {
					"sec": 0
				},
				"retries": {
					"count": 0
				},
				"unfinished": {
					"sec": 0
				}
			}
		},
		"Index": "",
		"ID": "",
		"Namespace": "",
		"Timestamp": "0001-01-01T00:00:00Z",
		"Error": null,
		"Host": "",
		"Service": "",
		"Took": 0,
		"Period": 0,
		"DisableTimeSeries": false
	},
	{
		"RootFields": {},
		"ModuleFields": null,
		"MetricSetFields": {
			"name": "DynamicConfigMapCABundle-client-ca",
			"workqueue": {
				"adds": {
					"count": 47
				},
				"depth": {
					"count": 0
				},
				"longestrunning": {
					"sec": 0
				},
				"retries": {
					"count": 0
				},
				"unfinished": {
					"sec": 0
				}
			}
		},
		"Index": "",
		"ID": "",
		"Namespace": "",
		"Timestamp": "0001-01-01T00:00:00Z",
		"Error": null,
		"Host": "",
		"Service": "",
		"Took": 0,
		"Period": 0,
		"DisableTimeSeries": false
	},
	{
		"RootFields": {},
		"ModuleFields": null,
		"MetricSetFields": {
			"queue": "active",
			"scheduling": {
				"pending": {
					"pods": {
						"count": 0
					}
				}
			}
		},
		"Index": "",
		"ID": "",
		"Namespace": "",
		"Timestamp": "0001-01-01T00:00:00Z",
		"Error": null,
		"Host": "",
		"Service": "",
		"Took": 0,
		"Period": 0,
		"DisableTimeSeries": false
	}
]