[
	{
		"RootFields": null,
		"ModuleFields": {
			"namespace": "kube-system"
		},
		"MetricSetFields": {
			"cluster_ip": "10.96.0.10",
			"created": "2024-04-23T08:49:44.000Z",
			"name": "kube-dns",
			"type": "ClusterIP"
		},
		"Index": "",
		"ID": "",
		"Namespace": "kubernetes.service",
		"Timestamp": "0001-01-01T00:00:00Z",
		"Error": null,
		"Host": "",
		"Service": "",
		"Took": 0,
		"Period": 0,
		"DisableTimeSeries": false
	},
	{
		"RootFields": null,
		"ModuleFields": {
			"namespace": "kube-system"
		},
		"MetricSetFields": {
			"cluster_ip": "None",
			"created": "2024-04-23T08:50:43.000Z",
			"name": "kube-state-metrics",
			"type": "ClusterIP"
		},
		"Index": "",
		"ID": "",
		"Namespace": "kubernetes.service",
		"Timestamp": "0001-01-01T00:00:00Z",
		"Error": null,
		"Host": "",
		"Service": "",
		"Took": 0,
		"Period": 0,
		"DisableTimeSeries": false
	},
	{
		"RootFields": null,
		"ModuleFields": {
			"namespace": "default"
		},
		"MetricSetFields": {
			"cluster_ip": "10.96.0.1",
			"created": "2024-04-23T08:49:42.000Z",
			"name": "kubernetes",
			"type": "ClusterIP"
		},
		"Index": "",
		"ID": "",
		"Namespace": "kubernetes.service",
		"Timestamp": "0001-01-01T00:00:00Z",
		"Error": null,
		"Host": "",
		"Service": "",
		"Took": 0,
		"Period": 0,
		"DisableTimeSeries": false
	}
]