[
	{
		"RootFields": null,
		"ModuleFields": {
			"labels": {
				"uid": "e9b08fcb-fb13-463f-8a59-6a1236a666a8"
			},
			"namespace": "kube-system"
		},
		"MetricSetFields": {
			"cluster_ip": "10.96.0.10",
			"created": "2023-01-16T14:32:42.000Z",
			"name": "kube-dns",
			"type": "ClusterIP"
		},
		"Index": "",
		"ID": "",
		"Namespace": "kubernetes.service",
		"Timestamp": "0001-01-01T00:00:00Z",
		"Error": null,
		"Host": "",
		"Service": "",
		"Took": 0,
		"Period": 0,
		"DisableTimeSeries": false
	},
	{
		"RootFields": null,
		"ModuleFields": {
			"labels": {
				"uid": "907c42ab-acde-4ff5-83d5-04be77203b28"
			},
			"namespace": "default"
		},
		"MetricSetFields": {
			"cluster_ip": "10.96.0.1",
			"created": "2023-01-16T14:32:41.000Z",
			"name": "kubernetes",
			"type": "ClusterIP"
		},
		"Index": "",
		"ID": "",
		"Namespace": "kubernetes.service",
		"Timestamp": "0001-01-01T00:00:00Z",
		"Error": null,
		"Host": "",
		"Service": "",
		"Took": 0,
		"Period": 0,
		"DisableTimeSeries": false
	},
	{
		"RootFields": null,
		"ModuleFields": {
			"labels": {
				"uid": "8380ed3c-d057-4a95-8870-2dae63be27c4"
			},
			"namespace": "default"
		},
		"MetricSetFields": {
			"cluster_ip": "None",
			"created": "2023-01-17T15:29:16.000Z",
			"name": "nginx",
			"type": "ClusterIP"
		},
		"Index": "",
		"ID": "",
		"Namespace": "kubernetes.service",
		"Timestamp": "0001-01-01T00:00:00Z",
		"Error": null,
		"Host": "",
		"Service": "",
		"Took": 0,
		"Period": 0,
		"DisableTimeSeries": false
	},
	{
		"RootFields": null,
		"ModuleFields": {
			"labels": {
				"uid": "435df169-ec4f-4a7c-9d06-04d12a89c9d0"
			},
			"namespace": "kube-system"
		},
		"MetricSetFields": {
			"cluster_ip": "None",
			"created": "2023-01-17T15:29:01.000Z",
			"name": "kube-state-metrics",
			"type": "ClusterIP"
		},
		"Index": "",
		"ID": "",
		"Namespace": "kubernetes.service",
		"Timestamp": "0001-01-01T00:00:00Z",
		"Error": null,
		"Host": "",
		"Service": "",
		"Took": 0,
		"Period": 0,
		"DisableTimeSeries": false
	}
]