[
	{
		"RootFields": {},
		"ModuleFields": {
			"labels": {
				"app": "mysql-server"
			},
			"namespace": "default"
		},
		"MetricSetFields": {
			"access_mode": "ReadWriteOnce",
			"name": "mysql-data",
			"phase": "Bound",
			"request_storage": {
				"bytes": 1073741824
			},
			"storage_class": "rbd",
			"volume_name": "pvc-mysql-data"
		},
		"Index": "",
		"ID": "",
		"Namespace": "kubernetes.persistentvolumeclaim",
		"Timestamp": "0001-01-01T00:00:00Z",
		"Error": null,
		"Host": "",
		"Service": "",
		"Took": 0,
		"Period": 0,
		"DisableTimeSeries": false
	},
	{
		"RootFields": {},
		"ModuleFields": {
			"namespace": "default"
		},
		"MetricSetFields": {
			"access_mode": "ReadWriteOnce",
			"name": "prometheus-data",
			"phase": "Pending",
			"storage_class": "rbd",
			"volume_name": "pvc-prometheus-data"
		},
		"Index": "",
		"ID": "",
		"Namespace": "kubernetes.persistentvolumeclaim",
		"Timestamp": "0001-01-01T00:00:00Z",
		"Error": null,
		"Host": "",
		"Service": "",
		"Took": 0,
		"Period": 0,
		"DisableTimeSeries": false
	},
	{
		"RootFields": {},
		"ModuleFields": null,
		"MetricSetFields": {
			"access_mode": "ReadWriteOnce",
			"name": "mongo-data",
			"phase": "Lost",
			"storage_class": "\u003cnone\u003e"
		},
		"Index": "",
		"ID": "",
		"Namespace": "kubernetes.persistentvolumeclaim",
		"Timestamp": "0001-01-01T00:00:00Z",
		"Error": null,
		"Host": "",
		"Service": "",
		"Took": 0,
		"Period": 0,
		"DisableTimeSeries": false
	}
]