[
	{
		"RootFields": {},
		"ModuleFields": null,
		"MetricSetFields": {
			"client": {
				"request": {
					"count": 33
				}
			},
			"code": "404",
			"host": "172.18.0.2:6443",
			"method": "GET"
		},
		"Index": "",
		"ID": "",
		"Namespace": "",
		"Timestamp": "0001-01-01T00:00:00Z",
		"Error": null,
		"Host": "",
		"Service": "",
		"Took": 0,
		"Period": 0,
		"DisableTimeSeries": false
	},
	{
		"RootFields": {},
		"ModuleFields": null,
		"MetricSetFields": {
			"name": "endpoint_slice_mirroring",
			"workqueue": {
				"adds": {
					"count": 6
				},
				"depth": {
					"count": 0
				},
				"longestrunning": {
					"sec": 0
				},
				"retries": {
					"count": 0
				},
				"unfinished": {
					"sec": 0
				}
			}
		},
		"Index": "",
		"ID": "",
		"Namespace": "",
		"Timestamp": "0001-01-01T00:00:00Z",
		"Error": null,
		"Host": "",
		"Service": "",
		"Took": 0,
		"Period": 0,
		"DisableTimeSeries": false
	},
	{
		"RootFields": {},
		"ModuleFields": null,
		"MetricSetFields": {
			"name": "replicaset",
			"workqueue": {
				"adds": {
					"count": 22
				},
				"depth": {
					"count": 0
				},
				"longestrunning": {
					"sec": 0
				},
				"retries": {
					"count": 0
				},
				"unfinished": {
					"sec": 0
				}
			}
		},
		"Index": "",
		"ID": "",
		"Namespace": "",
		"Timestamp": "0001-01-01T00:00:00Z",
		"Error": null,
		"Host": "",
		"Service": "",
		"Took": 0,
		"Period": 0,
		"DisableTimeSeries": false
	},
	{
		"RootFields": {},
		"ModuleFields": null,
		"MetricSetFields": {
			"name": "job",
			"workqueue": {
				"adds": {
					"count": 0
				},
				"depth": {
					"count": 0
				},
				"longestrunning": {
					"sec": 0
				},
				"retries": {
					"count": 0
				},
				"unfinished": {
					"sec": 0
				}
			}
		},
		"Index": "",
		"ID": "",
		"Namespace": "",
		"Timestamp": "0001-01-01T00:00:00Z",
		"Error": null,
		"Host": "",
		"Service": "",
		"Took": 0,
		"Period": 0,
		"DisableTimeSeries": false
	},
	{
		"RootFields": {},
		"ModuleFields": null,
		"MetricSetFields": {
			"client": {
				"request": {
					"count": 2
				}
			},
			"code": "409",
			"host": "172.18.0.2:6443",
			"method": "PUT"
		},
		"Index": "",
		"ID": "",
		"Namespace": "",
		"Timestamp": "0001-01-01T00:00:00Z",
		"Error": null,
		"Host": "",
		"Service": "",
		"Took": 0,
		"Period": 0,
		"DisableTimeSeries": false
	},
	{
		"RootFields": {},
		"ModuleFields": null,
		"MetricSetFields": {
			"name": "ClusterRoleAggregator",
			"workqueue": {
				"adds": {
					"count": 19
				},
				"depth": {
					"count": 0
				},
				"longestrunning": {
					"sec": 0
				},
				"retries": {
					"count": 0
				},
				"unfinished": {
					"sec": 0
				}
			}
		},
		"Index": "",
		"ID": "",
		"Namespace": "",
		"Timestamp": "0001-01-01T00:00:00Z",
		"Error": null,
		"Host": "",
		"Service": "",
		"Took": 0,
		"Period": 0,
		"DisableTimeSeries": false
	},
	{
		"RootFields": {},
		"ModuleFields": null,
		"MetricSetFields": {
			"name": "replicationmanager",
			"workqueue": {
				"adds": {
					"count": 0
				},
				"depth": {
					"count": 0
				},
				"longestrunning": {
					"sec": 0
				},
				"retries": {
					"count": 0
				},
				"unfinished": {
					"sec": 0
				}
			}
		},
		"Index": "",
		"ID": "",
		"Namespace": "",
		"Timestamp": "0001-01-01T00:00:00Z",
		"Error": null,
		"Host": "",
		"Service": "",
		"Took": 0,
		"Period": 0,
		"DisableTimeSeries": false
	},
	{
		"RootFields": {},
		"ModuleFields": null,
		"MetricSetFields": {
			"node": {
				"collector": {
					"count": 1,
					"eviction": {
						"count": 0
					},
					"health": {
						"pct": 100
					},
					"unhealthy": {
						"count": 0
					}
				}
			},
			"process": {
				"cpu": {
					"sec": 127
				},
				"fds": {
					"max": {
						"count": 1048576
					},
					"open": {
						"count": 42
					}
				},
				"memory": {
					"resident": {
						"bytes": 103018496
					},
					"virtual": {
						"bytes": 792305664
					}
				},
				"started": {
					"sec": 1671725506.1
				}
			}
		},
		"Index": "",
		"ID": "",
		"Namespace": "",
		"Timestamp": "0001-01-01T00:00:00Z",
		"Error": null,
		"Host": "",
		"Service": "",
		"Took": 0,
		"Period": 0,
		"DisableTimeSeries": false
	},
	{
		"RootFields": {},
		"ModuleFields": null,
		"MetricSetFields": {
			"name": "serviceaccount_tokens_service",
			"workqueue": {
				"adds": {
					"count": 42
				},
				"depth": {
					"count": 0
				},
				"longestrunning": {
					"sec": 0
				},
				"retries": {
					"count": 0
				},
				"unfinished": {
					"sec": 0
				}
			}
		},
		"Index": "",
		"ID": "",
		"Namespace": "",
		"Timestamp": "0001-01-01T00:00:00Z",
		"Error": null,
		"Host": "",
		"Service": "",
		"Took": 0,
		"Period": 0,
		"DisableTimeSeries": false
	},
	{
		"RootFields": {},
		"ModuleFields": null,
		"MetricSetFields": {
			"name": "bootstrap_signer_queue",
			"workqueue": {
				"adds": {
					"count": 2
				},
				"depth": {
					"count": 0
				},
				"longestrunning": {
					"sec": 0
				},
				"retries": {
					"count": 0
				},
				"unfinished": {
					"sec": 0
				}
			}
		},
		"Index": "",
		"ID": "",
		"Namespace": "",
		"Timestamp": "0001-01-01T00:00:00Z",
		"Error": null,
		"Host": "",
		"Service": "",
		"Took": 0,
		"Period": 0,
		"DisableTimeSeries": false
	},
	{
		"RootFields": {},
		"ModuleFields": null,
		"MetricSetFields": {
			"name": "claims",
			"workqueue": {
				"adds": {
					"count": 0
				},
				"depth": {
					"count": 0
				},
				"longestrunning": {
					"sec": 0
				},
				"unfinished": {
					"sec": 0
				}
			}
		},
		"Index": "",
		"ID": "",
		"Namespace": "",
		"Timestamp": "0001-01-01T00:00:00Z",
		"Error": null,
		"Host": "",
		"Service": "",
		"Took": 0,
		"Period": 0,
		"DisableTimeSeries": false
	},
	{
		"RootFields": {},
		"ModuleFields": null,
		"MetricSetFields": {
			"name": "garbage_collector_graph_changes",
			"workqueue": {
				"adds": {
					"count": 4892
				},
				"depth": {
					"count": 0
				},
				"longestrunning": {
					"sec": 0
				},
				"retries": {
					"count": 0
				},
				"unfinished": {
					"sec": 0
				}
			}
		},
		"Index": "",
		"ID": "",
		"Namespace": "",
		"Timestamp": "0001-01-01T00:00:00Z",
		"Error": null,
		"Host": "",
		"Service": "",
		"Took": 0,
		"Period": 0,
		"DisableTimeSeries": false
	},
	{
		"RootFields": {},
		"ModuleFields": null,
		"MetricSetFields": {
			"name": "node_lifecycle_controller_pods",
			"workqueue": {
				"adds": {
					"count": 10
				},
				"depth": {
					"count": 0
				},
				"longestrunning": {
					"sec": 0
				},
				"retries": {
					"count": 0
				},
				"unfinished": {
					"sec": 0
				}
			}
		},
		"Index": "",
		"ID": "",
		"Namespace": "",
		"Timestamp": "0001-01-01T00:00:00Z",
		"Error": null,
		"Host": "",
		"Service": "",
		"Took": 0,
		"Period": 0,
		"DisableTimeSeries": false
	},
	{
		"RootFields": {},
		"ModuleFields": null,
		"MetricSetFields": {
			"name": "cronjob",
			"workqueue": {
				"adds": {
					"count": 0
				},
				"depth": {
					"count": 0
				},
				"longestrunning": {
					"sec": 0
				},
				"retries": {
					"count": 0
				},
				"unfinished": {
					"sec": 0
				}
			}
		},
		"Index": "",
		"ID": "",
		"Namespace": "",
		"Timestamp": "0001-01-01T00:00:00Z",
		"Error": null,
		"Host": "",
		"Service": "",
		"Took": 0,
		"Period": 0,
		"DisableTimeSeries": false
	},
	{
		"RootFields": {},
		"ModuleFields": null,
		"MetricSetFields": {
			"name": "noexec_taint_pod",
			"workqueue": {
				"adds": {
					"count": 16
				},
				"depth": {
					"count": 0
				},
				"longestrunning": {
					"sec": 0
				},
				"unfinished": {
					"sec": 0
				}
			}
		},
		"Index": "",
		"ID": "",
		"Namespace": "",
		"Timestamp": "0001-01-01T00:00:00Z",
		"Error": null,
		"Host": "",
		"Service": "",
		"Took": 0,
		"Period": 0,
		"DisableTimeSeries": false
	},
	{
		"RootFields": {},
		"ModuleFields": null,
		"MetricSetFields": {
			"name": "disruption_recheck",
			"workqueue": {
				"adds": {
					"count": 0
				},
				"depth": {
					"count": 0
				},
				"longestrunning": {
					"sec": 0
				},
				"retries": {
					"count": 0
				},
				"unfinished": {
					"sec": 0
				}
			}
		},
		"Index": "",
		"ID": "",
		"Namespace": "",
		"Timestamp": "0001-01-01T00:00:00Z",
		"Error": null,
		"Host": "",
		"Service": "",
		"Took": 0,
		"Period": 0,
		"DisableTimeSeries": false
	},
	{
		"RootFields": {},
		"ModuleFields": null,
		"MetricSetFields": {
			"name": "disruption",
			"workqueue": {
				"adds": {
					"count": 0
				},
				"depth": {
					"count": 0
				},
				"longestrunning": {
					"sec": 0
				},
				"retries": {
					"count": 0
				},
				"unfinished": {
					"sec": 0
				}
			}
		},
		"Index": "",
		"ID": "",
		"Namespace": "",
		"Timestamp": "0001-01-01T00:00:00Z",
		"Error": null,
		"Host": "",
		"Service": "",
		"Took": 0,
		"Period": 0,
		"DisableTimeSeries": false
	},
	{
		"RootFields": {},
		"ModuleFields": null,
		"MetricSetFields": {
			"name": "pvcs",
			"workqueue": {
				"adds": {
					"count": 0
				},
				"depth": {
					"count": 0
				},
				"longestrunning": {
					"sec": 0
				},
				"retries": {
					"count": 0
				},
				"unfinished": {
					"sec": 0
				}
			}
		},
		"Index": "",
		"ID": "",
		"Namespace": "",
		"Timestamp": "0001-01-01T00:00:00Z",
		"Error": null,
		"Host": "",
		"Service": "",
		"Took": 0,
		"Period": 0,
		"DisableTimeSeries": false
	},
	{
		"RootFields": {},
		"ModuleFields": null,
		"MetricSetFields": {
			"name": "DynamicCABundle-request-header",
			"workqueue": {
				"adds": {
					"count": 2
				},
				"depth": {
					"count": 0
				},
				"longestrunning": {
					"sec": 0
				},
				"retries": {
					"count": 0
				},
				"unfinished": {
					"sec": 0
				}
			}
		},
		"Index": "",
		"ID": "",
		"Namespace": "",
		"Timestamp": "0001-01-01T00:00:00Z",
		"Error": null,
		"Host": "",
		"Service": "",
		"Took": 0,
		"Period": 0,
		"DisableTimeSeries": false
	},
	{
		"RootFields": {},
		"ModuleFields": null,
		"MetricSetFields": {
			"client": {
				"request": {
					"duration": {
						"us": {
							"bucket": {
								"+Inf": 9491,
								"100000": 9472,
								"1000000": 9490,
								"15000000": 9491,
								"2000000": 9490,
								"25000": 9430,
								"250000": 9479,
								"30000000": 9491,
								"4000000": 9490,
								"5000": 9135,
								"500000": 9488,
								"60000000": 9491,
								"8000000": 9491
							},
							"count": 9491,
							"sum": 37239894.67399995
						}
					},
					"size": {
						"bytes": {
							"bucket": {
								"+Inf": 9491,
								"1024": 9491,
								"1048576": 9491,
								"16384": 9491,
								"16777216": 9491,
								"256": 9491,
								"262144": 9491,
								"4096": 9491,
								"4194304": 9491,
								"512": 9491,
								"64": 9491,
								"65536": 9491
							},
							"count": 9491,
							"sum": 0
						}
					}
				},
				"response": {
					"size": {
						"bytes": {
							"bucket": {
								"+Inf": 9491,
								"1024": 8634,
								"1048576": 9491,
								"16384": 9488,
								"16777216": 9491,
								"256": 2326,
								"262144": 9491,
								"4096": 9480,
								"4194304": 9491,
								"512": 7790,
								"64": 300,
								"65536": 9491
							},
							"count": 9491,
							"sum": 4926581
						}
					}
				}
			},
			"host": "172.18.0.2:6443",
			"verb": "GET"
		},
		"Index": "",
		"ID": "",
		"Namespace": "",
		"Timestamp": "0001-01-01T00:00:00Z",
		"Error": null,
		"Host": "",
		"Service": "",
		"Took": 0,
		"Period": 0,
		"DisableTimeSeries": false
	},
	{
		"RootFields": {},
		"ModuleFields": null,
		"MetricSetFields": {
			"name": "ttlcontroller",
			"workqueue": {
				"adds": {
					"count": 19
				},
				"depth": {
					"count": 0
				},
				"longestrunning": {
					"sec": 0
				},
				"retries": {
					"count": 0
				},
				"unfinished": {
					"sec": 0
				}
			}
		},
		"Index": "",
		"ID": "",
		"Namespace": "",
		"Timestamp": "0001-01-01T00:00:00Z",
		"Error": null,
		"Host": "",
		"Service": "",
		"Took": 0,
		"Period": 0,
		"DisableTimeSeries": false
	},
	{
		"RootFields": {},
		"ModuleFields": null,
		"MetricSetFields": {
			"name": "certificate",
			"workqueue": {
				"adds": {
					"count": 0
				},
				"depth": {
					"count": 0
				},
				"longestrunning": {
					"sec": 0
				},
				"retries": {
					"count": 0
				},
				"unfinished": {
					"sec": 0
				}
			}
		},
		"Index": "",
		"ID": "",
		"Namespace": "",
		"Timestamp": "0001-01-01T00:00:00Z",
		"Error": null,
		"Host": "",
		"Service": "",
		"Took": 0,
		"Period": 0,
		"DisableTimeSeries": false
	},
	{
		"RootFields": {},
		"ModuleFields": null,
		"MetricSetFields": {
			"name": "statefulset",
			"workqueue": {
				"adds": {
					"count": 0
				},
				"depth": {
					"count": 0
				},
				"longestrunning": {
					"sec": 0
				},
				"retries": {
					"count": 0
				},
				"unfinished": {
					"sec": 0
				}
			}
		},
		"Index": "",
		"ID": "",
		"Namespace": "",
		"Timestamp": "0001-01-01T00:00:00Z",
		"Error": null,
		"Host": "",
		"Service": "",
		"Took": 0,
		"Period": 0,
		"DisableTimeSeries": false
	},
	{
		"RootFields": {},
		"ModuleFields": null,
		"MetricSetFields": {
			"leader": {
				"is_master": true
			},
			"name": "kube-controller-manager"
		},
		"Index": "",
		"ID": "",
		"Namespace": "",
		"Timestamp": "0001-01-01T00:00:00Z",
		"Error": null,
		"Host": "",
		"Service": "",
		"Took": 0,
		"Period": 0,
		"DisableTimeSeries": false
	},
	{
		"RootFields": {},
		"ModuleFields": null,
		"MetricSetFields": {
			"name": "root_ca_cert_publisher",
			"workqueue": {
				"adds": {
					"count": 5
				},
				"depth": {
					"count": 0
				},
				"longestrunning": {
					"sec": 0
				},
				"retries": {
					"count": 0
				},
				"unfinished": {
					"sec": 0
				}
			}
		},
		"Index": "",
		"ID": "",
		"Namespace": "",
		"Timestamp": "0001-01-01T00:00:00Z",
		"Error": null,
		"Host": "",
		"Service": "",
		"Took": 0,
		"Period": 0,
		"DisableTimeSeries": false
	},
	{
		"RootFields": {},
		"ModuleFields": null,
		"MetricSetFields": {
			"client": {
				"request": {
					"count": 465
				}
			},
			"code": "201",
			"host": "172.18.0.2:6443",
			"method": "POST"
		},
		"Index": "",
		"ID": "",
		"Namespace": "",
		"Timestamp": "0001-01-01T00:00:00Z",
		"Error": null,
		"Host": "",
		"Service": "",
		"Took": 0,
		"Period": 0,
		"DisableTimeSeries": false
	},
	{
		"RootFields": {},
		"ModuleFields": null,
		"MetricSetFields": {
			"name": "ttl_jobs_to_delete",
			"workqueue": {
				"adds": {
					"count": 0
				},
				"depth": {
					"count": 0
				},
				"longestrunning": {
					"sec": 0
				},
				"retries": {
					"count": 0
				},
				"unfinished": {
					"sec": 0
				}
			}
		},
		"Index": "",
		"ID": "",
		"Namespace": "",
		"Timestamp": "0001-01-01T00:00:00Z",
		"Error": null,
		"Host": "",
		"Service": "",
		"Took": 0,
		"Period": 0,
		"DisableTimeSeries": false
	},
	{
		"RootFields": {},
		"ModuleFields": null,
		"MetricSetFields": {
			"name": "serviceaccount_tokens_secret",
			"workqueue": {
				"adds": {
					"count": 0
				},
				"depth": {
					"count": 0
				},
				"longestrunning": {
					"sec": 0
				},
				"retries": {
					"count": 0
				},
				"unfinished": {
					"sec": 0
				}
			}
		},
		"Index": "",
		"ID": "",
		"Namespace": "",
		"Timestamp": "0001-01-01T00:00:00Z",
		"Error": null,
		"Host": "",
		"Service": "",
		"Took": 0,
		"Period": 0,
		"DisableTimeSeries": false
	},
	{
		"RootFields": {},
		"ModuleFields": null,
		"MetricSetFields": {
			"name": "job_orphan_pod",
			"workqueue": {
				"adds": {
					"count": 0
				},
				"depth": {
					"count": 0
				},
				"longestrunning": {
					"sec": 0
				},
				"retries": {
					"count": 0
				},
				"unfinished": {
					"sec": 0
				}
			}
		},
		"Index": "",
		"ID": "",
		"Namespace": "",
		"Timestamp": "0001-01-01T00:00:00Z",
		"Error": null,
		"Host": "",
		"Service": "",
		"Took": 0,
		"Period": 0,
		"DisableTimeSeries": false
	},
	{
		"RootFields": {},
		"ModuleFields": null,
		"MetricSetFields": {
			"name": "volume_expand",
			"workqueue": {
				"adds": {
					"count": 0
				},
				"depth": {
					"count": 0
				},
				"longestrunning": {
					"sec": 0
				},
				"retries": {
					"count": 0
				},
				"unfinished": {
					"sec": 0
				}
			}
		},
		"Index": "",
		"ID": "",
		"Namespace": "",
		"Timestamp": "0001-01-01T00:00:00Z",
		"Error": null,
		"Host": "",
		"Service": "",
		"Took": 0,
		"Period": 0,
		"DisableTimeSeries": false
	},
	{
		"RootFields": {},
		"ModuleFields": null,
		"MetricSetFields": {
			"client": {
				"request": {
					"duration": {
						"us": {
							"bucket": {
								"+Inf": 19,
								"100000": 15,
								"1000000": 19,
								"15000000": 19,
								"2000000": 19,
								"25000": 15,
								"250000": 15,
								"30000000": 19,
								"4000000": 19,
								"5000": 6,
								"500000": 16,
								"60000000": 19,
								"8000000": 19
							},
							"count": 19,
							"sum": 2208802.044999999
						}
					},
					"size": {
						"bytes": {
							"bucket": {
								"+Inf": 19,
								"1024": 12,
								"1048576": 19,
								"16384": 19,
								"16777216": 19,
								"256": 11,
								"262144": 19,
								"4096": 19,
								"4194304": 19,
								"512": 12,
								"64": 1,
								"65536": 19
							},
							"count": 19,
							"sum": 22369
						}
					}
				},
				"response": {
					"size": {
						"bytes": {
							"bucket": {
								"+Inf": 19,
								"1024": 8,
								"1048576": 19,
								"16384": 19,
								"16777216": 19,
								"256": 0,
								"262144": 19,
								"4096": 19,
								"4194304": 19,
								"512": 0,
								"64": 0,
								"65536": 19
							},
							"count": 19,
							"sum": 39824
						}
					}
				}
			},
			"host": "172.18.0.2:6443",
			"verb": "PATCH"
		},
		"Index": "",
		"ID": "",
		"Namespace": "",
		"Timestamp": "0001-01-01T00:00:00Z",
		"Error": null,
		"Host": "",
		"Service": "",
		"Took": 0,
		"Period": 0,
		"DisableTimeSeries": false
	},
	{
		"RootFields": {},
		"ModuleFields": null,
		"MetricSetFields": {
			"name": "ephemeral_volume",
			"workqueue": {
				"adds": {
					"count": 0
				},
				"depth": {
					"count": 0
				},
				"longestrunning": {
					"sec": 0
				},
				"retries": {
					"count": 0
				},
				"unfinished": {
					"sec": 0
				}
			}
		},
		"Index": "",
		"ID": "",
		"Namespace": "",
		"Timestamp": "0001-01-01T00:00:00Z",
		"Error": null,
		"Host": "",
		"Service": "",
		"Took": 0,
		"Period": 0,
		"DisableTimeSeries": false
	},
	{
		"RootFields": {},
		"ModuleFields": null,
		"MetricSetFields": {
			"client": {
				"request": {
					"count": 19
				}
			},
			"code": "200",
			"host": "172.18.0.2:6443",
			"method": "PATCH"
		},
		"Index": "",
		"ID": "",
		"Namespace": "",
		"Timestamp": "0001-01-01T00:00:00Z",
		"Error": null,
		"Host": "",
		"Service": "",
		"Took": 0,
		"Period": 0,
		"DisableTimeSeries": false
	},
	{
		"RootFields": {},
		"ModuleFields": null,
		"MetricSetFields": {
			"client": {
				"request": {
					"duration": {
						"us": {
							"bucket": {
								"+Inf": 2102,
								"100000": 2101,
								"1000000": 2102,
								"15000000": 2102,
								"2000000": 2102,
								"25000": 2100,
								"250000": 2101,
								"30000000": 2102,
								"4000000": 2102,
								"5000": 1984,
								"500000": 2101,
								"60000000": 2102,
								"8000000": 2102
							},
							"count": 2102,
							"sum": 8147888.260999998
						}
					},
					"size": {
						"bytes": {
							"bucket": {
								"+Inf": 2102,
								"1024": 2074,
								"1048576": 2102,
								"16384": 2102,
								"16777216": 2102,
								"256": 0,
								"262144": 2102,
								"4096": 2098,
								"4194304": 2102,
								"512": 2069,
								"64": 0,
								"65536": 2102
							},
							"count": 2102,
							"sum": 1018925
						}
					}
				},
				"response": {
					"size": {
						"bytes": {
							"bucket": {
								"+Inf": 2102,
								"1024": 2075,
								"1048576": 2102,
								"16384": 2102,
								"16777216": 2102,
								"256": 1,
								"262144": 2102,
								"4096": 2097,
								"4194304": 2102,
								"512": 2071,
								"64": 0,
								"65536": 2102
							},
							"count": 2102,
							"sum": 1015358
						}
					}
				}
			},
			"host": "172.18.0.2:6443",
			"verb": "PUT"
		},
		"Index": "",
		"ID": "",
		"Namespace": "",
		"Timestamp": "0001-01-01T00:00:00Z",
		"Error": null,
		"Host": "",
		"Service": "",
		"Took": 0,
		"Period": 0,
		"DisableTimeSeries": false
	},
	{
		"RootFields": {},
		"ModuleFields": null,
		"MetricSetFields": {
			"name": "garbage_collector_attempt_to_orphan",
			"workqueue": {
				"adds": {
					"count": 0
				},
				"depth": {
					"count": 0
				},
				"longestrunning": {
					"sec": 0
				},
				"retries": {
					"count": 0
				},
				"unfinished": {
					"sec": 0
				}
			}
		},
		"Index": "",
		"ID": "",
		"Namespace": "",
		"Timestamp": "0001-01-01T00:00:00Z",
		"Error": null,
		"Host": "",
		"Service": "",
		"Took": 0,
		"Period": 0,
		"DisableTimeSeries": false
	},
	{
		"RootFields": {},
		"ModuleFields": null,
		"MetricSetFields": {
			"name": "token_cleaner",
			"workqueue": {
				"adds": {
					"count": 1
				},
				"depth": {
					"count": 0
				},
				"longestrunning": {
					"sec": 0
				},
				"retries": {
					"count": 1
				},
				"unfinished": {
					"sec": 0
				}
			}
		},
		"Index": "",
		"ID": "",
		"Namespace": "",
		"Timestamp": "0001-01-01T00:00:00Z",
		"Error": null,
		"Host": "",
		"Service": "",
		"Took": 0,
		"Period": 0,
		"DisableTimeSeries": false
	},
	{
		"RootFields": {},
		"ModuleFields": null,
		"MetricSetFields": {
			"name": "stale_pod_disruption",
			"workqueue": {
				"adds": {
					"count": 0
				},
				"depth": {
					"count": 0
				},
				"longestrunning": {
					"sec": 0
				},
				"retries": {
					"count": 0
				},
				"unfinished": {
					"sec": 0
				}
			}
		},
		"Index": "",
		"ID": "",
		"Namespace": "",
		"Timestamp": "0001-01-01T00:00:00Z",
		"Error": null,
		"Host": "",
		"Service": "",
		"Took": 0,
		"Period": 0,
		"DisableTimeSeries": false
	},
	{
		"RootFields": {},
		"ModuleFields": null,
		"MetricSetFields": {
			"name": "resource_quota_controller_resource_changes",
			"workqueue": {
				"adds": {
					"count": 0
				},
				"depth": {
					"count": 0
				},
				"longestrunning": {
					"sec": 0
				},
				"retries": {
					"count": 0
				},
				"unfinished": {
					"sec": 0
				}
			}
		},
		"Index": "",
		"ID": "",
		"Namespace": "",
		"Timestamp": "0001-01-01T00:00:00Z",
		"Error": null,
		"Host": "",
		"Service": "",
		"Took": 0,
		"Period": 0,
		"DisableTimeSeries": false
	},
	{
		"RootFields": {},
		"ModuleFields": null,
		"MetricSetFields": {
			"name": "serviceaccount",
			"workqueue": {
				"adds": {
					"count": 5
				},
				"depth": {
					"count": 0
				},
				"longestrunning": {
					"sec": 0
				},
				"retries": {
					"count": 0
				},
				"unfinished": {
					"sec": 0
				}
			}
		},
		"Index": "",
		"ID": "",
		"Namespace": "",
		"Timestamp": "0001-01-01T00:00:00Z",
		"Error": null,
		"Host": "",
		"Service": "",
		"Took": 0,
		"Period": 0,
		"DisableTimeSeries": false
	},
	{
		"RootFields": {},
		"ModuleFields": null,
		"MetricSetFields": {
			"name": "namespace",
			"workqueue": {
				"adds": {
					"count": 0
				},
				"depth": {
					"count": 0
				},
				"longestrunning": {
					"sec": 0
				},
				"retries": {
					"count": 0
				},
				"unfinished": {
					"sec": 0
				}
			}
		},
		"Index": "",
		"ID": "",
		"Namespace": "",
		"Timestamp": "0001-01-01T00:00:00Z",
		"Error": null,
		"Host": "",
		"Service": "",
		"Took": 0,
		"Period": 0,
		"DisableTimeSeries": false
	},
	{
		"RootFields": {},
		"ModuleFields": null,
		"MetricSetFields": {
			"name": "horizontalpodautoscaler",
			"workqueue": {
				"adds": {
					"count": 0
				},
				"depth": {
					"count": 0
				},
				"longestrunning": {
					"sec": 0
				},
				"retries": {
					"count": 0
				},
				"unfinished": {
					"sec": 0
				}
			}
		},
		"Index": "",
		"ID": "",
		"Namespace": "",
		"Timestamp": "0001-01-01T00:00:00Z",
		"Error": null,
		"Host": "",
		"Service": "",
		"Took": 0,
		"Period": 0,
		"DisableTimeSeries": false
	},
	{
		"RootFields": {},
		"ModuleFields": null,
		"MetricSetFields": {
			"name": "endpoint",
			"workqueue": {
				"adds": {
					"count": 9
				},
				"depth": {
					"count": 0
				},
				"longestrunning": {
					"sec": 0
				},
				"retries": {
					"count": 6
				},
				"unfinished": {
					"sec": 0
				}
			}
		},
		"Index": "",
		"ID": "",
		"Namespace": "",
		"Timestamp": "0001-01-01T00:00:00Z",
		"Error": null,
		"Host": "",
		"Service": "",
		"Took": 0,
		"Period": 0,
		"DisableTimeSeries": false
	},
	{
		"RootFields": {},
		"ModuleFields": null,
		"MetricSetFields": {
			"name": "DynamicCABundle-client-ca-bundle",
			"workqueue": {
				"adds": {
					"count": 1
				},
				"depth": {
					"count": 0
				},
				"longestrunning": {
					"sec": 0
				},
				"retries": {
					"count": 0
				},
				"unfinished": {
					"sec": 0
				}
			}
		},
		"Index": "",
		"ID": "",
		"Namespace": "",
		"Timestamp": "0001-01-01T00:00:00Z",
		"Error": null,
		"Host": "",
		"Service": "",
		"Took": 0,
		"Period": 0,
		"DisableTimeSeries": false
	},
	{
		"RootFields": {},
		"ModuleFields": null,
		"MetricSetFields": {
			"name": "pvprotection",
			"workqueue": {
				"adds": {
					"count": 0
				},
				"depth": {
					"count": 0
				},
				"longestrunning": {
					"sec": 0
				},
				"retries": {
					"count": 0
				},
				"unfinished": {
					"sec": 0
				}
			}
		},
		"Index": "",
		"ID": "",
		"Namespace": "",
		"Timestamp": "0001-01-01T00:00:00Z",
		"Error": null,
		"Host": "",
		"Service": "",
		"Took": 0,
		"Period": 0,
		"DisableTimeSeries": false
	},
	{
		"RootFields": {},
		"ModuleFields": null,
		"MetricSetFields": {
			"client": {
				"request": {
					"count": 8
				}
			},
			"code": "403",
			"host": "172.18.0.2:6443",
			"method": "POST"
		},
		"Index": "",
		"ID": "",
		"Namespace": "",
		"Timestamp": "0001-01-01T00:00:00Z",
		"Error": null,
		"Host": "",
		"Service": "",
		"Took": 0,
		"Period": 0,
		"DisableTimeSeries": false
	},
	{
		"RootFields": {},
		"ModuleFields": null,
		"MetricSetFields": {
			"name": "volumes",
			"workqueue": {
				"adds": {
					"count": 0
				},
				"depth": {
					"count": 0
				},
				"longestrunning": {
					"sec": 0
				},
				"unfinished": {
					"sec": 0
				}
			}
		},
		"Index": "",
		"ID": "",
		"Namespace": "",
		"Timestamp": "0001-01-01T00:00:00Z",
		"Error": null,
		"Host": "",
		"Service": "",
		"Took": 0,
		"Period": 0,
		"DisableTimeSeries": false
	},
	{
		"RootFields": {},
		"ModuleFields": null,
		"MetricSetFields": {
			"name": "noexec_taint_node",
			"workqueue": {
				"adds": {
					"count": 1
				},
				"depth": {
					"count": 0
				},
				"longestrunning": {
					"sec": 0
				},
				"unfinished": {
					"sec": 0
				}
			}
		},
		"Index": "",
		"ID": "",
		"Namespace": "",
		"Timestamp": "0001-01-01T00:00:00Z",
		"Error": null,
		"Host": "",
		"Service": "",
		"Took": 0,
		"Period": 0,
		"DisableTimeSeries": false
	},
	{
		"RootFields": {},
		"ModuleFields": null,
		"MetricSetFields": {
			"name": "daemonset",
			"workqueue": {
				"adds": {
					"count": 26
				},
				"depth": {
					"count": 0
				},
				"longestrunning": {
					"sec": 0
				},
				"retries": {
					"count": 8
				},
				"unfinished": {
					"sec": 0
				}
			}
		},
		"Index": "",
		"ID": "",
		"Namespace": "",
		"Timestamp": "0001-01-01T00:00:00Z",
		"Error": null,
		"Host": "",
		"Service": "",
		"Took": 0,
		"Period": 0,
		"DisableTimeSeries": false
	},
	{
		"RootFields": {},
		"ModuleFields": null,
		"MetricSetFields": {
			"name": "node_lifecycle_controller",
			"workqueue": {
				"adds": {
					"count": 18
				},
				"depth": {
					"count": 0
				},
				"longestrunning": {
					"sec": 0
				},
				"unfinished": {
					"sec": 0
				}
			}
		},
		"Index": "",
		"ID": "",
		"Namespace": "",
		"Timestamp": "0001-01-01T00:00:00Z",
		"Error": null,
		"Host": "",
		"Service": "",
		"Took": 0,
		"Period": 0,
		"DisableTimeSeries": false
	},
	{
		"RootFields": {},
		"ModuleFields": null,
		"MetricSetFields": {
			"client": {
				"request": {
					"count": 2100
				}
			},
			"code": "200",
			"host": "172.18.0.2:6443",
			"method": "PUT"
		},
		"Index": "",
		"ID": "",
		"Namespace": "",
		"Timestamp": "0001-01-01T00:00:00Z",
		"Error": null,
		"Host": "",
		"Service": "",
		"Took": 0,
		"Period": 0,
		"DisableTimeSeries": false
	},
	{
		"RootFields": {},
		"ModuleFields": null,
		"MetricSetFields": {
			"name": "pvcprotection",
			"workqueue": {
				"adds": {
					"count": 0
				},
				"depth": {
					"count": 0
				},
				"longestrunning": {
					"sec": 0
				},
				"retries": {
					"count": 0
				},
				"unfinished": {
					"sec": 0
				}
			}
		},
		"Index": "",
		"ID": "",
		"Namespace": "",
		"Timestamp": "0001-01-01T00:00:00Z",
		"Error": null,
		"Host": "",
		"Service": "",
		"Took": 0,
		"Period": 0,
		"DisableTimeSeries": false
	},
	{
		"RootFields": {},
		"ModuleFields": null,
		"MetricSetFields": {
			"name": "deployment",
			"workqueue": {
				"adds": {
					"count": 21
				},
				"depth": {
					"count": 0
				},
				"longestrunning": {
					"sec": 0
				},
				"retries": {
					"count": 10
				},
				"unfinished": {
					"sec": 0
				}
			}
		},
		"Index": "",
		"ID": "",
		"Namespace": "",
		"Timestamp": "0001-01-01T00:00:00Z",
		"Error": null,
		"Host": "",
		"Service": "",
		"Took": 0,
		"Period": 0,
		"DisableTimeSeries": false
	},
	{
		"RootFields": {},
		"ModuleFields": null,
		"MetricSetFields": {
			"name": "resourcequota_primary",
			"workqueue": {
				"adds": {
					"count": 0
				},
				"depth": {
					"count": 0
				},
				"longestrunning": {
					"sec": 0
				},
				"retries": {
					"count": 0
				},
				"unfinished": {
					"sec": 0
				}
			}
		},
		"Index": "",
		"ID": "",
		"Namespace": "",
		"Timestamp": "0001-01-01T00:00:00Z",
		"Error": null,
		"Host": "",
		"Service": "",
		"Took": 0,
		"Period": 0,
		"DisableTimeSeries": false
	},
	{
		"RootFields": {},
		"ModuleFields": null,
		"MetricSetFields": {
			"name": "garbage_collector_attempt_to_delete",
			"workqueue": {
				"adds": {
					"count": 1
				},
				"depth": {
					"count": 0
				},
				"longestrunning": {
					"sec": 0
				},
				"retries": {
					"count": 0
				},
				"unfinished": {
					"sec": 0
				}
			}
		},
		"Index": "",
		"ID": "",
		"Namespace": "",
		"Timestamp": "0001-01-01T00:00:00Z",
		"Error": null,
		"Host": "",
		"Service": "",
		"Took": 0,
		"Period": 0,
		"DisableTimeSeries": false
	},
	{
		"RootFields": {},
		"ModuleFields": null,
		"MetricSetFields": {
			"client": {
				"request": {
					"count": 1
				}
			},
			"code": "403",
			"host": "172.18.0.2:6443",
			"method": "GET"
		},
		"Index": "",
		"ID": "",
		"Namespace": "",
		"Timestamp": "0001-01-01T00:00:00Z",
		"Error": null,
		"Host": "",
		"Service": "",
		"Took": 0,
		"Period": 0,
		"DisableTimeSeries": false
	},
	{
		"RootFields": {},
		"ModuleFields": null,
		"MetricSetFields": {
			"name": "resourcequota_priority",
			"workqueue": {
				"adds": {
					"count": 0
				},
				"depth": {
					"count": 0
				},
				"longestrunning": {
					"sec": 0
				},
				"retries": {
					"count": 0
				},
				"unfinished": {
					"sec": 0
				}
			}
		},
		"Index": "",
		"ID": "",
		"Namespace": "",
		"Timestamp": "0001-01-01T00:00:00Z",
		"Error": null,
		"Host": "",
		"Service": "",
		"Took": 0,
		"Period": 0,
		"DisableTimeSeries": false
	},
	{
		"RootFields": {},
		"ModuleFields": null,
		"MetricSetFields": {
			"client": {
				"request": {
					"duration": {
						"us": {
							"bucket": {
								"+Inf": 473,
								"100000": 455,
								"1000000": 473,
								"15000000": 473,
								"2000000": 473,
								"25000": 437,
								"250000": 458,
								"30000000": 473,
								"4000000": 473,
								"5000": 418,
								"500000": 466,
								"60000000": 473,
								"8000000": 473
							},
							"count": 473,
							"sum": 10447106.29600001
						}
					},
					"size": {
						"bytes": {
							"bucket": {
								"+Inf": 473,
								"1024": 261,
								"1048576": 473,
								"16384": 473,
								"16777216": 473,
								"256": 55,
								"262144": 473,
								"4096": 472,
								"4194304": 473,
								"512": 67,
								"64": 1,
								"65536": 473
							},
							"count": 473,
							"sum": 375253
						}
					}
				},
				"response": {
					"size": {
						"bytes": {
							"bucket": {
								"+Inf": 473,
								"1024": 59,
								"1048576": 473,
								"16384": 473,
								"16777216": 473,
								"256": 45,
								"262144": 473,
								"4096": 471,
								"4194304": 473,
								"512": 46,
								"64": 0,
								"65536": 473
							},
							"count": 473,
							"sum": 630891
						}
					}
				}
			},
			"host": "172.18.0.2:6443",
			"verb": "POST"
		},
		"Index": "",
		"ID": "",
		"Namespace": "",
		"Timestamp": "0001-01-01T00:00:00Z",
		"Error": null,
		"Host": "",
		"Service": "",
		"Took": 0,
		"Period": 0,
		"DisableTimeSeries": false
	},
	{
		"RootFields": {},
		"ModuleFields": null,
		"MetricSetFields": {
			"name": "orphaned_pods_nodes",
			"workqueue": {
				"adds": {
					"count": 0
				},
				"depth": {
					"count": 0
				},
				"longestrunning": {
					"sec": 0
				},
				"retries": {
					"count": 0
				},
				"unfinished": {
					"sec": 0
				}
			}
		},
		"Index": "",
		"ID": "",
		"Namespace": "",
		"Timestamp": "0001-01-01T00:00:00Z",
		"Error": null,
		"Host": "",
		"Service": "",
		"Took": 0,
		"Period": 0,
		"DisableTimeSeries": false
	},
	{
		"RootFields": {},
		"ModuleFields": null,
		"MetricSetFields": {
			"name": "DynamicCABundle-csr-controller",
			"workqueue": {
				"adds": {
					"count": 8
				},
				"depth": {
					"count": 0
				},
				"longestrunning": {
					"sec": 0
				},
				"retries": {
					"count": 0
				},
				"unfinished": {
					"sec": 0
				}
			}
		},
		"Index": "",
		"ID": "",
		"Namespace": "",
		"Timestamp": "0001-01-01T00:00:00Z",
		"Error": null,
		"Host": "",
		"Service": "",
		"Took": 0,
		"Period": 0,
		"DisableTimeSeries": false
	},
	{
		"RootFields": {},
		"ModuleFields": null,
		"MetricSetFields": {
			"name": "DynamicServingCertificateController",
			"workqueue": {
				"adds": {
					"count": 70
				},
				"depth": {
					"count": 0
				},
				"longestrunning": {
					"sec": 0
				},
				"retries": {
					"count": 0
				},
				"unfinished": {
					"sec": 0
				}
			}
		},
		"Index": "",
		"ID": "",
		"Namespace": "",
		"Timestamp": "0001-01-01T00:00:00Z",
		"Error": null,
		"Host": "",
		"Service": "",
		"Took": 0,
		"Period": 0,
		"DisableTimeSeries": false
	},
	{
		"RootFields": {},
		"ModuleFields": null,
		"MetricSetFields": {
			"name": "service",
			"workqueue": {
				"adds": {
					"count": 0
				},
				"depth": {
					"count": 0
				},
				"longestrunning": {
					"sec": 0
				},
				"retries": {
					"count": 0
				},
				"unfinished": {
					"sec": 0
				}
			}
		},
		"Index": "",
		"ID": "",
		"Namespace": "",
		"Timestamp": "0001-01-01T00:00:00Z",
		"Error": null,
		"Host": "",
		"Service": "",
		"Took": 0,
		"Period": 0,
		"DisableTimeSeries": false
	},
	{
		"RootFields": {},
		"ModuleFields": null,
		"MetricSetFields": {
			"name": "endpoint_slice",
			"workqueue": {
				"adds": {
					"count": 10
				},
				"depth": {
					"count": 0
				},
				"longestrunning": {
					"sec": 0
				},
				"retries": {
					"count": 10
				},
				"unfinished": {
					"sec": 0
				}
			}
		},
		"Index": "",
		"ID": "",
		"Namespace": "",
		"Timestamp": "0001-01-01T00:00:00Z",
		"Error": null,
		"Host": "",
		"Service": "",
		"Took": 0,
		"Period": 0,
		"DisableTimeSeries": false
	},
	{
		"RootFields": {},
		"ModuleFields": null,
		"MetricSetFields": {
			"client": {
				"request": {
					"count": 9893
				}
			},
			"code": "200",
			"host": "172.18.0.2:6443",
			"method": "GET"
		},
		"Index": "",
		"ID": "",
		"Namespace": "",
		"Timestamp": "0001-01-01T00:00:00Z",
		"Error": null,
		"Host": "",
		"Service": "",
		"Took": 0,
		"Period": 0,
		"DisableTimeSeries": false
	}
]