[
	{
		"RootFields": {},
		"ModuleFields": null,
		"MetricSetFields": {
			"name": "cronjob",
			"workqueue": {
				"adds": {
					"count": 129
				},
				"depth": {
					"count": 0
				},
				"longestrunning": {
					"sec": 0
				},
				"retries": {
					"count": 129
				},
				"unfinished": {
					"sec": 0
				}
			}
		},
		"Index": "",
		"ID": "",
		"Namespace": "",
		"Timestamp": "0001-01-01T00:00:00Z",
		"Error": null,
		"Host": "",
		"Service": "",
		"Took": 0,
		"Period": 0,
		"DisableTimeSeries": false
	},
	{
		"RootFields": {},
		"ModuleFields": null,
		"MetricSetFields": {
			"name": "stale_pod_disruption",
			"workqueue": {
				"adds": {
					"count": 0
				},
				"depth": {
					"count": 0
				},
				"longestrunning": {
					"sec": 0
				},
				"retries": {
					"count": 0
				},
				"unfinished": {
					"sec": 0
				}
			}
		},
		"Index": "",
		"ID": "",
		"Namespace": "",
		"Timestamp": "0001-01-01T00:00:00Z",
		"Error": null,
		"Host": "",
		"Service": "",
		"Took": 0,
		"Period": 0,
		"DisableTimeSeries": false
	},
	{
		"RootFields": {},
		"ModuleFields": null,
		"MetricSetFields": {
			"name": "job",
			"workqueue": {
				"adds": {
					"count": 85
				},
				"depth": {
					"count": 0
				},
				"longestrunning": {
					"sec": 0
				},
				"retries": {
					"count": 205
				},
				"unfinished": {
					"sec": 0
				}
			}
		},
		"Index": "",
		"ID": "",
		"Namespace": "",
		"Timestamp": "0001-01-01T00:00:00Z",
		"Error": null,
		"Host": "",
		"Service": "",
		"Took": 0,
		"Period": 0,
		"DisableTimeSeries": false
	},
	{
		"RootFields": {},
		"ModuleFields": null,
		"MetricSetFields": {
			"client": {
				"request": {
					"count": 781
				}
			},
			"code": "200",
			"host": "172.20.0.2:6443",
			"method": "GET"
		},
		"Index": "",
		"ID": "",
		"Namespace": "",
		"Timestamp": "0001-01-01T00:00:00Z",
		"Error": null,
		"Host": "",
		"Service": "",
		"Took": 0,
		"Period": 0,
		"DisableTimeSeries": false
	},
	{
		"RootFields": {},
		"ModuleFields": null,
		"MetricSetFields": {
			"name": "ttl_jobs_to_delete",
			"workqueue": {
				"adds": {
					"count": 0
				},
				"depth": {
					"count": 0
				},
				"longestrunning": {
					"sec": 0
				},
				"retries": {
					"count": 0
				},
				"unfinished": {
					"sec": 0
				}
			}
		},
		"Index": "",
		"ID": "",
		"Namespace": "",
		"Timestamp": "0001-01-01T00:00:00Z",
		"Error": null,
		"Host": "",
		"Service": "",
		"Took": 0,
		"Period": 0,
		"DisableTimeSeries": false
	},
	{
		"RootFields": {},
		"ModuleFields": null,
		"MetricSetFields": {
			"name": "DynamicServingCertificateController",
			"workqueue": {
				"adds": {
					"count": 34
				},
				"depth": {
					"count": 0
				},
				"longestrunning": {
					"sec": 0
				},
				"retries": {
					"count": 0
				},
				"unfinished": {
					"sec": 0
				}
			}
		},
		"Index": "",
		"ID": "",
		"Namespace": "",
		"Timestamp": "0001-01-01T00:00:00Z",
		"Error": null,
		"Host": "",
		"Service": "",
		"Took": 0,
		"Period": 0,
		"DisableTimeSeries": false
	},
	{
		"RootFields": {},
		"ModuleFields": null,
		"MetricSetFields": {
			"name": "root_ca_cert_publisher",
			"workqueue": {
				"adds": {
					"count": 5
				},
				"depth": {
					"count": 0
				},
				"longestrunning": {
					"sec": 0
				},
				"retries": {
					"count": 0
				},
				"unfinished": {
					"sec": 0
				}
			}
		},
		"Index": "",
		"ID": "",
		"Namespace": "",
		"Timestamp": "0001-01-01T00:00:00Z",
		"Error": null,
		"Host": "",
		"Service": "",
		"Took": 0,
		"Period": 0,
		"DisableTimeSeries": false
	},
	{
		"RootFields": {},
		"ModuleFields": null,
		"MetricSetFields": {
			"name": "orphaned_pods_nodes",
			"workqueue": {
				"adds": {
					"count": 0
				},
				"depth": {
					"count": 0
				},
				"longestrunning": {
					"sec": 0
				},
				"retries": {
					"count": 0
				},
				"unfinished": {
					"sec": 0
				}
			}
		},
		"Index": "",
		"ID": "",
		"Namespace": "",
		"Timestamp": "0001-01-01T00:00:00Z",
		"Error": null,
		"Host": "",
		"Service": "",
		"Took": 0,
		"Period": 0,
		"DisableTimeSeries": false
	},
	{
		"RootFields": {},
		"ModuleFields": null,
		"MetricSetFields": {
			"name": "pvcprotection",
			"workqueue": {
				"adds": {
					"count": 2
				},
				"depth": {
					"count": 0
				},
				"longestrunning": {
					"sec": 0
				},
				"retries": {
					"count": 0
				},
				"unfinished": {
					"sec": 0
				}
			}
		},
		"Index": "",
		"ID": "",
		"Namespace": "",
		"Timestamp": "0001-01-01T00:00:00Z",
		"Error": null,
		"Host": "",
		"Service": "",
		"Took": 0,
		"Period": 0,
		"DisableTimeSeries": false
	},
	{
		"RootFields": {},
		"ModuleFields": null,
		"MetricSetFields": {
			"name": "token_cleaner",
			"workqueue": {
				"adds": {
					"count": 1
				},
				"depth": {
					"count": 0
				},
				"longestrunning": {
					"sec": 0
				},
				"retries": {
					"count": 1
				},
				"unfinished": {
					"sec": 0
				}
			}
		},
		"Index": "",
		"ID": "",
		"Namespace": "",
		"Timestamp": "0001-01-01T00:00:00Z",
		"Error": null,
		"Host": "",
		"Service": "",
		"Took": 0,
		"Period": 0,
		"DisableTimeSeries": false
	},
	{
		"RootFields": {},
		"ModuleFields": null,
		"MetricSetFields": {
			"client": {
				"request": {
					"count": 204
				}
			},
			"code": "201",
			"host": "172.20.0.2:6443",
			"method": "POST"
		},
		"Index": "",
		"ID": "",
		"Namespace": "",
		"Timestamp": "0001-01-01T00:00:00Z",
		"Error": null,
		"Host": "",
		"Service": "",
		"Took": 0,
		"Period": 0,
		"DisableTimeSeries": false
	},
	{
		"RootFields": {},
		"ModuleFields": null,
		"MetricSetFields": {
			"client": {
				"request": {
					"duration": {
						"us": {
							"bucket": {
								"+Inf": 26,
								"100000": 26,
								"1000000": 26,
								"15000000": 26,
								"2000000": 26,
								"25000": 26,
								"250000": 26,
								"30000000": 26,
								"4000000": 26,
								"5000": 26,
								"500000": 26,
								"60000000": 26,
								"8000000": 26
							},
							"count": 26,
							"sum": 72015.456
						}
					},
					"size": {
						"bytes": {
							"bucket": {
								"+Inf": 26,
								"1024": 26,
								"1048576": 26,
								"16384": 26,
								"16777216": 26,
								"256": 26,
								"262144": 26,
								"4096": 26,
								"4194304": 26,
								"512": 26,
								"64": 13,
								"65536": 26
							},
							"count": 26,
							"sum": 2769
						}
					}
				},
				"response": {
					"size": {
						"bytes": {
							"bucket": {
								"+Inf": 26,
								"1024": 13,
								"1048576": 26,
								"16384": 26,
								"16777216": 26,
								"256": 13,
								"262144": 26,
								"4096": 26,
								"4194304": 26,
								"512": 13,
								"64": 0,
								"65536": 26
							},
							"count": 26,
							"sum": 46563
						}
					}
				}
			},
			"host": "172.20.0.2:6443",
			"verb": "DELETE"
		},
		"Index": "",
		"ID": "",
		"Namespace": "",
		"Timestamp": "0001-01-01T00:00:00Z",
		"Error": null,
		"Host": "",
		"Service": "",
		"Took": 0,
		"Period": 0,
		"DisableTimeSeries": false
	},
	{
		"RootFields": {},
		"ModuleFields": null,
		"MetricSetFields": {
			"name": "garbage_collector_graph_changes",
			"workqueue": {
				"adds": {
					"count": 3161
				},
				"depth": {
					"count": 0
				},
				"longestrunning": {
					"sec": 0
				},
				"retries": {
					"count": 0
				},
				"unfinished": {
					"sec": 0
				}
			}
		},
		"Index": "",
		"ID": "",
		"Namespace": "",
		"Timestamp": "0001-01-01T00:00:00Z",
		"Error": null,
		"Host": "",
		"Service": "",
		"Took": 0,
		"Period": 0,
		"DisableTimeSeries": false
	},
	{
		"RootFields": {},
		"ModuleFields": null,
		"MetricSetFields": {
			"name": "volumes",
			"workqueue": {
				"adds": {
					"count": 68
				},
				"depth": {
					"count": 0
				},
				"longestrunning": {
					"sec": 0
				},
				"retries": {
					"count": 0
				},
				"unfinished": {
					"sec": 0
				}
			}
		},
		"Index": "",
		"ID": "",
		"Namespace": "",
		"Timestamp": "0001-01-01T00:00:00Z",
		"Error": null,
		"Host": "",
		"Service": "",
		"Took": 0,
		"Period": 0,
		"DisableTimeSeries": false
	},
	{
		"RootFields": {},
		"ModuleFields": null,
		"MetricSetFields": {
			"name": "pvprotection",
			"workqueue": {
				"adds": {
					"count": 0
				},
				"depth": {
					"count": 0
				},
				"longestrunning": {
					"sec": 0
				},
				"retries": {
					"count": 0
				},
				"unfinished": {
					"sec": 0
				}
			}
		},
		"Index": "",
		"ID": "",
		"Namespace": "",
		"Timestamp": "0001-01-01T00:00:00Z",
		"Error": null,
		"Host": "",
		"Service": "",
		"Took": 0,
		"Period": 0,
		"DisableTimeSeries": false
	},
	{
		"RootFields": {},
		"ModuleFields": null,
		"MetricSetFields": {
			"name": "vacprotection",
			"workqueue": {
				"adds": {
					"count": 0
				},
				"depth": {
					"count": 0
				},
				"longestrunning": {
					"sec": 0
				},
				"retries": {
					"count": 0
				},
				"unfinished": {
					"sec": 0
				}
			}
		},
		"Index": "",
		"ID": "",
		"Namespace": "",
		"Timestamp": "0001-01-01T00:00:00Z",
		"Error": null,
		"Host": "",
		"Service": "",
		"Took": 0,
		"Period": 0,
		"DisableTimeSeries": false
	},
	{
		"RootFields": {},
		"ModuleFields": null,
		"MetricSetFields": {
			"name": "ephemeral_volume",
			"workqueue": {
				"adds": {
					"count": 0
				},
				"depth": {
					"count": 0
				},
				"longestrunning": {
					"sec": 0
				},
				"retries": {
					"count": 0
				},
				"unfinished": {
					"sec": 0
				}
			}
		},
		"Index": "",
		"ID": "",
		"Namespace": "",
		"Timestamp": "0001-01-01T00:00:00Z",
		"Error": null,
		"Host": "",
		"Service": "",
		"Took": 0,
		"Period": 0,
		"DisableTimeSeries": false
	},
	{
		"RootFields": {},
		"ModuleFields": null,
		"MetricSetFields": {
			"name": "job_orphan_pod",
			"workqueue": {
				"adds": {
					"count": 29
				},
				"depth": {
					"count": 0
				},
				"longestrunning": {
					"sec": 0
				},
				"retries": {
					"count": 0
				},
				"unfinished": {
					"sec": 0
				}
			}
		},
		"Index": "",
		"ID": "",
		"Namespace": "",
		"Timestamp": "0001-01-01T00:00:00Z",
		"Error": null,
		"Host": "",
		"Service": "",
		"Took": 0,
		"Period": 0,
		"DisableTimeSeries": false
	},
	{
		"RootFields": {},
		"ModuleFields": null,
		"MetricSetFields": {
			"name": "bootstrap_signer_queue",
			"workqueue": {
				"adds": {
					"count": 2
				},
				"depth": {
					"count": 0
				},
				"longestrunning": {
					"sec": 0
				},
				"retries": {
					"count": 0
				},
				"unfinished": {
					"sec": 0
				}
			}
		},
		"Index": "",
		"ID": "",
		"Namespace": "",
		"Timestamp": "0001-01-01T00:00:00Z",
		"Error": null,
		"Host": "",
		"Service": "",
		"Took": 0,
		"Period": 0,
		"DisableTimeSeries": false
	},
	{
		"RootFields": {},
		"ModuleFields": null,
		"MetricSetFields": {
			"name": "replicationmanager",
			"workqueue": {
				"adds": {
					"count": 0
				},
				"depth": {
					"count": 0
				},
				"longestrunning": {
					"sec": 0
				},
				"retries": {
					"count": 0
				},
				"unfinished": {
					"sec": 0
				}
			}
		},
		"Index": "",
		"ID": "",
		"Namespace": "",
		"Timestamp": "0001-01-01T00:00:00Z",
		"Error": null,
		"Host": "",
		"Service": "",
		"Took": 0,
		"Period": 0,
		"DisableTimeSeries": false
	},
	{
		"RootFields": {},
		"ModuleFields": null,
		"MetricSetFields": {
			"client": {
				"request": {
					"duration": {
						"us": {
							"bucket": {
								"+Inf": 204,
								"100000": 181,
								"1000000": 200,
								"15000000": 204,
								"2000000": 204,
								"25000": 148,
								"250000": 181,
								"30000000": 204,
								"4000000": 204,
								"5000": 108,
								"500000": 183,
								"60000000": 204,
								"8000000": 204
							},
							"count": 204,
							"sum": 18598566.839999996
						}
					},
					"size": {
						"bytes": {
							"bucket": {
								"+Inf": 204,
								"1024": 190,
								"1048576": 204,
								"16384": 204,
								"16777216": 204,
								"256": 70,
								"262144": 204,
								"4096": 204,
								"4194304": 204,
								"512": 167,
								"64": 1,
								"65536": 204
							},
							"count": 204,
							"sum": 72577
						}
					}
				},
				"response": {
					"size": {
						"bytes": {
							"bucket": {
								"+Inf": 204,
								"1024": 129,
								"1048576": 204,
								"16384": 204,
								"16777216": 204,
								"256": 42,
								"262144": 204,
								"4096": 204,
								"4194304": 204,
								"512": 45,
								"64": 0,
								"65536": 204
							},
							"count": 204,
							"sum": 194895
						}
					}
				}
			},
			"host": "172.20.0.2:6443",
			"verb": "POST"
		},
		"Index": "",
		"ID": "",
		"Namespace": "",
		"Timestamp": "0001-01-01T00:00:00Z",
		"Error": null,
		"Host": "",
		"Service": "",
		"Took": 0,
		"Period": 0,
		"DisableTimeSeries": false
	},
	{
		"RootFields": {},
		"ModuleFields": null,
		"MetricSetFields": {
			"name": "deployment",
			"workqueue": {
				"adds": {
					"count": 3905
				},
				"depth": {
					"count": 0
				},
				"longestrunning": {
					"sec": 0
				},
				"retries": {
					"count": 3858
				},
				"unfinished": {
					"sec": 0
				}
			}
		},
		"Index": "",
		"ID": "",
		"Namespace": "",
		"Timestamp": "0001-01-01T00:00:00Z",
		"Error": null,
		"Host": "",
		"Service": "",
		"Took": 0,
		"Period": 0,
		"DisableTimeSeries": false
	},
	{
		"RootFields": {},
		"ModuleFields": null,
		"MetricSetFields": {
			"client": {
				"request": {
					"duration": {
						"us": {
							"bucket": {
								"+Inf": 1187,
								"100000": 1186,
								"1000000": 1187,
								"15000000": 1187,
								"2000000": 1187,
								"25000": 1185,
								"250000": 1186,
								"30000000": 1187,
								"4000000": 1187,
								"5000": 456,
								"500000": 1186,
								"60000000": 1187,
								"8000000": 1187
							},
							"count": 1187,
							"sum": 8043386.162999996
						}
					},
					"size": {
						"bytes": {
							"bucket": {
								"+Inf": 1187,
								"1024": 1068,
								"1048576": 1187,
								"16384": 1187,
								"16777216": 1187,
								"256": 0,
								"262144": 1187,
								"4096": 1187,
								"4194304": 1187,
								"512": 996,
								"64": 0,
								"65536": 1187
							},
							"count": 1187,
							"sum": 673262
						}
					}
				},
				"response": {
					"size": {
						"bytes": {
							"bucket": {
								"+Inf": 1187,
								"1024": 1007,
								"1048576": 1187,
								"16384": 1187,
								"16777216": 1187,
								"256": 5,
								"262144": 1187,
								"4096": 1178,
								"4194304": 1187,
								"512": 998,
								"64": 0,
								"65536": 1187
							},
							"count": 1187,
							"sum": 863514
						}
					}
				}
			},
			"host": "172.20.0.2:6443",
			"verb": "PUT"
		},
		"Index": "",
		"ID": "",
		"Namespace": "",
		"Timestamp": "0001-01-01T00:00:00Z",
		"Error": null,
		"Host": "",
		"Service": "",
		"Took": 0,
		"Period": 0,
		"DisableTimeSeries": false
	},
	{
		"RootFields": {},
		"ModuleFields": null,
		"MetricSetFields": {
			"name": "serviceaccount",
			"workqueue": {
				"adds": {
					"count": 5
				},
				"depth": {
					"count": 0
				},
				"longestrunning": {
					"sec": 0
				},
				"retries": {
					"count": 0
				},
				"unfinished": {
					"sec": 0
				}
			}
		},
		"Index": "",
		"ID": "",
		"Namespace": "",
		"Timestamp": "0001-01-01T00:00:00Z",
		"Error": null,
		"Host": "",
		"Service": "",
		"Took": 0,
		"Period": 0,
		"DisableTimeSeries": false
	},
	{
		"RootFields": {},
		"ModuleFields": null,
		"MetricSetFields": {
			"name": "garbage_collector_attempt_to_delete",
			"workqueue": {
				"adds": {
					"count": 14
				},
				"depth": {
					"count": 0
				},
				"longestrunning": {
					"sec": 0
				},
				"retries": {
					"count": 0
				},
				"unfinished": {
					"sec": 0
				}
			}
		},
		"Index": "",
		"ID": "",
		"Namespace": "",
		"Timestamp": "0001-01-01T00:00:00Z",
		"Error": null,
		"Host": "",
		"Service": "",
		"Took": 0,
		"Period": 0,
		"DisableTimeSeries": false
	},
	{
		"RootFields": {},
		"ModuleFields": null,
		"MetricSetFields": {
			"client": {
				"request": {
					"count": 26
				}
			},
			"code": "200",
			"host": "172.20.0.2:6443",
			"method": "DELETE"
		},
		"Index": "",
		"ID": "",
		"Namespace": "",
		"Timestamp": "0001-01-01T00:00:00Z",
		"Error": null,
		"Host": "",
		"Service": "",
		"Took": 0,
		"Period": 0,
		"DisableTimeSeries": false
	},
	{
		"RootFields": {},
		"ModuleFields": null,
		"MetricSetFields": {
			"client": {
				"request": {
					"count": 7
				}
			},
			"code": "409",
			"host": "172.20.0.2:6443",
			"method": "PUT"
		},
		"Index": "",
		"ID": "",
		"Namespace": "",
		"Timestamp": "0001-01-01T00:00:00Z",
		"Error": null,
		"Host": "",
		"Service": "",
		"Took": 0,
		"Period": 0,
		"DisableTimeSeries": false
	},
	{
		"RootFields": {},
		"ModuleFields": null,
		"MetricSetFields": {
			"name": "ttlcontroller",
			"workqueue": {
				"adds": {
					"count": 13
				},
				"depth": {
					"count": 0
				},
				"longestrunning": {
					"sec": 0
				},
				"retries": {
					"count": 0
				},
				"unfinished": {
					"sec": 0
				}
			}
		},
		"Index": "",
		"ID": "",
		"Namespace": "",
		"Timestamp": "0001-01-01T00:00:00Z",
		"Error": null,
		"Host": "",
		"Service": "",
		"Took": 0,
		"Period": 0,
		"DisableTimeSeries": false
	},
	{
		"RootFields": {},
		"ModuleFields": null,
		"MetricSetFields": {
			"name": "noexec_taint_node",
			"workqueue": {
				"adds": {
					"count": 1
				},
				"depth": {
					"count": 0
				},
				"longestrunning": {
					"sec": 0
				},
				"unfinished": {
					"sec": 0
				}
			}
		},
		"Index": "",
		"ID": "",
		"Namespace": "",
		"Timestamp": "0001-01-01T00:00:00Z",
		"Error": null,
		"Host": "",
		"Service": "",
		"Took": 0,
		"Period": 0,
		"DisableTimeSeries": false
	},
	{
		"RootFields": {},
		"ModuleFields": null,
		"MetricSetFields": {
			"name": "volume_expand",
			"workqueue": {
				"adds": {
					"count": 1
				},
				"depth": {
					"count": 0
				},
				"longestrunning": {
					"sec": 0
				},
				"retries": {
					"count": 0
				},
				"unfinished": {
					"sec": 0
				}
			}
		},
		"Index": "",
		"ID": "",
		"Namespace": "",
		"Timestamp": "0001-01-01T00:00:00Z",
		"Error": null,
		"Host": "",
		"Service": "",
		"Took": 0,
		"Period": 0,
		"DisableTimeSeries": false
	},
	{
		"RootFields": {},
		"ModuleFields": null,
		"MetricSetFields": {
			"name": "endpoint",
			"workqueue": {
				"adds": {
					"count": 12
				},
				"depth": {
					"count": 0
				},
				"longestrunning": {
					"sec": 0
				},
				"retries": {
					"count": 9
				},
				"unfinished": {
					"sec": 0
				}
			}
		},
		"Index": "",
		"ID": "",
		"Namespace": "",
		"Timestamp": "0001-01-01T00:00:00Z",
		"Error": null,
		"Host": "",
		"Service": "",
		"Took": 0,
		"Period": 0,
		"DisableTimeSeries": false
	},
	{
		"RootFields": {},
		"ModuleFields": null,
		"MetricSetFields": {
			"name": "ipaddresses",
			"workqueue": {
				"adds": {
					"count": 3
				},
				"depth": {
					"count": 0
				},
				"longestrunning": {
					"sec": 0
				},
				"retries": {
					"count": 0
				},
				"unfinished": {
					"sec": 0
				}
			}
		},
		"Index": "",
		"ID": "",
		"Namespace": "",
		"Timestamp": "0001-01-01T00:00:00Z",
		"Error": null,
		"Host": "",
		"Service": "",
		"Took": 0,
		"Period": 0,
		"DisableTimeSeries": false
	},
	{
		"RootFields": {},
		"ModuleFields": null,
		"MetricSetFields": {
			"name": "disruption_recheck",
			"workqueue": {
				"adds": {
					"count": 0
				},
				"depth": {
					"count": 0
				},
				"longestrunning": {
					"sec": 0
				},
				"retries": {
					"count": 0
				},
				"unfinished": {
					"sec": 0
				}
			}
		},
		"Index": "",
		"ID": "",
		"Namespace": "",
		"Timestamp": "0001-01-01T00:00:00Z",
		"Error": null,
		"Host": "",
		"Service": "",
		"Took": 0,
		"Period": 0,
		"DisableTimeSeries": false
	},
	{
		"RootFields": {},
		"ModuleFields": null,
		"MetricSetFields": {
			"name": "certificate",
			"workqueue": {
				"adds": {
					"count": 15
				},
				"depth": {
					"count": 0
				},
				"longestrunning": {
					"sec": 0
				},
				"retries": {
					"count": 0
				},
				"unfinished": {
					"sec": 0
				}
			}
		},
		"Index": "",
		"ID": "",
		"Namespace": "",
		"Timestamp": "0001-01-01T00:00:00Z",
		"Error": null,
		"Host": "",
		"Service": "",
		"Took": 0,
		"Period": 0,
		"DisableTimeSeries": false
	},
	{
		"RootFields": {},
		"ModuleFields": null,
		"MetricSetFields": {
			"name": "endpoint_slice_mirroring",
			"workqueue": {
				"adds": {
					"count": 9
				},
				"depth": {
					"count": 0
				},
				"longestrunning": {
					"sec": 0
				},
				"retries": {
					"count": 0
				},
				"unfinished": {
					"sec": 0
				}
			}
		},
		"Index": "",
		"ID": "",
		"Namespace": "",
		"Timestamp": "0001-01-01T00:00:00Z",
		"Error": null,
		"Host": "",
		"Service": "",
		"Took": 0,
		"Period": 0,
		"DisableTimeSeries": false
	},
	{
		"RootFields": {},
		"ModuleFields": null,
		"MetricSetFields": {
			"name": "noexec_taint_pod",
			"workqueue": {
				"adds": {
					"count": 67
				},
				"depth": {
					"count": 0
				},
				"longestrunning": {
					"sec": 0
				},
				"unfinished": {
					"sec": 0
				}
			}
		},
		"Index": "",
		"ID": "",
		"Namespace": "",
		"Timestamp": "0001-01-01T00:00:00Z",
		"Error": null,
		"Host": "",
		"Service": "",
		"Took": 0,
		"Period": 0,
		"DisableTimeSeries": false
	},
	{
		"RootFields": {},
		"ModuleFields": null,
		"MetricSetFields": {
			"name": "namespace",
			"workqueue": {
				"adds": {
					"count": 0
				},
				"depth": {
					"count": 0
				},
				"longestrunning": {
					"sec": 0
				},
				"retries": {
					"count": 0
				},
				"unfinished": {
					"sec": 0
				}
			}
		},
		"Index": "",
		"ID": "",
		"Namespace": "",
		"Timestamp": "0001-01-01T00:00:00Z",
		"Error": null,
		"Host": "",
		"Service": "",
		"Took": 0,
		"Period": 0,
		"DisableTimeSeries": false
	},
	{
		"RootFields": {},
		"ModuleFields": null,
		"MetricSetFields": {
			"client": {
				"request": {
					"duration": {
						"us": {
							"bucket": {
								"+Inf": 57,
								"100000": 52,
								"1000000": 53,
								"15000000": 57,
								"2000000": 57,
								"25000": 52,
								"250000": 52,
								"30000000": 57,
								"4000000": 57,
								"5000": 28,
								"500000": 52,
								"60000000": 57,
								"8000000": 57
							},
							"count": 57,
							"sum": 5397075.789999998
						}
					},
					"size": {
						"bytes": {
							"bucket": {
								"+Inf": 57,
								"1024": 52,
								"1048576": 57,
								"16384": 57,
								"16777216": 57,
								"256": 24,
								"262144": 57,
								"4096": 55,
								"4194304": 57,
								"512": 52,
								"64": 1,
								"65536": 57
							},
							"count": 57,
							"sum": 26598
						}
					}
				},
				"response": {
					"size": {
						"bytes": {
							"bucket": {
								"+Inf": 57,
								"1024": 32,
								"1048576": 57,
								"16384": 57,
								"16777216": 57,
								"256": 1,
								"262144": 57,
								"4096": 55,
								"4194304": 57,
								"512": 1,
								"64": 0,
								"65536": 57
							},
							"count": 57,
							"sum": 111561
						}
					}
				}
			},
			"host": "172.20.0.2:6443",
			"verb": "PATCH"
		},
		"Index": "",
		"ID": "",
		"Namespace": "",
		"Timestamp": "0001-01-01T00:00:00Z",
		"Error": null,
		"Host": "",
		"Service": "",
		"Took": 0,
		"Period": 0,
		"DisableTimeSeries": false
	},
	{
		"RootFields": {},
		"ModuleFields": null,
		"MetricSetFields": {
			"name": "daemonset",
			"workqueue": {
				"adds": {
					"count": 16
				},
				"depth": {
					"count": 0
				},
				"longestrunning": {
					"sec": 0
				},
				"retries": {
					"count": 1
				},
				"unfinished": {
					"sec": 0
				}
			}
		},
		"Index": "",
		"ID": "",
		"Namespace": "",
		"Timestamp": "0001-01-01T00:00:00Z",
		"Error": null,
		"Host": "",
		"Service": "",
		"Took": 0,
		"Period": 0,
		"DisableTimeSeries": false
	},
	{
		"RootFields": {},
		"ModuleFields": null,
		"MetricSetFields": {
			"name": "DynamicCABundle-csr-controller",
			"workqueue": {
				"adds": {
					"count": 4
				},
				"depth": {
					"count": 0
				},
				"longestrunning": {
					"sec": 0
				},
				"retries": {
					"count": 0
				},
				"unfinished": {
					"sec": 0
				}
			}
		},
		"Index": "",
		"ID": "",
		"Namespace": "",
		"Timestamp": "0001-01-01T00:00:00Z",
		"Error": null,
		"Host": "",
		"Service": "",
		"Took": 0,
		"Period": 0,
		"DisableTimeSeries": false
	},
	{
		"RootFields": {},
		"ModuleFields": null,
		"MetricSetFields": {
			"name": "disruption",
			"workqueue": {
				"adds": {
					"count": 0
				},
				"depth": {
					"count": 0
				},
				"longestrunning": {
					"sec": 0
				},
				"retries": {
					"count": 0
				},
				"unfinished": {
					"sec": 0
				}
			}
		},
		"Index": "",
		"ID": "",
		"Namespace": "",
		"Timestamp": "0001-01-01T00:00:00Z",
		"Error": null,
		"Host": "",
		"Service": "",
		"Took": 0,
		"Period": 0,
		"DisableTimeSeries": false
	},
	{
		"RootFields": {},
		"ModuleFields": null,
		"MetricSetFields": {
			"name": "statefulset",
			"workqueue": {
				"adds": {
					"count": 8
				},
				"depth": {
					"count": 0
				},
				"longestrunning": {
					"sec": 0
				},
				"retries": {
					"count": 0
				},
				"unfinished": {
					"sec": 0
				}
			}
		},
		"Index": "",
		"ID": "",
		"Namespace": "",
		"Timestamp": "0001-01-01T00:00:00Z",
		"Error": null,
		"Host": "",
		"Service": "",
		"Took": 0,
		"Period": 0,
		"DisableTimeSeries": false
	},
	{
		"RootFields": {},
		"ModuleFields": null,
		"MetricSetFields": {
			"name": "horizontalpodautoscaler",
			"workqueue": {
				"adds": {
					"count": 65
				},
				"depth": {
					"count": 0
				},
				"longestrunning": {
					"sec": 0
				},
				"retries": {
					"count": 133
				},
				"unfinished": {
					"sec": 0
				}
			}
		},
		"Index": "",
		"ID": "",
		"Namespace": "",
		"Timestamp": "0001-01-01T00:00:00Z",
		"Error": null,
		"Host": "",
		"Service": "",
		"Took": 0,
		"Period": 0,
		"DisableTimeSeries": false
	},
	{
		"RootFields": {},
		"ModuleFields": null,
		"MetricSetFields": {
			"name": "node_lifecycle_controller_pods",
			"workqueue": {
				"adds": {
					"count": 29
				},
				"depth": {
					"count": 0
				},
				"longestrunning": {
					"sec": 0
				},
				"retries": {
					"count": 0
				},
				"unfinished": {
					"sec": 0
				}
			}
		},
		"Index": "",
		"ID": "",
		"Namespace": "",
		"Timestamp": "0001-01-01T00:00:00Z",
		"Error": null,
		"Host": "",
		"Service": "",
		"Took": 0,
		"Period": 0,
		"DisableTimeSeries": false
	},
	{
		"RootFields": {},
		"ModuleFields": null,
		"MetricSetFields": {
			"client": {
				"request": {
					"count": 1
				}
			},
			"code": "404",
			"host": "172.20.0.2:6443",
			"method": "PATCH"
		},
		"Index": "",
		"ID": "",
		"Namespace": "",
		"Timestamp": "0001-01-01T00:00:00Z",
		"Error": null,
		"Host": "",
		"Service": "",
		"Took": 0,
		"Period": 0,
		"DisableTimeSeries": false
	},
	{
		"RootFields": {},
		"ModuleFields": null,
		"MetricSetFields": {
			"client": {
				"request": {
					"count": 1180
				}
			},
			"code": "200",
			"host": "172.20.0.2:6443",
			"method": "PUT"
		},
		"Index": "",
		"ID": "",
		"Namespace": "",
		"Timestamp": "0001-01-01T00:00:00Z",
		"Error": null,
		"Host": "",
		"Service": "",
		"Took": 0,
		"Period": 0,
		"DisableTimeSeries": false
	},
	{
		"RootFields": {},
		"ModuleFields": null,
		"MetricSetFields": {
			"client": {
				"request": {
					"duration": {
						"us": {
							"bucket": {
								"+Inf": 602,
								"100000": 586,
								"1000000": 602,
								"15000000": 602,
								"2000000": 602,
								"25000": 516,
								"250000": 592,
								"30000000": 602,
								"4000000": 602,
								"5000": 490,
								"500000": 599,
								"60000000": 602,
								"8000000": 602
							},
							"count": 602,
							"sum": 10255434.617000008
						}
					},
					"size": {
						"bytes": {
							"bucket": {
								"+Inf": 602,
								"1024": 602,
								"1048576": 602,
								"16384": 602,
								"16777216": 602,
								"256": 602,
								"262144": 602,
								"4096": 602,
								"4194304": 602,
								"512": 602,
								"64": 602,
								"65536": 602
							},
							"count": 602,
							"sum": 0
						}
					}
				},
				"response": {
					"size": {
						"bytes": {
							"bucket": {
								"+Inf": 537,
								"1024": 176,
								"1048576": 537,
								"16384": 367,
								"16777216": 537,
								"256": 137,
								"262144": 537,
								"4096": 197,
								"4194304": 537,
								"512": 176,
								"64": 1,
								"65536": 537
							},
							"count": 537,
							"sum": 4367583
						}
					}
				}
			},
			"host": "172.20.0.2:6443",
			"verb": "GET"
		},
		"Index": "",
		"ID": "",
		"Namespace": "",
		"Timestamp": "0001-01-01T00:00:00Z",
		"Error": null,
		"Host": "",
		"Service": "",
		"Took": 0,
		"Period": 0,
		"DisableTimeSeries": false
	},
	{
		"RootFields": {},
		"ModuleFields": null,
		"MetricSetFields": {
			"client": {
				"request": {
					"count": 1
				}
			},
			"code": "403",
			"host": "172.20.0.2:6443",
			"method": "GET"
		},
		"Index": "",
		"ID": "",
		"Namespace": "",
		"Timestamp": "0001-01-01T00:00:00Z",
		"Error": null,
		"Host": "",
		"Service": "",
		"Took": 0,
		"Period": 0,
		"DisableTimeSeries": false
	},
	{
		"RootFields": {},
		"ModuleFields": null,
		"MetricSetFields": {
			"name": "serviceaccount_tokens_service",
			"workqueue": {
				"adds": {
					"count": 47
				},
				"depth": {
					"count": 0
				},
				"longestrunning": {
					"sec": 0
				},
				"retries": {
					"count": 0
				},
				"unfinished": {
					"sec": 0
				}
			}
		},
		"Index": "",
		"ID": "",
		"Namespace": "",
		"Timestamp": "0001-01-01T00:00:00Z",
		"Error": null,
		"Host": "",
		"Service": "",
		"Took": 0,
		"Period": 0,
		"DisableTimeSeries": false
	},
	{
		"RootFields": {},
		"ModuleFields": null,
		"MetricSetFields": {
			"name": "garbage_collector_attempt_to_orphan",
			"workqueue": {
				"adds": {
					"count": 0
				},
				"depth": {
					"count": 0
				},
				"longestrunning": {
					"sec": 0
				},
				"retries": {
					"count": 0
				},
				"unfinished": {
					"sec": 0
				}
			}
		},
		"Index": "",
		"ID": "",
		"Namespace": "",
		"Timestamp": "0001-01-01T00:00:00Z",
		"Error": null,
		"Host": "",
		"Service": "",
		"Took": 0,
		"Period": 0,
		"DisableTimeSeries": false
	},
	{
		"RootFields": {},
		"ModuleFields": null,
		"MetricSetFields": {
			"name": "endpoint_slice",
			"workqueue": {
				"adds": {
					"count": 16
				},
				"depth": {
					"count": 0
				},
				"longestrunning": {
					"sec": 0
				},
				"retries": {
					"count": 14
				},
				"unfinished": {
					"sec": 0
				}
			}
		},
		"Index": "",
		"ID": "",
		"Namespace": "",
		"Timestamp": "0001-01-01T00:00:00Z",
		"Error": null,
		"Host": "",
		"Service": "",
		"Took": 0,
		"Period": 0,
		"DisableTimeSeries": false
	},
	{
		"RootFields": {},
		"ModuleFields": null,
		"MetricSetFields": {
			"node": {
				"collector": {
					"count": 1,
					"eviction": {
						"count": 0
					},
					"health": {
						"pct": 100
					},
					"unhealthy": {
						"count": 0
					}
				}
			},
			"process": {
				"cpu": {
					"sec": 37
				},
				"fds": {
					"max": {
						"count": 1073741816
					},
					"open": {
						"count": 18
					}
				},
				"memory": {
					"resident": {
						"bytes": 125669376
					},
					"virtual": {
						"bytes": 1430102016
					}
				},
				"started": {
					"sec": 1783937005.94
				}
			}
		},
		"Index": "",
		"ID": "",
		"Namespace": "",
		"Timestamp": "0001-01-01T00:00:00Z",
		"Error": null,
		"Host": "",
		"Service": "",
		"Took": 0,
		"Period": 0,
		"DisableTimeSeries": false
	},
	{
		"RootFields": {},
		"ModuleFields": null,
		"MetricSetFields": {
			"name": "device-taint-eviction-controller",
			"workqueue": {
				"adds": {
					"count": 0
				},
				"depth": {
					"count": 0
				},
				"longestrunning": {
					"sec": 0
				},
				"retries": {
					"count": 0
				},
				"unfinished": {
					"sec": 0
				}
			}
		},
		"Index": "",
		"ID": "",
		"Namespace": "",
		"Timestamp": "0001-01-01T00:00:00Z",
		"Error": null,
		"Host": "",
		"Service": "",
		"Took": 0,
		"Period": 0,
		"DisableTimeSeries": false
	},
	{
		"RootFields": {},
		"ModuleFields": null,
		"MetricSetFields": {
			"name": "DynamicCABundle-client-ca-bundle",
			"workqueue": {
				"adds": {
					"count": 1
				},
				"depth": {
					"count": 0
				},
				"longestrunning": {
					"sec": 0
				},
				"retries": {
					"count": 0
				},
				"unfinished": {
					"sec": 0
				}
			}
		},
		"Index": "",
		"ID": "",
		"Namespace": "",
		"Timestamp": "0001-01-01T00:00:00Z",
		"Error": null,
		"Host": "",
		"Service": "",
		"Took": 0,
		"Period": 0,
		"DisableTimeSeries": false
	},
	{
		"RootFields": {},
		"ModuleFields": null,
		"MetricSetFields": {
			"name": "resourcequota_priority",
			"workqueue": {
				"adds": {
					"count": 1
				},
				"depth": {
					"count": 0
				},
				"longestrunning": {
					"sec": 0
				},
				"retries": {
					"count": 0
				},
				"unfinished": {
					"sec": 0
				}
			}
		},
		"Index": "",
		"ID": "",
		"Namespace": "",
		"Timestamp": "0001-01-01T00:00:00Z",
		"Error": null,
		"Host": "",
		"Service": "",
		"Took": 0,
		"Period": 0,
		"DisableTimeSeries": false
	},
	{
		"RootFields": {},
		"ModuleFields": null,
		"MetricSetFields": {
			"client": {
				"request": {
					"count": 56
				}
			},
			"code": "200",
			"host": "172.20.0.2:6443",
			"method": "PATCH"
		},
		"Index": "",
		"ID": "",
		"Namespace": "",
		"Timestamp": "0001-01-01T00:00:00Z",
		"Error": null,
		"Host": "",
		"Service": "",
		"Took": 0,
		"Period": 0,
		"DisableTimeSeries": false
	},
	{
		"RootFields": {},
		"ModuleFields": null,
		"MetricSetFields": {
			"name": "DynamicCABundle-request-header",
			"workqueue": {
				"adds": {
					"count": 1
				},
				"depth": {
					"count": 0
				},
				"longestrunning": {
					"sec": 0
				},
				"retries": {
					"count": 0
				},
				"unfinished": {
					"sec": 0
				}
			}
		},
		"Index": "",
		"ID": "",
		"Namespace": "",
		"Timestamp": "0001-01-01T00:00:00Z",
		"Error": null,
		"Host": "",
		"Service": "",
		"Took": 0,
		"Period": 0,
		"DisableTimeSeries": false
	},
	{
		"RootFields": {},
		"ModuleFields": null,
		"MetricSetFields": {
			"name": "ClusterRoleAggregator",
			"workqueue": {
				"adds": {
					"count": 22
				},
				"depth": {
					"count": 0
				},
				"longestrunning": {
					"sec": 0
				},
				"retries": {
					"count": 0
				},
				"unfinished": {
					"sec": 0
				}
			}
		},
		"Index": "",
		"ID": "",
		"Namespace": "",
		"Timestamp": "0001-01-01T00:00:00Z",
		"Error": null,
		"Host": "",
		"Service": "",
		"Took": 0,
		"Period": 0,
		"DisableTimeSeries": false
	},
	{
		"RootFields": {},
		"ModuleFields": null,
		"MetricSetFields": {
			"name": "claims",
			"workqueue": {
				"adds": {
					"count": 71
				},
				"depth": {
					"count": 0
				},
				"longestrunning": {
					"sec": 0
				},
				"retries": {
					"count": 0
				},
				"unfinished": {
					"sec": 0
				}
			}
		},
		"Index": "",
		"ID": "",
		"Namespace": "",
		"Timestamp": "0001-01-01T00:00:00Z",
		"Error": null,
		"Host": "",
		"Service": "",
		"Took": 0,
		"Period": 0,
		"DisableTimeSeries": false
	},
	{
		"RootFields": {},
		"ModuleFields": null,
		"MetricSetFields": {
			"name": "daemonset-node-updates",
			"workqueue": {
				"adds": {
					"count": 2
				},
				"depth": {
					"count": 0
				},
				"longestrunning": {
					"sec": 0
				},
				"retries": {
					"count": 0
				},
				"unfinished": {
					"sec": 0
				}
			}
		},
		"Index": "",
		"ID": "",
		"Namespace": "",
		"Timestamp": "0001-01-01T00:00:00Z",
		"Error": null,
		"Host": "",
		"Service": "",
		"Took": 0,
		"Period": 0,
		"DisableTimeSeries": false
	},
	{
		"RootFields": {},
		"ModuleFields": null,
		"MetricSetFields": {
			"name": "validatingadmissionpolicy-status",
			"workqueue": {
				"adds": {
					"count": 0
				},
				"depth": {
					"count": 0
				},
				"longestrunning": {
					"sec": 0
				},
				"retries": {
					"count": 0
				},
				"unfinished": {
					"sec": 0
				}
			}
		},
		"Index": "",
		"ID": "",
		"Namespace": "",
		"Timestamp": "0001-01-01T00:00:00Z",
		"Error": null,
		"Host": "",
		"Service": "",
		"Took": 0,
		"Period": 0,
		"DisableTimeSeries": false
	},
	{
		"RootFields": {},
		"ModuleFields": null,
		"MetricSetFields": {
			"name": "resource_quota_controller_resource_changes",
			"workqueue": {
				"adds": {
					"count": 73
				},
				"depth": {
					"count": 0
				},
				"longestrunning": {
					"sec": 0
				},
				"retries": {
					"count": 0
				},
				"unfinished": {
					"sec": 0
				}
			}
		},
		"Index": "",
		"ID": "",
		"Namespace": "",
		"Timestamp": "0001-01-01T00:00:00Z",
		"Error": null,
		"Host": "",
		"Service": "",
		"Took": 0,
		"Period": 0,
		"DisableTimeSeries": false
	},
	{
		"RootFields": {},
		"ModuleFields": null,
		"MetricSetFields": {
			"name": "cidrallocator_node",
			"workqueue": {
				"adds": {
					"count": 13
				},
				"depth": {
					"count": 0
				},
				"longestrunning": {
					"sec": 0
				},
				"retries": {
					"count": 0
				},
				"unfinished": {
					"sec": 0
				}
			}
		},
		"Index": "",
		"ID": "",
		"Namespace": "",
		"Timestamp": "0001-01-01T00:00:00Z",
		"Error": null,
		"Host": "",
		"Service": "",
		"Took": 0,
		"Period": 0,
		"DisableTimeSeries": false
	},
	{
		"RootFields": {},
		"ModuleFields": null,
		"MetricSetFields": {
			"client": {
				"request": {
					"count": 103
				}
			},
			"code": "404",
			"host": "172.20.0.2:6443",
			"method": "GET"
		},
		"Index": "",
		"ID": "",
		"Namespace": "",
		"Timestamp": "0001-01-01T00:00:00Z",
		"Error": null,
		"Host": "",
		"Service": "",
		"Took": 0,
		"Period": 0,
		"DisableTimeSeries": false
	},
	{
		"RootFields": {},
		"ModuleFields": null,
		"MetricSetFields": {
			"name": "resource_claim",
			"workqueue": {
				"adds": {
					"count": 0
				},
				"depth": {
					"count": 0
				},
				"longestrunning": {
					"sec": 0
				},
				"retries": {
					"count": 0
				},
				"unfinished": {
					"sec": 0
				}
			}
		},
		"Index": "",
		"ID": "",
		"Namespace": "",
		"Timestamp": "0001-01-01T00:00:00Z",
		"Error": null,
		"Host": "",
		"Service": "",
		"Took": 0,
		"Period": 0,
		"DisableTimeSeries": false
	},
	{
		"RootFields": {},
		"ModuleFields": null,
		"MetricSetFields": {
			"name": "node_lifecycle_controller",
			"workqueue": {
				"adds": {
					"count": 13
				},
				"depth": {
					"count": 0
				},
				"longestrunning": {
					"sec": 0
				},
				"unfinished": {
					"sec": 0
				}
			}
		},
		"Index": "",
		"ID": "",
		"Namespace": "",
		"Timestamp": "0001-01-01T00:00:00Z",
		"Error": null,
		"Host": "",
		"Service": "",
		"Took": 0,
		"Period": 0,
		"DisableTimeSeries": false
	},
	{
		"RootFields": {},
		"ModuleFields": null,
		"MetricSetFields": {
			"name": "resourcequota_primary",
			"workqueue": {
				"adds": {
					"count": 3
				},
				"depth": {
					"count": 0
				},
				"longestrunning": {
					"sec": 0
				},
				"retries": {
					"count": 0
				},
				"unfinished": {
					"sec": 0
				}
			}
		},
		"Index": "",
		"ID": "",
		"Namespace": "",
		"Timestamp": "0001-01-01T00:00:00Z",
		"Error": null,
		"Host": "",
		"Service": "",
		"Took": 0,
		"Period": 0,
		"DisableTimeSeries": false
	},
	{
		"RootFields": {},
		"ModuleFields": null,
		"MetricSetFields": {
			"leader": {
				"is_master": true
			},
			"name": "kube-controller-manager"
		},
		"Index": "",
		"ID": "",
		"Namespace": "",
		"Timestamp": "0001-01-01T00:00:00Z",
		"Error": null,
		"Host": "",
		"Service": "",
		"Took": 0,
		"Period": 0,
		"DisableTimeSeries": false
	},
	{
		"RootFields": {},
		"ModuleFields": null,
		"MetricSetFields": {
			"name": "replicaset",
			"workqueue": {
				"adds": {
					"count": 85
				},
				"depth": {
					"count": 0
				},
				"longestrunning": {
					"sec": 0
				},
				"retries": {
					"count": 2
				},
				"unfinished": {
					"sec": 0
				}
			}
		},
		"Index": "",
		"ID": "",
		"Namespace": "",
		"Timestamp": "0001-01-01T00:00:00Z",
		"Error": null,
		"Host": "",
		"Service": "",
		"Took": 0,
		"Period": 0,
		"DisableTimeSeries": false
	},
	{
		"RootFields": {},
		"ModuleFields": null,
		"MetricSetFields": {
			"name": "pvcs",
			"workqueue": {
				"adds": {
					"count": 5
				},
				"depth": {
					"count": 0
				},
				"longestrunning": {
					"sec": 0
				},
				"retries": {
					"count": 0
				},
				"unfinished": {
					"sec": 0
				}
			}
		},
		"Index": "",
		"ID": "",
		"Namespace": "",
		"Timestamp": "0001-01-01T00:00:00Z",
		"Error": null,
		"Host": "",
		"Service": "",
		"Took": 0,
		"Period": 0,
		"DisableTimeSeries": false
	}
]