[
	{
		"RootFields": null,
		"ModuleFields": {
			"namespace": "kube-system"
		},
		"MetricSetFields": {
			"completions": {
				"desired": 1
			},
			"name": "hello-cronjob-27900585",
			"owner": {
				"is_controller": "true",
				"kind": "CronJob",
				"name": "hello-cronjob"
			},
			"parallelism": {
				"desired": 1
			},
			"pods": {
				"active": 0,
				"failed": 0,
				"succeeded": 1
			},
			"status": {
				"complete": "true"
			},
			"time": {
				"completed": "2023-01-18T09:45:04.000Z",
				"created": "2023-01-18T09:45:00.000Z"
			}
		},
		"Index": "",
		"ID": "",
		"Namespace": "kubernetes.job",
		"Timestamp": "0001-01-01T00:00:00Z",
		"Error": null,
		"Host": "",
		"Service": "",
		"Took": 0,
		"Period": 0,
		"DisableTimeSeries": false
	},
	{
		"RootFields": null,
		"ModuleFields": {
			"namespace": "kube-system"
		},
		"MetricSetFields": {
			"completions": {
				"desired": 1
			},
			"name": "hello-cronjob-27900586",
			"owner": {
				"is_controller": "true",
				"kind": "CronJob",
				"name": "hello-cronjob"
			},
			"parallelism": {
				"desired": 1
			},
			"pods": {
				"active": 0,
				"failed": 0,
				"succeeded": 1
			},
			"status": {
				"complete": "true"
			},
			"time": {
				"completed": "2023-01-18T09:46:04.000Z",
				"created": "2023-01-18T09:46:00.000Z"
			}
		},
		"Index": "",
		"ID": "",
		"Namespace": "kubernetes.job",
		"Timestamp": "0001-01-01T00:00:00Z",
		"Error": null,
		"Host": "",
		"Service": "",
		"Took": 0,
		"Period": 0,
		"DisableTimeSeries": false
	},
	{
		"RootFields": null,
		"ModuleFields": {
			"namespace": "kube-system"
		},
		"MetricSetFields": {
			"completions": {
				"desired": 1
			},
			"name": "hello-cronjob-27900587",
			"owner": {
				"is_controller": "true",
				"kind": "CronJob",
				"name": "hello-cronjob"
			},
			"parallelism": {
				"desired": 1
			},
			"pods": {
				"active": 0,
				"failed": 0,
				"succeeded": 1
			},
			"status": {
				"complete": "true"
			},
			"time": {
				"completed": "2023-01-18T09:47:04.000Z",
				"created": "2023-01-18T09:47:00.000Z"
			}
		},
		"Index": "",
		"ID": "",
		"Namespace": "kubernetes.job",
		"Timestamp": "0001-01-01T00:00:00Z",
		"Error": null,
		"Host": "",
		"Service": "",
		"Took": 0,
		"Period": 0,
		"DisableTimeSeries": false
	},
	{
		"RootFields": null,
		"ModuleFields": {
			"namespace": "kube-system"
		},
		"MetricSetFields": {
			"completions": {
				"desired": 1
			},
			"name": "pi",
			"owner": {
				"is_controller": "\u003cnone\u003e",
				"kind": "\u003cnone\u003e",
				"name": "\u003cnone\u003e"
			},
			"parallelism": {
				"desired": 1
			},
			"pods": {
				"active": 0,
				"failed": 0,
				"succeeded": 1
			},
			"status": {
				"complete": "true"
			},
			"time": {
				"completed": "2023-01-17T15:30:11.000Z",
				"created": "2023-01-17T15:29:15.000Z"
			}
		},
		"Index": "",
		"ID": "",
		"Namespace": "kubernetes.job",
		"Timestamp": "0001-01-01T00:00:00Z",
		"Error": null,
		"Host": "",
		"Service": "",
		"Took": 0,
		"Period": 0,
		"DisableTimeSeries": false
	}
]