[
	{
		"RootFields": {
			"container": {
				"id": "4beb9aab887ca162c9cb3534c4826156636241052cd548153eaa2a170b6d102f",
				"runtime": "docker"
			}
		},
		"ModuleFields": {
			"namespace": "kube-system",
			"node": {
				"name": "minikube"
			},
			"pod": {
				"name": "kube-controller-manager-minikube"
			}
		},
		"MetricSetFields": {
			"cpu": {
				"request": {
					"cores": 0.2
				}
			},
			"id": "docker://4beb9aab887ca162c9cb3534c4826156636241052cd548153eaa2a170b6d102f",
			"image": "gcr.io/google_containers/kube-controller-manager-amd64:v1.9.7",
			"name": "kube-controller-manager",
			"status": {
				"phase": "running",
				"ready": true,
				"restarts": 0
			}
		},
		"Index": "",
		"ID": "",
		"Namespace": "kubernetes.container",
		"Timestamp": "0001-01-01T00:00:00Z",
		"Error": null,
		"Host": "",
		"Service": "",
		"Took": 0,
		"Period": 0,
		"DisableTimeSeries": false
	},
	{
		"RootFields": {
			"container": {
				"id": "c46bc2164edcb5972be6fc9174155e61179cb04314c4f6da5d25d3a76acadee6",
				"runtime": "docker"
			}
		},
		"ModuleFields": {
			"namespace": "kube-system",
			"node": {
				"name": "minikube"
			},
			"pod": {
				"name": "kubernetes-dashboard-77d8b98585-vqtzm"
			}
		},
		"MetricSetFields": {
			"id": "docker://c46bc2164edcb5972be6fc9174155e61179cb04314c4f6da5d25d3a76acadee6",
			"image": "k8s.gcr.io/kubernetes-dashboard-amd64:v1.8.1",
			"name": "kubernetes-dashboard",
			"status": {
				"phase": "running",
				"ready": true,
				"restarts": 0
			}
		},
		"Index": "",
		"ID": "",
		"Namespace": "kubernetes.container",
		"Timestamp": "0001-01-01T00:00:00Z",
		"Error": null,
		"Host": "",
		"Service": "",
		"Took": 0,
		"Period": 0,
		"DisableTimeSeries": false
	},
	{
		"RootFields": {
			"container": {
				"id": "88951e0178ea5131fa3e2d7cafacb3a7e63700795dd6fa0d40ed2e4ac1f52f9c",
				"runtime": "docker"
			}
		},
		"ModuleFields": {
			"namespace": "kube-system",
			"node": {
				"name": "minikube"
			},
			"pod": {
				"name": "kube-state-metrics-6479d88c5c-5b6cl"
			}
		},
		"MetricSetFields": {
			"cpu": {
				"limit": {
					"cores": 0.101
				},
				"request": {
					"cores": 0.101
				}
			},
			"id": "docker://88951e0178ea5131fa3e2d7cafacb3a7e63700795dd6fa0d40ed2e4ac1f52f9c",
			"image": "quay.io/coreos/kube-state-metrics:v1.3.0",
			"memory": {
				"limit": {
					"bytes": 106954752
				},
				"request": {
					"bytes": 106954752
				}
			},
			"name": "kube-state-metrics",
			"status": {
				"phase": "running",
				"ready": true,
				"restarts": 0
			}
		},
		"Index": "",
		"ID": "",
		"Namespace": "kubernetes.container",
		"Timestamp": "0001-01-01T00:00:00Z",
		"Error": null,
		"Host": "",
		"Service": "",
		"Took": 0,
		"Period": 0,
		"DisableTimeSeries": false
	},
	{
		"RootFields": {
			"container": {
				"id": "948c4ebd8ca4fdf352e7fbf7f5c5d381af7e615ced435dc42fde0c1d25851320",
				"runtime": "docker"
			}
		},
		"ModuleFields": {
			"namespace": "kube-system",
			"node": {
				"name": "minikube"
			},
			"pod": {
				"name": "kube-state-metrics-6479d88c5c-5b6cl"
			}
		},
		"MetricSetFields": {
			"cpu": {
				"limit": {
					"cores": 0.1
				},
				"request": {
					"cores": 0.1
				}
			},
			"id": "docker://948c4ebd8ca4fdf352e7fbf7f5c5d381af7e615ced435dc42fde0c1d25851320",
			"image": "k8s.gcr.io/addon-resizer:1.7",
			"memory": {
				"limit": {
					"bytes": 31457280
				},
				"request": {
					"bytes": 31457280
				}
			},
			"name": "addon-resizer",
			"status": {
				"phase": "running",
				"ready": true,
				"restarts": 0
			}
		},
		"Index": "",
		"ID": "",
		"Namespace": "kubernetes.container",
		"Timestamp": "0001-01-01T00:00:00Z",
		"Error": null,
		"Host": "",
		"Service": "",
		"Took": 0,
		"Period": 0,
		"DisableTimeSeries": false
	},
	{
		"RootFields": {
			"container": {
				"id": "1958e71d048065d38ce83dafda567c5fa9d0c1278cd7292d55b9f1d80b0a67f9",
				"runtime": "docker"
			}
		},
		"ModuleFields": {
			"namespace": "kube-system",
			"node": {
				"name": "minikube"
			},
			"pod": {
				"name": "kube-dns-6f4fd4bdf-wlmht"
			}
		},
		"MetricSetFields": {
			"cpu": {
				"request": {
					"cores": 0.1
				}
			},
			"id": "docker://1958e71d048065d38ce83dafda567c5fa9d0c1278cd7292d55b9f1d80b0a67f9",
			"image": "gcr.io/google_containers/k8s-dns-kube-dns-amd64:1.14.7",
			"memory": {
				"limit": {
					"bytes": 178257920
				},
				"request": {
					"bytes": 73400320
				}
			},
			"name": "kubedns",
			"status": {
				"phase": "running",
				"ready": true,
				"restarts": 0
			}
		},
		"Index": "",
		"ID": "",
		"Namespace": "kubernetes.container",
		"Timestamp": "0001-01-01T00:00:00Z",
		"Error": null,
		"Host": "",
		"Service": "",
		"Took": 0,
		"Period": 0,
		"DisableTimeSeries": false
	},
	{
		"RootFields": {
			"container": {
				"id": "76c260259ddfd0267b5acb4e514465215ef1ebfa93a4057d592828772e6b39f5",
				"runtime": "docker"
			}
		},
		"ModuleFields": {
			"namespace": "kube-system",
			"node": {
				"name": "minikube"
			},
			"pod": {
				"name": "kube-proxy-znhg6"
			}
		},
		"MetricSetFields": {
			"id": "docker://76c260259ddfd0267b5acb4e514465215ef1ebfa93a4057d592828772e6b39f5",
			"image": "gcr.io/google_containers/kube-proxy-amd64:v1.9.7",
			"name": "kube-proxy",
			"status": {
				"phase": "running",
				"ready": true,
				"restarts": 0
			}
		},
		"Index": "",
		"ID": "",
		"Namespace": "kubernetes.container",
		"Timestamp": "0001-01-01T00:00:00Z",
		"Error": null,
		"Host": "",
		"Service": "",
		"Took": 0,
		"Period": 0,
		"DisableTimeSeries": false
	},
	{
		"RootFields": {
			"container": {
				"id": "f4cc07b8e7ee5952738c69a0bff0c7b331c10af66faa541197684127d393b760",
				"runtime": "docker"
			}
		},
		"ModuleFields": {
			"namespace": "kube-system",
			"node": {
				"name": "minikube"
			},
			"pod": {
				"name": "storage-provisioner"
			}
		},
		"MetricSetFields": {
			"id": "docker://f4cc07b8e7ee5952738c69a0bff0c7b331c10af66faa541197684127d393b760",
			"image": "gcr.io/k8s-minikube/storage-provisioner:v1.8.1",
			"name": "storage-provisioner",
			"status": {
				"phase": "running",
				"ready": true,
				"reason": "ImagePullBackOff",
				"restarts": 0
			}
		},
		"Index": "",
		"ID": "",
		"Namespace": "kubernetes.container",
		"Timestamp": "0001-01-01T00:00:00Z",
		"Error": null,
		"Host": "",
		"Service": "",
		"Took": 0,
		"Period": 0,
		"DisableTimeSeries": false
	},
	{
		"RootFields": {
			"container": {
				"id": "e9568dfef1dd249cabac4bf09e6bf4a239fe738ae20eba072b6516676fce4bf6",
				"runtime": "docker"
			}
		},
		"ModuleFields": {
			"namespace": "kube-system",
			"node": {
				"name": "minikube"
			},
			"pod": {
				"name": "kube-apiserver-minikube"
			}
		},
		"MetricSetFields": {
			"cpu": {
				"request": {
					"cores": 0.25
				}
			},
			"id": "docker://e9568dfef1dd249cabac4bf09e6bf4a239fe738ae20eba072b6516676fce4bf6",
			"image": "gcr.io/google_containers/kube-apiserver-amd64:v1.9.7",
			"name": "kube-apiserver",
			"status": {
				"phase": "running",
				"ready": true,
				"restarts": 0
			}
		},
		"Index": "",
		"ID": "",
		"Namespace": "kubernetes.container",
		"Timestamp": "0001-01-01T00:00:00Z",
		"Error": null,
		"Host": "",
		"Service": "",
		"Took": 0,
		"Period": 0,
		"DisableTimeSeries": false
	},
	{
		"RootFields": {
			"container": {
				"id": "eadcbd54ba914dff6475ae64805887967cfb973aeb9b07364c94372658a71d11",
				"runtime": "docker"
			}
		},
		"ModuleFields": {
			"namespace": "kube-system",
			"node": {
				"name": "minikube"
			},
			"pod": {
				"name": "kube-scheduler-minikube"
			}
		},
		"MetricSetFields": {
			"cpu": {
				"request": {
					"cores": 0.1
				}
			},
			"id": "docker://eadcbd54ba914dff6475ae64805887967cfb973aeb9b07364c94372658a71d11",
			"image": "gcr.io/google_containers/kube-scheduler-amd64:v1.9.7",
			"name": "kube-scheduler",
			"status": {
				"phase": "running",
				"ready": true,
				"restarts": 0
			}
		},
		"Index": "",
		"ID": "",
		"Namespace": "kubernetes.container",
		"Timestamp": "0001-01-01T00:00:00Z",
		"Error": null,
		"Host": "",
		"Service": "",
		"Took": 0,
		"Period": 0,
		"DisableTimeSeries": false
	},
	{
		"RootFields": {
			"container": {
				"id": "6e96fd8a687409b2314dcc01f209bb0c813c2fb08b8f75ad1695e120d41e1a2a",
				"runtime": "docker"
			}
		},
		"ModuleFields": {
			"namespace": "kube-system",
			"node": {
				"name": "minikube"
			},
			"pod": {
				"name": "etcd-minikube"
			}
		},
		"MetricSetFields": {
			"id": "docker://6e96fd8a687409b2314dcc01f209bb0c813c2fb08b8f75ad1695e120d41e1a2a",
			"image": "gcr.io/google_containers/etcd-amd64:3.1.11",
			"name": "etcd",
			"status": {
				"phase": "running",
				"ready": true,
				"restarts": 0
			}
		},
		"Index": "",
		"ID": "",
		"Namespace": "kubernetes.container",
		"Timestamp": "0001-01-01T00:00:00Z",
		"Error": null,
		"Host": "",
		"Service": "",
		"Took": 0,
		"Period": 0,
		"DisableTimeSeries": false
	},
	{
		"RootFields": {
			"container": {
				"id": "ab382dbe8f8265f88ee9fec7de142f778da4a5fd9fe0334e3bdb6fe851124c08",
				"runtime": "docker"
			}
		},
		"ModuleFields": {
			"namespace": "kube-system",
			"node": {
				"name": "minikube"
			},
			"pod": {
				"name": "kube-addon-manager-minikube"
			}
		},
		"MetricSetFields": {
			"cpu": {
				"request": {
					"cores": 0.005
				}
			},
			"id": "docker://ab382dbe8f8265f88ee9fec7de142f778da4a5fd9fe0334e3bdb6fe851124c08",
			"image": "k8s.gcr.io/kube-addon-manager:v8.6",
			"memory": {
				"request": {
					"bytes": 52428800
				}
			},
			"name": "kube-addon-manager",
			"status": {
				"phase": "running",
				"ready": true,
				"restarts": 0
			}
		},
		"Index": "",
		"ID": "",
		"Namespace": "kubernetes.container",
		"Timestamp": "0001-01-01T00:00:00Z",
		"Error": null,
		"Host": "",
		"Service": "",
		"Took": 0,
		"Period": 0,
		"DisableTimeSeries": false
	},
	{
		"RootFields": {
			"container": {
				"id": "aad0addd205dc72dc7abc8f9d02a1b429a2f2e1df3acc60431ca6b79746c093b",
				"runtime": "docker"
			}
		},
		"ModuleFields": {
			"namespace": "kube-system",
			"node": {
				"name": "minikube"
			},
			"pod": {
				"name": "kube-dns-6f4fd4bdf-wlmht"
			}
		},
		"MetricSetFields": {
			"cpu": {
				"request": {
					"cores": 0.01
				}
			},
			"id": "docker://aad0addd205dc72dc7abc8f9d02a1b429a2f2e1df3acc60431ca6b79746c093b",
			"image": "gcr.io/google_containers/k8s-dns-sidecar-amd64:1.14.7",
			"memory": {
				"request": {
					"bytes": 20971520
				}
			},
			"name": "sidecar",
			"status": {
				"phase": "running",
				"ready": true,
				"reason": "OOMKilled",
				"restarts": 0
			}
		},
		"Index": "",
		"ID": "",
		"Namespace": "kubernetes.container",
		"Timestamp": "0001-01-01T00:00:00Z",
		"Error": null,
		"Host": "",
		"Service": "",
		"Took": 0,
		"Period": 0,
		"DisableTimeSeries": false
	},
	{
		"RootFields": {
			"container": {
				"id": "e9560bbace13ca19de4b3771023198e8568f6b5ed6af3a949f10a5b8137b5be9",
				"runtime": "docker"
			}
		},
		"ModuleFields": {
			"namespace": "kube-system",
			"node": {
				"name": "minikube"
			},
			"pod": {
				"name": "kube-dns-6f4fd4bdf-wlmht"
			}
		},
		"MetricSetFields": {
			"cpu": {
				"request": {
					"cores": 0.15
				}
			},
			"id": "docker://e9560bbace13ca19de4b3771023198e8568f6b5ed6af3a949f10a5b8137b5be9",
			"image": "gcr.io/google_containers/k8s-dns-dnsmasq-nanny-amd64:1.14.7",
			"memory": {
				"request": {
					"bytes": 20971520
				}
			},
			"name": "dnsmasq",
			"status": {
				"phase": "running",
				"ready": true,
				"restarts": 0
			}
		},
		"Index": "",
		"ID": "",
		"Namespace": "kubernetes.container",
		"Timestamp": "0001-01-01T00:00:00Z",
		"Error": null,
		"Host": "",
		"Service": "",
		"Took": 0,
		"Period": 0,
		"DisableTimeSeries": false
	}
]