[
	{
		"RootFields": null,
		"ModuleFields": {
			"namespace": "kube-system",
			"node": {
				"name": "kind-control-plane"
			},
			"pod": {
				"name": "coredns-565d847f94-q2mmv"
			}
		},
		"MetricSetFields": {
			"name": "coredns",
			"resource": "memory",
			"status": {
				"phase": true,
				"ready": true,
				"restarts": {
					"count": 0
				}
			},
			"unit": "byte"
		},
		"Index": "",
		"ID": "",
		"Namespace": "kubernetes.container",
		"Timestamp": "0001-01-01T00:00:00Z",
		"Error": null,
		"Host": "",
		"Service": "",
		"Took": 0,
		"Period": 0,
		"DisableTimeSeries": false
	},
	{
		"RootFields": null,
		"ModuleFields": {
			"namespace": "kube-system",
			"node": {
				"name": "kind-control-plane"
			},
			"pod": {
				"name": "metricbeat-h24sg"
			}
		},
		"MetricSetFields": {
			"name": "metricbeat",
			"resource": "memory",
			"status": {
				"phase": true,
				"ready": true,
				"restarts": {
					"count": 0
				}
			},
			"unit": "byte"
		},
		"Index": "",
		"ID": "",
		"Namespace": "kubernetes.container",
		"Timestamp": "0001-01-01T00:00:00Z",
		"Error": null,
		"Host": "",
		"Service": "",
		"Took": 0,
		"Period": 0,
		"DisableTimeSeries": false
	},
	{
		"RootFields": null,
		"ModuleFields": {
			"namespace": "kube-system",
			"node": {
				"name": "kind-control-plane"
			},
			"pod": {
				"name": "kube-proxy-flrd6"
			}
		},
		"MetricSetFields": {
			"name": "kube-proxy",
			"status": {
				"phase": true,
				"ready": true,
				"restarts": {
					"count": 0
				}
			}
		},
		"Index": "",
		"ID": "",
		"Namespace": "kubernetes.container",
		"Timestamp": "0001-01-01T00:00:00Z",
		"Error": null,
		"Host": "",
		"Service": "",
		"Took": 0,
		"Period": 0,
		"DisableTimeSeries": false
	},
	{
		"RootFields": null,
		"ModuleFields": {
			"namespace": "kube-system",
			"node": {
				"name": "kind-control-plane"
			},
			"pod": {
				"name": "hello-cronjob-27899498-q8cl7"
			}
		},
		"MetricSetFields": {
			"name": "hello-cronjob",
			"reason": "Completed",
			"status": {
				"phase": false,
				"ready": false,
				"reason": 1,
				"restarts": {
					"count": 0
				}
			}
		},
		"Index": "",
		"ID": "",
		"Namespace": "kubernetes.container",
		"Timestamp": "0001-01-01T00:00:00Z",
		"Error": null,
		"Host": "",
		"Service": "",
		"Took": 0,
		"Period": 0,
		"DisableTimeSeries": false
	},
	{
		"RootFields": null,
		"ModuleFields": {
			"namespace": "kube-system",
			"node": {
				"name": "kind-control-plane"
			},
			"pod": {
				"name": "kube-state-metrics-5897f6cf77-jq242"
			}
		},
		"MetricSetFields": {
			"name": "kube-state-metrics",
			"status": {
				"phase": true,
				"ready": true,
				"restarts": {
					"count": 0
				}
			}
		},
		"Index": "",
		"ID": "",
		"Namespace": "kubernetes.container",
		"Timestamp": "0001-01-01T00:00:00Z",
		"Error": null,
		"Host": "",
		"Service": "",
		"Took": 0,
		"Period": 0,
		"DisableTimeSeries": false
	},
	{
		"RootFields": null,
		"ModuleFields": {
			"namespace": "local-path-storage",
			"node": {
				"name": "kind-control-plane"
			},
			"pod": {
				"name": "local-path-provisioner-684f458cdd-wvdbd"
			}
		},
		"MetricSetFields": {
			"name": "local-path-provisioner",
			"status": {
				"phase": true,
				"ready": true,
				"restarts": {
					"count": 0
				}
			}
		},
		"Index": "",
		"ID": "",
		"Namespace": "kubernetes.container",
		"Timestamp": "0001-01-01T00:00:00Z",
		"Error": null,
		"Host": "",
		"Service": "",
		"Took": 0,
		"Period": 0,
		"DisableTimeSeries": false
	},
	{
		"RootFields": null,
		"ModuleFields": {
			"namespace": "kube-system",
			"node": {
				"name": "kind-control-plane"
			},
			"pod": {
				"name": "etcd-kind-control-plane"
			}
		},
		"MetricSetFields": {
			"name": "etcd",
			"resource": "memory",
			"status": {
				"phase": true,
				"ready": true,
				"restarts": {
					"count": 0
				}
			},
			"unit": "byte"
		},
		"Index": "",
		"ID": "",
		"Namespace": "kubernetes.container",
		"Timestamp": "0001-01-01T00:00:00Z",
		"Error": null,
		"Host": "",
		"Service": "",
		"Took": 0,
		"Period": 0,
		"DisableTimeSeries": false
	},
	{
		"RootFields": null,
		"ModuleFields": {
			"namespace": "kube-system",
			"node": {
				"name": "kind-control-plane"
			},
			"pod": {
				"name": "pi-m88dn"
			}
		},
		"MetricSetFields": {
			"name": "pi",
			"reason": "Completed",
			"status": {
				"phase": false,
				"ready": false,
				"reason": 1,
				"restarts": {
					"count": 0
				}
			}
		},
		"Index": "",
		"ID": "",
		"Namespace": "kubernetes.container",
		"Timestamp": "0001-01-01T00:00:00Z",
		"Error": null,
		"Host": "",
		"Service": "",
		"Took": 0,
		"Period": 0,
		"DisableTimeSeries": false
	},
	{
		"RootFields": null,
		"ModuleFields": {
			"namespace": "kube-system",
			"node": {
				"name": "kind-control-plane"
			},
			"pod": {
				"name": "hello-cronjob-27899500-skmng"
			}
		},
		"MetricSetFields": {
			"name": "hello-cronjob",
			"reason": "Completed",
			"status": {
				"phase": false,
				"ready": false,
				"reason": 1,
				"restarts": {
					"count": 0
				}
			}
		},
		"Index": "",
		"ID": "",
		"Namespace": "kubernetes.container",
		"Timestamp": "0001-01-01T00:00:00Z",
		"Error": null,
		"Host": "",
		"Service": "",
		"Took": 0,
		"Period": 0,
		"DisableTimeSeries": false
	},
	{
		"RootFields": null,
		"ModuleFields": {
			"namespace": "kube-system",
			"node": {
				"name": "kind-control-plane"
			},
			"pod": {
				"name": "hello-cronjob-27899499-k5d56"
			}
		},
		"MetricSetFields": {
			"name": "hello-cronjob",
			"reason": "Completed",
			"status": {
				"phase": false,
				"ready": false,
				"reason": 1,
				"restarts": {
					"count": 0
				}
			}
		},
		"Index": "",
		"ID": "",
		"Namespace": "kubernetes.container",
		"Timestamp": "0001-01-01T00:00:00Z",
		"Error": null,
		"Host": "",
		"Service": "",
		"Took": 0,
		"Period": 0,
		"DisableTimeSeries": false
	},
	{
		"RootFields": null,
		"ModuleFields": {
			"namespace": "kube-system",
			"node": {
				"name": "kind-control-plane"
			},
			"pod": {
				"name": "kube-controller-manager-kind-control-plane"
			}
		},
		"MetricSetFields": {
			"name": "kube-controller-manager",
			"resource": "cpu",
			"status": {
				"phase": true,
				"ready": true,
				"restarts": {
					"count": 0
				}
			},
			"unit": "core"
		},
		"Index": "",
		"ID": "",
		"Namespace": "kubernetes.container",
		"Timestamp": "0001-01-01T00:00:00Z",
		"Error": null,
		"Host": "",
		"Service": "",
		"Took": 0,
		"Period": 0,
		"DisableTimeSeries": false
	},
	{
		"RootFields": null,
		"ModuleFields": {
			"namespace": "kube-system",
			"node": {
				"name": "kind-control-plane"
			},
			"pod": {
				"name": "hello-cronjob-27899501-t2lnn"
			}
		},
		"MetricSetFields": {
			"name": "hello-cronjob",
			"status": {
				"phase": true,
				"ready": true,
				"restarts": {
					"count": 0
				}
			}
		},
		"Index": "",
		"ID": "",
		"Namespace": "kubernetes.container",
		"Timestamp": "0001-01-01T00:00:00Z",
		"Error": null,
		"Host": "",
		"Service": "",
		"Took": 0,
		"Period": 0,
		"DisableTimeSeries": false
	},
	{
		"RootFields": null,
		"ModuleFields": {
			"namespace": "kube-system",
			"node": {
				"name": "kind-control-plane"
			},
			"pod": {
				"name": "kindnet-4tnzw"
			}
		},
		"MetricSetFields": {
			"name": "kindnet-cni",
			"resource": "memory",
			"status": {
				"phase": true,
				"ready": true,
				"restarts": {
					"count": 0
				}
			},
			"unit": "byte"
		},
		"Index": "",
		"ID": "",
		"Namespace": "kubernetes.container",
		"Timestamp": "0001-01-01T00:00:00Z",
		"Error": null,
		"Host": "",
		"Service": "",
		"Took": 0,
		"Period": 0,
		"DisableTimeSeries": false
	},
	{
		"RootFields": null,
		"ModuleFields": {
			"namespace": "kube-system",
			"node": {
				"name": "kind-control-plane"
			},
			"pod": {
				"name": "kube-apiserver-kind-control-plane"
			}
		},
		"MetricSetFields": {
			"name": "kube-apiserver",
			"resource": "cpu",
			"status": {
				"phase": true,
				"ready": true,
				"restarts": {
					"count": 0
				}
			},
			"unit": "core"
		},
		"Index": "",
		"ID": "",
		"Namespace": "kubernetes.container",
		"Timestamp": "0001-01-01T00:00:00Z",
		"Error": null,
		"Host": "",
		"Service": "",
		"Took": 0,
		"Period": 0,
		"DisableTimeSeries": false
	},
	{
		"RootFields": null,
		"ModuleFields": {
			"namespace": "kube-system",
			"node": {
				"name": "kind-control-plane"
			},
			"pod": {
				"name": "coredns-565d847f94-dgwk8"
			}
		},
		"MetricSetFields": {
			"name": "coredns",
			"resource": "memory",
			"status": {
				"phase": true,
				"ready": true,
				"restarts": {
					"count": 0
				}
			},
			"unit": "byte"
		},
		"Index": "",
		"ID": "",
		"Namespace": "kubernetes.container",
		"Timestamp": "0001-01-01T00:00:00Z",
		"Error": null,
		"Host": "",
		"Service": "",
		"Took": 0,
		"Period": 0,
		"DisableTimeSeries": false
	},
	{
		"RootFields": null,
		"ModuleFields": {
			"namespace": "kube-system",
			"node": {
				"name": "kind-control-plane"
			},
			"pod": {
				"name": "kube-scheduler-kind-control-plane"
			}
		},
		"MetricSetFields": {
			"name": "kube-scheduler",
			"resource": "cpu",
			"status": {
				"phase": true,
				"ready": true,
				"restarts": {
					"count": 0
				}
			},
			"unit": "core"
		},
		"Index": "",
		"ID": "",
		"Namespace": "kubernetes.container",
		"Timestamp": "0001-01-01T00:00:00Z",
		"Error": null,
		"Host": "",
		"Service": "",
		"Took": 0,
		"Period": 0,
		"DisableTimeSeries": false
	}
]