[
	{
		"RootFields": null,
		"ModuleFields": {
			"namespace": "kube-system"
		},
		"MetricSetFields": {
			"name": "metricbeat-h24sg",
			"phase": "Running",
			"status": {
				"phase": true
			}
		},
		"Index": "",
		"ID": "",
		"Namespace": "kubernetes.pod",
		"Timestamp": "0001-01-01T00:00:00Z",
		"Error": null,
		"Host": "",
		"Service": "",
		"Took": 0,
		"Period": 0,
		"DisableTimeSeries": false
	},
	{
		"RootFields": null,
		"ModuleFields": {
			"namespace": "default"
		},
		"MetricSetFields": {
			"condition": "true",
			"name": "web-0",
			"status": {
				"scheduled": false
			}
		},
		"Index": "",
		"ID": "",
		"Namespace": "kubernetes.pod",
		"Timestamp": "0001-01-01T00:00:00Z",
		"Error": null,
		"Host": "",
		"Service": "",
		"Took": 0,
		"Period": 0,
		"DisableTimeSeries": false
	},
	{
		"RootFields": null,
		"ModuleFields": {
			"namespace": "local-path-storage"
		},
		"MetricSetFields": {
			"name": "local-path-provisioner-684f458cdd-wvdbd",
			"phase": "Pending",
			"status": {
				"phase": false
			}
		},
		"Index": "",
		"ID": "",
		"Namespace": "kubernetes.pod",
		"Timestamp": "0001-01-01T00:00:00Z",
		"Error": null,
		"Host": "",
		"Service": "",
		"Took": 0,
		"Period": 0,
		"DisableTimeSeries": false
	},
	{
		"RootFields": null,
		"ModuleFields": {
			"namespace": "kube-system"
		},
		"MetricSetFields": {
			"condition": "true",
			"name": "pi-m88dn",
			"status": {
				"ready": false,
				"scheduled": true
			}
		},
		"Index": "",
		"ID": "",
		"Namespace": "kubernetes.pod",
		"Timestamp": "0001-01-01T00:00:00Z",
		"Error": null,
		"Host": "",
		"Service": "",
		"Took": 0,
		"Period": 0,
		"DisableTimeSeries": false
	},
	{
		"RootFields": null,
		"ModuleFields": {
			"namespace": "kube-system"
		},
		"MetricSetFields": {
			"name": "kube-scheduler-kind-control-plane",
			"phase": "Unknown",
			"status": {
				"phase": false
			}
		},
		"Index": "",
		"ID": "",
		"Namespace": "kubernetes.pod",
		"Timestamp": "0001-01-01T00:00:00Z",
		"Error": null,
		"Host": "",
		"Service": "",
		"Took": 0,
		"Period": 0,
		"DisableTimeSeries": false
	},
	{
		"RootFields": null,
		"ModuleFields": {
			"namespace": "kube-system"
		},
		"MetricSetFields": {
			"name": "hello-cronjob-27899489-sl9hn",
			"phase": "Running",
			"status": {
				"phase": false
			}
		},
		"Index": "",
		"ID": "",
		"Namespace": "kubernetes.pod",
		"Timestamp": "0001-01-01T00:00:00Z",
		"Error": null,
		"Host": "",
		"Service": "",
		"Took": 0,
		"Period": 0,
		"DisableTimeSeries": false
	},
	{
		"RootFields": null,
		"ModuleFields": {
			"namespace": "kube-system"
		},
		"MetricSetFields": {
			"condition": "true",
			"name": "hello-cronjob-27899489-sl9hn",
			"status": {
				"ready": false,
				"scheduled": true
			}
		},
		"Index": "",
		"ID": "",
		"Namespace": "kubernetes.pod",
		"Timestamp": "0001-01-01T00:00:00Z",
		"Error": null,
		"Host": "",
		"Service": "",
		"Took": 0,
		"Period": 0,
		"DisableTimeSeries": false
	},
	{
		"RootFields": null,
		"ModuleFields": {
			"namespace": "kube-system"
		},
		"MetricSetFields": {
			"name": "kube-controller-manager-kind-control-plane",
			"phase": "Pending",
			"status": {
				"phase": false
			}
		},
		"Index": "",
		"ID": "",
		"Namespace": "kubernetes.pod",
		"Timestamp": "0001-01-01T00:00:00Z",
		"Error": null,
		"Host": "",
		"Service": "",
		"Took": 0,
		"Period": 0,
		"DisableTimeSeries": false
	},
	{
		"RootFields": null,
		"ModuleFields": {
			"namespace": "kube-system"
		},
		"MetricSetFields": {
			"condition": "true",
			"name": "kube-state-metrics-77bcd445dd-tnbvx",
			"status": {
				"ready": true,
				"scheduled": true
			}
		},
		"Index": "",
		"ID": "",
		"Namespace": "kubernetes.pod",
		"Timestamp": "0001-01-01T00:00:00Z",
		"Error": null,
		"Host": "",
		"Service": "",
		"Took": 0,
		"Period": 0,
		"DisableTimeSeries": false
	},
	{
		"RootFields": null,
		"ModuleFields": {
			"namespace": "kube-system"
		},
		"MetricSetFields": {
			"condition": "unknown",
			"name": "kube-apiserver-kind-control-plane",
			"status": {
				"ready": false,
				"scheduled": false
			}
		},
		"Index": "",
		"ID": "",
		"Namespace": "kubernetes.pod",
		"Timestamp": "0001-01-01T00:00:00Z",
		"Error": null,
		"Host": "",
		"Service": "",
		"Took": 0,
		"Period": 0,
		"DisableTimeSeries": false
	},
	{
		"RootFields": null,
		"ModuleFields": {
			"namespace": "kube-system"
		},
		"MetricSetFields": {
			"condition": "true",
			"name": "kube-apiserver-kind-control-plane",
			"status": {
				"ready": true,
				"scheduled": true
			}
		},
		"Index": "",
		"ID": "",
		"Namespace": "kubernetes.pod",
		"Timestamp": "0001-01-01T00:00:00Z",
		"Error": null,
		"Host": "",
		"Service": "",
		"Took": 0,
		"Period": 0,
		"DisableTimeSeries": false
	},
	{
		"RootFields": null,
		"ModuleFields": {
			"namespace": "kube-system"
		},
		"MetricSetFields": {
			"name": "hello-cronjob-27899488-mctvl",
			"phase": "Unknown",
			"status": {
				"phase": false
			}
		},
		"Index": "",
		"ID": "",
		"Namespace": "kubernetes.pod",
		"Timestamp": "0001-01-01T00:00:00Z",
		"Error": null,
		"Host": "",
		"Service": "",
		"Took": 0,
		"Period": 0,
		"DisableTimeSeries": false
	},
	{
		"RootFields": null,
		"ModuleFields": {
			"namespace": "kube-system"
		},
		"MetricSetFields": {
			"name": "kube-state-metrics-77bcd445dd-tnbvx",
			"phase": "Running",
			"status": {
				"phase": true
			}
		},
		"Index": "",
		"ID": "",
		"Namespace": "kubernetes.pod",
		"Timestamp": "0001-01-01T00:00:00Z",
		"Error": null,
		"Host": "",
		"Service": "",
		"Took": 0,
		"Period": 0,
		"DisableTimeSeries": false
	},
	{
		"RootFields": null,
		"ModuleFields": {
			"namespace": "local-path-storage"
		},
		"MetricSetFields": {
			"name": "local-path-provisioner-684f458cdd-wvdbd",
			"phase": "Running",
			"status": {
				"phase": true
			}
		},
		"Index": "",
		"ID": "",
		"Namespace": "kubernetes.pod",
		"Timestamp": "0001-01-01T00:00:00Z",
		"Error": null,
		"Host": "",
		"Service": "",
		"Took": 0,
		"Period": 0,
		"DisableTimeSeries": false
	},
	{
		"RootFields": null,
		"ModuleFields": {
			"namespace": "kube-system"
		},
		"MetricSetFields": {
			"name": "kube-proxy-flrd6",
			"phase": "Running",
			"status": {
				"phase": true
			}
		},
		"Index": "",
		"ID": "",
		"Namespace": "kubernetes.pod",
		"Timestamp": "0001-01-01T00:00:00Z",
		"Error": null,
		"Host": "",
		"Service": "",
		"Took": 0,
		"Period": 0,
		"DisableTimeSeries": false
	},
	{
		"RootFields": null,
		"ModuleFields": {
			"namespace": "kube-system"
		},
		"MetricSetFields": {
			"condition": "unknown",
			"name": "metricbeat-h24sg",
			"status": {
				"ready": false,
				"scheduled": false
			}
		},
		"Index": "",
		"ID": "",
		"Namespace": "kubernetes.pod",
		"Timestamp": "0001-01-01T00:00:00Z",
		"Error": null,
		"Host": "",
		"Service": "",
		"Took": 0,
		"Period": 0,
		"DisableTimeSeries": false
	},
	{
		"RootFields": null,
		"ModuleFields": {
			"namespace": "kube-system"
		},
		"MetricSetFields": {
			"name": "kube-state-metrics-77bcd445dd-tnbvx",
			"phase": "Unknown",
			"status": {
				"phase": false
			}
		},
		"Index": "",
		"ID": "",
		"Namespace": "kubernetes.pod",
		"Timestamp": "0001-01-01T00:00:00Z",
		"Error": null,
		"Host": "",
		"Service": "",
		"Took": 0,
		"Period": 0,
		"DisableTimeSeries": false
	},
	{
		"RootFields": null,
		"ModuleFields": {
			"namespace": "kube-system"
		},
		"MetricSetFields": {
			"name": "kube-state-metrics-77bcd445dd-tnbvx",
			"phase": "Succeeded",
			"status": {
				"phase": false
			}
		},
		"Index": "",
		"ID": "",
		"Namespace": "kubernetes.pod",
		"Timestamp": "0001-01-01T00:00:00Z",
		"Error": null,
		"Host": "",
		"Service": "",
		"Took": 0,
		"Period": 0,
		"DisableTimeSeries": false
	},
	{
		"RootFields": null,
		"ModuleFields": {
			"namespace": "kube-system"
		},
		"MetricSetFields": {
			"condition": "unknown",
			"name": "pi-m88dn",
			"status": {
				"ready": false,
				"scheduled": false
			}
		},
		"Index": "",
		"ID": "",
		"Namespace": "kubernetes.pod",
		"Timestamp": "0001-01-01T00:00:00Z",
		"Error": null,
		"Host": "",
		"Service": "",
		"Took": 0,
		"Period": 0,
		"DisableTimeSeries": false
	},
	{
		"RootFields": null,
		"ModuleFields": {
			"namespace": "kube-system"
		},
		"MetricSetFields": {
			"name": "kindnet-4tnzw",
			"phase": "Pending",
			"status": {
				"phase": false
			}
		},
		"Index": "",
		"ID": "",
		"Namespace": "kubernetes.pod",
		"Timestamp": "0001-01-01T00:00:00Z",
		"Error": null,
		"Host": "",
		"Service": "",
		"Took": 0,
		"Period": 0,
		"DisableTimeSeries": false
	},
	{
		"RootFields": null,
		"ModuleFields": {
			"namespace": "kube-system"
		},
		"MetricSetFields": {
			"condition": "unknown",
			"name": "kube-state-metrics-77bcd445dd-tnbvx",
			"status": {
				"ready": false,
				"scheduled": false
			}
		},
		"Index": "",
		"ID": "",
		"Namespace": "kubernetes.pod",
		"Timestamp": "0001-01-01T00:00:00Z",
		"Error": null,
		"Host": "",
		"Service": "",
		"Took": 0,
		"Period": 0,
		"DisableTimeSeries": false
	},
	{
		"RootFields": null,
		"ModuleFields": {
			"namespace": "kube-system"
		},
		"MetricSetFields": {
			"name": "kube-scheduler-kind-control-plane",
			"phase": "Failed",
			"status": {
				"phase": false
			}
		},
		"Index": "",
		"ID": "",
		"Namespace": "kubernetes.pod",
		"Timestamp": "0001-01-01T00:00:00Z",
		"Error": null,
		"Host": "",
		"Service": "",
		"Took": 0,
		"Period": 0,
		"DisableTimeSeries": false
	},
	{
		"RootFields": null,
		"ModuleFields": {
			"namespace": "kube-system"
		},
		"MetricSetFields": {
			"condition": "false",
			"name": "kube-scheduler-kind-control-plane",
			"status": {
				"ready": false,
				"scheduled": false
			}
		},
		"Index": "",
		"ID": "",
		"Namespace": "kubernetes.pod",
		"Timestamp": "0001-01-01T00:00:00Z",
		"Error": null,
		"Host": "",
		"Service": "",
		"Took": 0,
		"Period": 0,
		"DisableTimeSeries": false
	},
	{
		"RootFields": null,
		"ModuleFields": {
			"namespace": "kube-system"
		},
		"MetricSetFields": {
			"name": "coredns-565d847f94-q2mmv",
			"phase": "Succeeded",
			"status": {
				"phase": false
			}
		},
		"Index": "",
		"ID": "",
		"Namespace": "kubernetes.pod",
		"Timestamp": "0001-01-01T00:00:00Z",
		"Error": null,
		"Host": "",
		"Service": "",
		"Took": 0,
		"Period": 0,
		"DisableTimeSeries": false
	},
	{
		"RootFields": null,
		"ModuleFields": {
			"namespace": "kube-system"
		},
		"MetricSetFields": {
			"condition": "true",
			"name": "hello-cronjob-27899487-6vx8l",
			"status": {
				"ready": false,
				"scheduled": true
			}
		},
		"Index": "",
		"ID": "",
		"Namespace": "kubernetes.pod",
		"Timestamp": "0001-01-01T00:00:00Z",
		"Error": null,
		"Host": "",
		"Service": "",
		"Took": 0,
		"Period": 0,
		"DisableTimeSeries": false
	},
	{
		"RootFields": null,
		"ModuleFields": {
			"namespace": "kube-system"
		},
		"MetricSetFields": {
			"condition": "false",
			"name": "kube-apiserver-kind-control-plane",
			"status": {
				"ready": false,
				"scheduled": false
			}
		},
		"Index": "",
		"ID": "",
		"Namespace": "kubernetes.pod",
		"Timestamp": "0001-01-01T00:00:00Z",
		"Error": null,
		"Host": "",
		"Service": "",
		"Took": 0,
		"Period": 0,
		"DisableTimeSeries": false
	},
	{
		"RootFields": null,
		"ModuleFields": {
			"namespace": "local-path-storage"
		},
		"MetricSetFields": {
			"condition": "false",
			"name": "local-path-provisioner-684f458cdd-wvdbd",
			"status": {
				"ready": false,
				"scheduled": false
			}
		},
		"Index": "",
		"ID": "",
		"Namespace": "kubernetes.pod",
		"Timestamp": "0001-01-01T00:00:00Z",
		"Error": null,
		"Host": "",
		"Service": "",
		"Took": 0,
		"Period": 0,
		"DisableTimeSeries": false
	},
	{
		"RootFields": null,
		"ModuleFields": {
			"namespace": "kube-system"
		},
		"MetricSetFields": {
			"name": "kube-proxy-flrd6",
			"phase": "Failed",
			"status": {
				"phase": false
			}
		},
		"Index": "",
		"ID": "",
		"Namespace": "kubernetes.pod",
		"Timestamp": "0001-01-01T00:00:00Z",
		"Error": null,
		"Host": "",
		"Service": "",
		"Took": 0,
		"Period": 0,
		"DisableTimeSeries": false
	},
	{
		"RootFields": null,
		"ModuleFields": {
			"namespace": "kube-system"
		},
		"MetricSetFields": {
			"name": "kube-proxy-flrd6",
			"phase": "Unknown",
			"status": {
				"phase": false
			}
		},
		"Index": "",
		"ID": "",
		"Namespace": "kubernetes.pod",
		"Timestamp": "0001-01-01T00:00:00Z",
		"Error": null,
		"Host": "",
		"Service": "",
		"Took": 0,
		"Period": 0,
		"DisableTimeSeries": false
	},
	{
		"RootFields": null,
		"ModuleFields": {
			"namespace": "kube-system"
		},
		"MetricSetFields": {
			"name": "coredns-565d847f94-dgwk8",
			"phase": "Failed",
			"status": {
				"phase": false
			}
		},
		"Index": "",
		"ID": "",
		"Namespace": "kubernetes.pod",
		"Timestamp": "0001-01-01T00:00:00Z",
		"Error": null,
		"Host": "",
		"Service": "",
		"Took": 0,
		"Period": 0,
		"DisableTimeSeries": false
	},
	{
		"RootFields": null,
		"ModuleFields": {
			"namespace": "default"
		},
		"MetricSetFields": {
			"name": "web-0",
			"phase": "Pending",
			"status": {
				"phase": true
			}
		},
		"Index": "",
		"ID": "",
		"Namespace": "kubernetes.pod",
		"Timestamp": "0001-01-01T00:00:00Z",
		"Error": null,
		"Host": "",
		"Service": "",
		"Took": 0,
		"Period": 0,
		"DisableTimeSeries": false
	},
	{
		"RootFields": null,
		"ModuleFields": {
			"namespace": "kube-system"
		},
		"MetricSetFields": {
			"name": "kube-scheduler-kind-control-plane",
			"phase": "Pending",
			"status": {
				"phase": false
			}
		},
		"Index": "",
		"ID": "",
		"Namespace": "kubernetes.pod",
		"Timestamp": "0001-01-01T00:00:00Z",
		"Error": null,
		"Host": "",
		"Service": "",
		"Took": 0,
		"Period": 0,
		"DisableTimeSeries": false
	},
	{
		"RootFields": null,
		"ModuleFields": {
			"namespace": "kube-system"
		},
		"MetricSetFields": {
			"name": "etcd-kind-control-plane",
			"phase": "Failed",
			"status": {
				"phase": false
			}
		},
		"Index": "",
		"ID": "",
		"Namespace": "kubernetes.pod",
		"Timestamp": "0001-01-01T00:00:00Z",
		"Error": null,
		"Host": "",
		"Service": "",
		"Took": 0,
		"Period": 0,
		"DisableTimeSeries": false
	},
	{
		"RootFields": null,
		"ModuleFields": {
			"namespace": "kube-system"
		},
		"MetricSetFields": {
			"name": "kube-scheduler-kind-control-plane",
			"phase": "Running",
			"status": {
				"phase": true
			}
		},
		"Index": "",
		"ID": "",
		"Namespace": "kubernetes.pod",
		"Timestamp": "0001-01-01T00:00:00Z",
		"Error": null,
		"Host": "",
		"Service": "",
		"Took": 0,
		"Period": 0,
		"DisableTimeSeries": false
	},
	{
		"RootFields": null,
		"ModuleFields": {
			"namespace": "kube-system"
		},
		"MetricSetFields": {
			"condition": "false",
			"name": "hello-cronjob-27899489-sl9hn",
			"status": {
				"ready": true,
				"scheduled": false
			}
		},
		"Index": "",
		"ID": "",
		"Namespace": "kubernetes.pod",
		"Timestamp": "0001-01-01T00:00:00Z",
		"Error": null,
		"Host": "",
		"Service": "",
		"Took": 0,
		"Period": 0,
		"DisableTimeSeries": false
	},
	{
		"RootFields": null,
		"ModuleFields": {
			"namespace": "kube-system"
		},
		"MetricSetFields": {
			"name": "kube-proxy-flrd6",
			"phase": "Succeeded",
			"status": {
				"phase": false
			}
		},
		"Index": "",
		"ID": "",
		"Namespace": "kubernetes.pod",
		"Timestamp": "0001-01-01T00:00:00Z",
		"Error": null,
		"Host": "",
		"Service": "",
		"Took": 0,
		"Period": 0,
		"DisableTimeSeries": false
	},
	{
		"RootFields": null,
		"ModuleFields": {
			"namespace": "kube-system"
		},
		"MetricSetFields": {
			"name": "hello-cronjob-27899487-6vx8l",
			"phase": "Succeeded",
			"status": {
				"phase": true
			}
		},
		"Index": "",
		"ID": "",
		"Namespace": "kubernetes.pod",
		"Timestamp": "0001-01-01T00:00:00Z",
		"Error": null,
		"Host": "",
		"Service": "",
		"Took": 0,
		"Period": 0,
		"DisableTimeSeries": false
	},
	{
		"RootFields": null,
		"ModuleFields": {
			"namespace": "default"
		},
		"MetricSetFields": {
			"name": "web-0",
			"phase": "Succeeded",
			"status": {
				"phase": false
			}
		},
		"Index": "",
		"ID": "",
		"Namespace": "kubernetes.pod",
		"Timestamp": "0001-01-01T00:00:00Z",
		"Error": null,
		"Host": "",
		"Service": "",
		"Took": 0,
		"Period": 0,
		"DisableTimeSeries": false
	},
	{
		"RootFields": null,
		"ModuleFields": {
			"namespace": "kube-system"
		},
		"MetricSetFields": {
			"name": "hello-cronjob-27899487-6vx8l",
			"phase": "Unknown",
			"status": {
				"phase": false
			}
		},
		"Index": "",
		"ID": "",
		"Namespace": "kubernetes.pod",
		"Timestamp": "0001-01-01T00:00:00Z",
		"Error": null,
		"Host": "",
		"Service": "",
		"Took": 0,
		"Period": 0,
		"DisableTimeSeries": false
	},
	{
		"RootFields": null,
		"ModuleFields": {
			"namespace": "kube-system"
		},
		"MetricSetFields": {
			"name": "hello-cronjob-27899487-6vx8l",
			"phase": "Failed",
			"status": {
				"phase": false
			}
		},
		"Index": "",
		"ID": "",
		"Namespace": "kubernetes.pod",
		"Timestamp": "0001-01-01T00:00:00Z",
		"Error": null,
		"Host": "",
		"Service": "",
		"Took": 0,
		"Period": 0,
		"DisableTimeSeries": false
	},
	{
		"RootFields": null,
		"ModuleFields": {
			"namespace": "kube-system"
		},
		"MetricSetFields": {
			"condition": "true",
			"name": "metricbeat-h24sg",
			"status": {
				"ready": true,
				"scheduled": true
			}
		},
		"Index": "",
		"ID": "",
		"Namespace": "kubernetes.pod",
		"Timestamp": "0001-01-01T00:00:00Z",
		"Error": null,
		"Host": "",
		"Service": "",
		"Took": 0,
		"Period": 0,
		"DisableTimeSeries": false
	},
	{
		"RootFields": null,
		"ModuleFields": {
			"namespace": "kube-system"
		},
		"MetricSetFields": {
			"name": "metricbeat-h24sg",
			"phase": "Unknown",
			"status": {
				"phase": false
			}
		},
		"Index": "",
		"ID": "",
		"Namespace": "kubernetes.pod",
		"Timestamp": "0001-01-01T00:00:00Z",
		"Error": null,
		"Host": "",
		"Service": "",
		"Took": 0,
		"Period": 0,
		"DisableTimeSeries": false
	},
	{
		"RootFields": null,
		"ModuleFields": {
			"namespace": "kube-system"
		},
		"MetricSetFields": {
			"condition": "false",
			"name": "kindnet-4tnzw",
			"status": {
				"ready": false,
				"scheduled": false
			}
		},
		"Index": "",
		"ID": "",
		"Namespace": "kubernetes.pod",
		"Timestamp": "0001-01-01T00:00:00Z",
		"Error": null,
		"Host": "",
		"Service": "",
		"Took": 0,
		"Period": 0,
		"DisableTimeSeries": false
	},
	{
		"RootFields": null,
		"ModuleFields": {
			"namespace": "kube-system"
		},
		"MetricSetFields": {
			"name": "kube-apiserver-kind-control-plane",
			"phase": "Succeeded",
			"status": {
				"phase": false
			}
		},
		"Index": "",
		"ID": "",
		"Namespace": "kubernetes.pod",
		"Timestamp": "0001-01-01T00:00:00Z",
		"Error": null,
		"Host": "",
		"Service": "",
		"Took": 0,
		"Period": 0,
		"DisableTimeSeries": false
	},
	{
		"RootFields": null,
		"ModuleFields": {
			"namespace": "kube-system"
		},
		"MetricSetFields": {
			"name": "kube-apiserver-kind-control-plane",
			"phase": "Running",
			"status": {
				"phase": true
			}
		},
		"Index": "",
		"ID": "",
		"Namespace": "kubernetes.pod",
		"Timestamp": "0001-01-01T00:00:00Z",
		"Error": null,
		"Host": "",
		"Service": "",
		"Took": 0,
		"Period": 0,
		"DisableTimeSeries": false
	},
	{
		"RootFields": null,
		"ModuleFields": {
			"namespace": "kube-system"
		},
		"MetricSetFields": {
			"name": "kindnet-4tnzw",
			"phase": "Unknown",
			"status": {
				"phase": false
			}
		},
		"Index": "",
		"ID": "",
		"Namespace": "kubernetes.pod",
		"Timestamp": "0001-01-01T00:00:00Z",
		"Error": null,
		"Host": "",
		"Service": "",
		"Took": 0,
		"Period": 0,
		"DisableTimeSeries": false
	},
	{
		"RootFields": null,
		"ModuleFields": {
			"namespace": "local-path-storage"
		},
		"MetricSetFields": {
			"name": "local-path-provisioner-684f458cdd-wvdbd",
			"phase": "Unknown",
			"status": {
				"phase": false
			}
		},
		"Index": "",
		"ID": "",
		"Namespace": "kubernetes.pod",
		"Timestamp": "0001-01-01T00:00:00Z",
		"Error": null,
		"Host": "",
		"Service": "",
		"Took": 0,
		"Period": 0,
		"DisableTimeSeries": false
	},
	{
		"RootFields": null,
		"ModuleFields": {
			"namespace": "kube-system"
		},
		"MetricSetFields": {
			"name": "coredns-565d847f94-q2mmv",
			"phase": "Pending",
			"status": {
				"phase": false
			}
		},
		"Index": "",
		"ID": "",
		"Namespace": "kubernetes.pod",
		"Timestamp": "0001-01-01T00:00:00Z",
		"Error": null,
		"Host": "",
		"Service": "",
		"Took": 0,
		"Period": 0,
		"DisableTimeSeries": false
	},
	{
		"RootFields": null,
		"ModuleFields": {
			"namespace": "kube-system"
		},
		"MetricSetFields": {
			"condition": "false",
			"name": "hello-cronjob-27899487-6vx8l",
			"status": {
				"ready": true,
				"scheduled": false
			}
		},
		"Index": "",
		"ID": "",
		"Namespace": "kubernetes.pod",
		"Timestamp": "0001-01-01T00:00:00Z",
		"Error": null,
		"Host": "",
		"Service": "",
		"Took": 0,
		"Period": 0,
		"DisableTimeSeries": false
	},
	{
		"RootFields": null,
		"ModuleFields": {
			"namespace": "kube-system"
		},
		"MetricSetFields": {
			"condition": "unknown",
			"name": "hello-cronjob-27899488-mctvl",
			"status": {
				"ready": false,
				"scheduled": false
			}
		},
		"Index": "",
		"ID": "",
		"Namespace": "kubernetes.pod",
		"Timestamp": "0001-01-01T00:00:00Z",
		"Error": null,
		"Host": "",
		"Service": "",
		"Took": 0,
		"Period": 0,
		"DisableTimeSeries": false
	},
	{
		"RootFields": null,
		"ModuleFields": {
			"namespace": "kube-system"
		},
		"MetricSetFields": {
			"condition": "unknown",
			"name": "kube-proxy-flrd6",
			"status": {
				"ready": false,
				"scheduled": false
			}
		},
		"Index": "",
		"ID": "",
		"Namespace": "kubernetes.pod",
		"Timestamp": "0001-01-01T00:00:00Z",
		"Error": null,
		"Host": "",
		"Service": "",
		"Took": 0,
		"Period": 0,
		"DisableTimeSeries": false
	},
	{
		"RootFields": null,
		"ModuleFields": {
			"namespace": "kube-system"
		},
		"MetricSetFields": {
			"name": "hello-cronjob-27899487-6vx8l",
			"phase": "Running",
			"status": {
				"phase": false
			}
		},
		"Index": "",
		"ID": "",
		"Namespace": "kubernetes.pod",
		"Timestamp": "0001-01-01T00:00:00Z",
		"Error": null,
		"Host": "",
		"Service": "",
		"Took": 0,
		"Period": 0,
		"DisableTimeSeries": false
	},
	{
		"RootFields": null,
		"ModuleFields": {
			"namespace": "kube-system"
		},
		"MetricSetFields": {
			"name": "hello-cronjob-27899488-mctvl",
			"phase": "Failed",
			"status": {
				"phase": false
			}
		},
		"Index": "",
		"ID": "",
		"Namespace": "kubernetes.pod",
		"Timestamp": "0001-01-01T00:00:00Z",
		"Error": null,
		"Host": "",
		"Service": "",
		"Took": 0,
		"Period": 0,
		"DisableTimeSeries": false
	},
	{
		"RootFields": null,
		"ModuleFields": {
			"namespace": "kube-system"
		},
		"MetricSetFields": {
			"name": "coredns-565d847f94-dgwk8",
			"phase": "Pending",
			"status": {
				"phase": false
			}
		},
		"Index": "",
		"ID": "",
		"Namespace": "kubernetes.pod",
		"Timestamp": "0001-01-01T00:00:00Z",
		"Error": null,
		"Host": "",
		"Service": "",
		"Took": 0,
		"Period": 0,
		"DisableTimeSeries": false
	},
	{
		"RootFields": null,
		"ModuleFields": {
			"namespace": "kube-system"
		},
		"MetricSetFields": {
			"name": "kube-proxy-flrd6",
			"phase": "Pending",
			"status": {
				"phase": false
			}
		},
		"Index": "",
		"ID": "",
		"Namespace": "kubernetes.pod",
		"Timestamp": "0001-01-01T00:00:00Z",
		"Error": null,
		"Host": "",
		"Service": "",
		"Took": 0,
		"Period": 0,
		"DisableTimeSeries": false
	},
	{
		"RootFields": null,
		"ModuleFields": {
			"namespace": "kube-system"
		},
		"MetricSetFields": {
			"condition": "unknown",
			"name": "coredns-565d847f94-dgwk8",
			"status": {
				"ready": false,
				"scheduled": false
			}
		},
		"Index": "",
		"ID": "",
		"Namespace": "kubernetes.pod",
		"Timestamp": "0001-01-01T00:00:00Z",
		"Error": null,
		"Host": "",
		"Service": "",
		"Took": 0,
		"Period": 0,
		"DisableTimeSeries": false
	},
	{
		"RootFields": null,
		"ModuleFields": {
			"namespace": "kube-system"
		},
		"MetricSetFields": {
			"name": "kube-controller-manager-kind-control-plane",
			"phase": "Running",
			"status": {
				"phase": true
			}
		},
		"Index": "",
		"ID": "",
		"Namespace": "kubernetes.pod",
		"Timestamp": "0001-01-01T00:00:00Z",
		"Error": null,
		"Host": "",
		"Service": "",
		"Took": 0,
		"Period": 0,
		"DisableTimeSeries": false
	},
	{
		"RootFields": null,
		"ModuleFields": {
			"namespace": "kube-system"
		},
		"MetricSetFields": {
			"name": "hello-cronjob-27899489-sl9hn",
			"phase": "Pending",
			"status": {
				"phase": false
			}
		},
		"Index": "",
		"ID": "",
		"Namespace": "kubernetes.pod",
		"Timestamp": "0001-01-01T00:00:00Z",
		"Error": null,
		"Host": "",
		"Service": "",
		"Took": 0,
		"Period": 0,
		"DisableTimeSeries": false
	},
	{
		"RootFields": null,
		"ModuleFields": {
			"namespace": "kube-system"
		},
		"MetricSetFields": {
			"condition": "false",
			"name": "hello-cronjob-27899488-mctvl",
			"status": {
				"ready": true,
				"scheduled": false
			}
		},
		"Index": "",
		"ID": "",
		"Namespace": "kubernetes.pod",
		"Timestamp": "0001-01-01T00:00:00Z",
		"Error": null,
		"Host": "",
		"Service": "",
		"Took": 0,
		"Period": 0,
		"DisableTimeSeries": false
	},
	{
		"RootFields": null,
		"ModuleFields": {
			"namespace": "kube-system"
		},
		"MetricSetFields": {
			"condition": "false",
			"name": "coredns-565d847f94-q2mmv",
			"status": {
				"ready": false,
				"scheduled": false
			}
		},
		"Index": "",
		"ID": "",
		"Namespace": "kubernetes.pod",
		"Timestamp": "0001-01-01T00:00:00Z",
		"Error": null,
		"Host": "",
		"Service": "",
		"Took": 0,
		"Period": 0,
		"DisableTimeSeries": false
	},
	{
		"RootFields": null,
		"ModuleFields": {
			"namespace": "kube-system"
		},
		"MetricSetFields": {
			"condition": "true",
			"name": "hello-cronjob-27899488-mctvl",
			"status": {
				"ready": false,
				"scheduled": true
			}
		},
		"Index": "",
		"ID": "",
		"Namespace": "kubernetes.pod",
		"Timestamp": "0001-01-01T00:00:00Z",
		"Error": null,
		"Host": "",
		"Service": "",
		"Took": 0,
		"Period": 0,
		"DisableTimeSeries": false
	},
	{
		"RootFields": null,
		"ModuleFields": {
			"namespace": "kube-system"
		},
		"MetricSetFields": {
			"name": "kindnet-4tnzw",
			"phase": "Failed",
			"status": {
				"phase": false
			}
		},
		"Index": "",
		"ID": "",
		"Namespace": "kubernetes.pod",
		"Timestamp": "0001-01-01T00:00:00Z",
		"Error": null,
		"Host": "",
		"Service": "",
		"Took": 0,
		"Period": 0,
		"DisableTimeSeries": false
	},
	{
		"RootFields": null,
		"ModuleFields": {
			"namespace": "kube-system"
		},
		"MetricSetFields": {
			"name": "pi-m88dn",
			"phase": "Running",
			"status": {
				"phase": false
			}
		},
		"Index": "",
		"ID": "",
		"Namespace": "kubernetes.pod",
		"Timestamp": "0001-01-01T00:00:00Z",
		"Error": null,
		"Host": "",
		"Service": "",
		"Took": 0,
		"Period": 0,
		"DisableTimeSeries": false
	},
	{
		"RootFields": null,
		"ModuleFields": {
			"namespace": "local-path-storage"
		},
		"MetricSetFields": {
			"condition": "true",
			"name": "local-path-provisioner-684f458cdd-wvdbd",
			"status": {
				"ready": true,
				"scheduled": true
			}
		},
		"Index": "",
		"ID": "",
		"Namespace": "kubernetes.pod",
		"Timestamp": "0001-01-01T00:00:00Z",
		"Error": null,
		"Host": "",
		"Service": "",
		"Took": 0,
		"Period": 0,
		"DisableTimeSeries": false
	},
	{
		"RootFields": null,
		"ModuleFields": {
			"namespace": "kube-system"
		},
		"MetricSetFields": {
			"condition": "false",
			"name": "etcd-kind-control-plane",
			"status": {
				"ready": false,
				"scheduled": false
			}
		},
		"Index": "",
		"ID": "",
		"Namespace": "kubernetes.pod",
		"Timestamp": "0001-01-01T00:00:00Z",
		"Error": null,
		"Host": "",
		"Service": "",
		"Took": 0,
		"Period": 0,
		"DisableTimeSeries": false
	},
	{
		"RootFields": null,
		"ModuleFields": {
			"namespace": "local-path-storage"
		},
		"MetricSetFields": {
			"name": "local-path-provisioner-684f458cdd-wvdbd",
			"phase": "Failed",
			"status": {
				"phase": false
			}
		},
		"Index": "",
		"ID": "",
		"Namespace": "kubernetes.pod",
		"Timestamp": "0001-01-01T00:00:00Z",
		"Error": null,
		"Host": "",
		"Service": "",
		"Took": 0,
		"Period": 0,
		"DisableTimeSeries": false
	},
	{
		"RootFields": null,
		"ModuleFields": {
			"namespace": "kube-system"
		},
		"MetricSetFields": {
			"name": "hello-cronjob-27899488-mctvl",
			"phase": "Pending",
			"status": {
				"phase": false
			}
		},
		"Index": "",
		"ID": "",
		"Namespace": "kubernetes.pod",
		"Timestamp": "0001-01-01T00:00:00Z",
		"Error": null,
		"Host": "",
		"Service": "",
		"Took": 0,
		"Period": 0,
		"DisableTimeSeries": false
	},
	{
		"RootFields": null,
		"ModuleFields": {
			"namespace": "kube-system"
		},
		"MetricSetFields": {
			"condition": "true",
			"name": "etcd-kind-control-plane",
			"status": {
				"ready": true,
				"scheduled": true
			}
		},
		"Index": "",
		"ID": "",
		"Namespace": "kubernetes.pod",
		"Timestamp": "0001-01-01T00:00:00Z",
		"Error": null,
		"Host": "",
		"Service": "",
		"Took": 0,
		"Period": 0,
		"DisableTimeSeries": false
	},
	{
		"RootFields": null,
		"ModuleFields": {
			"namespace": "kube-system"
		},
		"MetricSetFields": {
			"name": "kube-controller-manager-kind-control-plane",
			"phase": "Failed",
			"status": {
				"phase": false
			}
		},
		"Index": "",
		"ID": "",
		"Namespace": "kubernetes.pod",
		"Timestamp": "0001-01-01T00:00:00Z",
		"Error": null,
		"Host": "",
		"Service": "",
		"Took": 0,
		"Period": 0,
		"DisableTimeSeries": false
	},
	{
		"RootFields": null,
		"ModuleFields": {
			"namespace": "kube-system"
		},
		"MetricSetFields": {
			"name": "metricbeat-h24sg",
			"phase": "Pending",
			"status": {
				"phase": false
			}
		},
		"Index": "",
		"ID": "",
		"Namespace": "kubernetes.pod",
		"Timestamp": "0001-01-01T00:00:00Z",
		"Error": null,
		"Host": "",
		"Service": "",
		"Took": 0,
		"Period": 0,
		"DisableTimeSeries": false
	},
	{
		"RootFields": null,
		"ModuleFields": {
			"namespace": "kube-system"
		},
		"MetricSetFields": {
			"name": "etcd-kind-control-plane",
			"phase": "Pending",
			"status": {
				"phase": false
			}
		},
		"Index": "",
		"ID": "",
		"Namespace": "kubernetes.pod",
		"Timestamp": "0001-01-01T00:00:00Z",
		"Error": null,
		"Host": "",
		"Service": "",
		"Took": 0,
		"Period": 0,
		"DisableTimeSeries": false
	},
	{
		"RootFields": null,
		"ModuleFields": {
			"namespace": "kube-system"
		},
		"MetricSetFields": {
			"name": "kube-apiserver-kind-control-plane",
			"phase": "Unknown",
			"status": {
				"phase": false
			}
		},
		"Index": "",
		"ID": "",
		"Namespace": "kubernetes.pod",
		"Timestamp": "0001-01-01T00:00:00Z",
		"Error": null,
		"Host": "",
		"Service": "",
		"Took": 0,
		"Period": 0,
		"DisableTimeSeries": false
	},
	{
		"RootFields": null,
		"ModuleFields": {
			"namespace": "kube-system"
		},
		"MetricSetFields": {
			"name": "kube-controller-manager-kind-control-plane",
			"phase": "Succeeded",
			"status": {
				"phase": false
			}
		},
		"Index": "",
		"ID": "",
		"Namespace": "kubernetes.pod",
		"Timestamp": "0001-01-01T00:00:00Z",
		"Error": null,
		"Host": "",
		"Service": "",
		"Took": 0,
		"Period": 0,
		"DisableTimeSeries": false
	},
	{
		"RootFields": null,
		"ModuleFields": {
			"namespace": "kube-system"
		},
		"MetricSetFields": {
			"condition": "unknown",
			"name": "hello-cronjob-27899487-6vx8l",
			"status": {
				"ready": false,
				"scheduled": false
			}
		},
		"Index": "",
		"ID": "",
		"Namespace": "kubernetes.pod",
		"Timestamp": "0001-01-01T00:00:00Z",
		"Error": null,
		"Host": "",
		"Service": "",
		"Took": 0,
		"Period": 0,
		"DisableTimeSeries": false
	},
	{
		"RootFields": null,
		"ModuleFields": {
			"namespace": "kube-system"
		},
		"MetricSetFields": {
			"name": "hello-cronjob-27899487-6vx8l",
			"phase": "Pending",
			"status": {
				"phase": false
			}
		},
		"Index": "",
		"ID": "",
		"Namespace": "kubernetes.pod",
		"Timestamp": "0001-01-01T00:00:00Z",
		"Error": null,
		"Host": "",
		"Service": "",
		"Took": 0,
		"Period": 0,
		"DisableTimeSeries": false
	},
	{
		"RootFields": null,
		"ModuleFields": {
			"namespace": "default"
		},
		"MetricSetFields": {
			"name": "web-0",
			"phase": "Failed",
			"status": {
				"phase": false
			}
		},
		"Index": "",
		"ID": "",
		"Namespace": "kubernetes.pod",
		"Timestamp": "0001-01-01T00:00:00Z",
		"Error": null,
		"Host": "",
		"Service": "",
		"Took": 0,
		"Period": 0,
		"DisableTimeSeries": false
	},
	{
		"RootFields": null,
		"ModuleFields": {
			"namespace": "kube-system"
		},
		"MetricSetFields": {
			"name": "kube-apiserver-kind-control-plane",
			"phase": "Failed",
			"status": {
				"phase": false
			}
		},
		"Index": "",
		"ID": "",
		"Namespace": "kubernetes.pod",
		"Timestamp": "0001-01-01T00:00:00Z",
		"Error": null,
		"Host": "",
		"Service": "",
		"Took": 0,
		"Period": 0,
		"DisableTimeSeries": false
	},
	{
		"RootFields": null,
		"ModuleFields": {
			"namespace": "kube-system"
		},
		"MetricSetFields": {
			"name": "hello-cronjob-27899488-mctvl",
			"phase": "Succeeded",
			"status": {
				"phase": true
			}
		},
		"Index": "",
		"ID": "",
		"Namespace": "kubernetes.pod",
		"Timestamp": "0001-01-01T00:00:00Z",
		"Error": null,
		"Host": "",
		"Service": "",
		"Took": 0,
		"Period": 0,
		"DisableTimeSeries": false
	},
	{
		"RootFields": null,
		"ModuleFields": {
			"namespace": "kube-system"
		},
		"MetricSetFields": {
			"name": "pi-m88dn",
			"phase": "Succeeded",
			"status": {
				"phase": false
			}
		},
		"Index": "",
		"ID": "",
		"Namespace": "kubernetes.pod",
		"Timestamp": "0001-01-01T00:00:00Z",
		"Error": null,
		"Host": "",
		"Service": "",
		"Took": 0,
		"Period": 0,
		"DisableTimeSeries": false
	},
	{
		"RootFields": null,
		"ModuleFields": {
			"namespace": "kube-system"
		},
		"MetricSetFields": {
			"name": "pi-m88dn",
			"phase": "Unknown",
			"status": {
				"phase": false
			}
		},
		"Index": "",
		"ID": "",
		"Namespace": "kubernetes.pod",
		"Timestamp": "0001-01-01T00:00:00Z",
		"Error": null,
		"Host": "",
		"Service": "",
		"Took": 0,
		"Period": 0,
		"DisableTimeSeries": false
	},
	{
		"RootFields": null,
		"ModuleFields": {
			"namespace": "kube-system"
		},
		"MetricSetFields": {
			"name": "metricbeat-h24sg",
			"phase": "Succeeded",
			"status": {
				"phase": false
			}
		},
		"Index": "",
		"ID": "",
		"Namespace": "kubernetes.pod",
		"Timestamp": "0001-01-01T00:00:00Z",
		"Error": null,
		"Host": "",
		"Service": "",
		"Took": 0,
		"Period": 0,
		"DisableTimeSeries": false
	},
	{
		"RootFields": null,
		"ModuleFields": {
			"namespace": "kube-system"
		},
		"MetricSetFields": {
			"name": "coredns-565d847f94-q2mmv",
			"phase": "Failed",
			"status": {
				"phase": false
			}
		},
		"Index": "",
		"ID": "",
		"Namespace": "kubernetes.pod",
		"Timestamp": "0001-01-01T00:00:00Z",
		"Error": null,
		"Host": "",
		"Service": "",
		"Took": 0,
		"Period": 0,
		"DisableTimeSeries": false
	},
	{
		"RootFields": null,
		"ModuleFields": {
			"namespace": "kube-system"
		},
		"MetricSetFields": {
			"name": "coredns-565d847f94-q2mmv",
			"phase": "Running",
			"status": {
				"phase": true
			}
		},
		"Index": "",
		"ID": "",
		"Namespace": "kubernetes.pod",
		"Timestamp": "0001-01-01T00:00:00Z",
		"Error": null,
		"Host": "",
		"Service": "",
		"Took": 0,
		"Period": 0,
		"DisableTimeSeries": false
	},
	{
		"RootFields": null,
		"ModuleFields": {
			"namespace": "kube-system"
		},
		"MetricSetFields": {
			"name": "kube-apiserver-kind-control-plane",
			"phase": "Pending",
			"status": {
				"phase": false
			}
		},
		"Index": "",
		"ID": "",
		"Namespace": "kubernetes.pod",
		"Timestamp": "0001-01-01T00:00:00Z",
		"Error": null,
		"Host": "",
		"Service": "",
		"Took": 0,
		"Period": 0,
		"DisableTimeSeries": false
	},
	{
		"RootFields": null,
		"ModuleFields": {
			"namespace": "kube-system"
		},
		"MetricSetFields": {
			"condition": "unknown",
			"name": "coredns-565d847f94-q2mmv",
			"status": {
				"ready": false,
				"scheduled": false
			}
		},
		"Index": "",
		"ID": "",
		"Namespace": "kubernetes.pod",
		"Timestamp": "0001-01-01T00:00:00Z",
		"Error": null,
		"Host": "",
		"Service": "",
		"Took": 0,
		"Period": 0,
		"DisableTimeSeries": false
	},
	{
		"RootFields": null,
		"ModuleFields": {
			"namespace": "kube-system"
		},
		"MetricSetFields": {
			"condition": "true",
			"name": "kindnet-4tnzw",
			"status": {
				"ready": true,
				"scheduled": true
			}
		},
		"Index": "",
		"ID": "",
		"Namespace": "kubernetes.pod",
		"Timestamp": "0001-01-01T00:00:00Z",
		"Error": null,
		"Host": "",
		"Service": "",
		"Took": 0,
		"Period": 0,
		"DisableTimeSeries": false
	},
	{
		"RootFields": null,
		"ModuleFields": {
			"namespace": "kube-system"
		},
		"MetricSetFields": {
			"name": "metricbeat-h24sg",
			"phase": "Failed",
			"status": {
				"phase": false
			}
		},
		"Index": "",
		"ID": "",
		"Namespace": "kubernetes.pod",
		"Timestamp": "0001-01-01T00:00:00Z",
		"Error": null,
		"Host": "",
		"Service": "",
		"Took": 0,
		"Period": 0,
		"DisableTimeSeries": false
	},
	{
		"RootFields": null,
		"ModuleFields": {
			"namespace": "kube-system"
		},
		"MetricSetFields": {
			"condition": "false",
			"name": "coredns-565d847f94-dgwk8",
			"status": {
				"ready": false,
				"scheduled": false
			}
		},
		"Index": "",
		"ID": "",
		"Namespace": "kubernetes.pod",
		"Timestamp": "0001-01-01T00:00:00Z",
		"Error": null,
		"Host": "",
		"Service": "",
		"Took": 0,
		"Period": 0,
		"DisableTimeSeries": false
	},
	{
		"RootFields": null,
		"ModuleFields": {
			"namespace": "kube-system"
		},
		"MetricSetFields": {
			"condition": "true",
			"name": "kube-controller-manager-kind-control-plane",
			"status": {
				"ready": true,
				"scheduled": true
			}
		},
		"Index": "",
		"ID": "",
		"Namespace": "kubernetes.pod",
		"Timestamp": "0001-01-01T00:00:00Z",
		"Error": null,
		"Host": "",
		"Service": "",
		"Took": 0,
		"Period": 0,
		"DisableTimeSeries": false
	},
	{
		"RootFields": null,
		"ModuleFields": {
			"namespace": "kube-system"
		},
		"MetricSetFields": {
			"name": "coredns-565d847f94-q2mmv",
			"phase": "Unknown",
			"status": {
				"phase": false
			}
		},
		"Index": "",
		"ID": "",
		"Namespace": "kubernetes.pod",
		"Timestamp": "0001-01-01T00:00:00Z",
		"Error": null,
		"Host": "",
		"Service": "",
		"Took": 0,
		"Period": 0,
		"DisableTimeSeries": false
	},
	{
		"RootFields": null,
		"ModuleFields": {
			"namespace": "kube-system"
		},
		"MetricSetFields": {
			"name": "kindnet-4tnzw",
			"phase": "Running",
			"status": {
				"phase": true
			}
		},
		"Index": "",
		"ID": "",
		"Namespace": "kubernetes.pod",
		"Timestamp": "0001-01-01T00:00:00Z",
		"Error": null,
		"Host": "",
		"Service": "",
		"Took": 0,
		"Period": 0,
		"DisableTimeSeries": false
	},
	{
		"RootFields": null,
		"ModuleFields": {
			"namespace": "kube-system"
		},
		"MetricSetFields": {
			"name": "pi-m88dn",
			"phase": "Failed",
			"status": {
				"phase": false
			}
		},
		"Index": "",
		"ID": "",
		"Namespace": "kubernetes.pod",
		"Timestamp": "0001-01-01T00:00:00Z",
		"Error": null,
		"Host": "",
		"Service": "",
		"Took": 0,
		"Period": 0,
		"DisableTimeSeries": false
	},
	{
		"RootFields": null,
		"ModuleFields": {
			"namespace": "default"
		},
		"MetricSetFields": {
			"name": "web-0",
			"phase": "Unknown",
			"status": {
				"phase": false
			}
		},
		"Index": "",
		"ID": "",
		"Namespace": "kubernetes.pod",
		"Timestamp": "0001-01-01T00:00:00Z",
		"Error": null,
		"Host": "",
		"Service": "",
		"Took": 0,
		"Period": 0,
		"DisableTimeSeries": false
	},
	{
		"RootFields": null,
		"ModuleFields": {
			"namespace": "kube-system"
		},
		"MetricSetFields": {
			"condition": "true",
			"name": "coredns-565d847f94-dgwk8",
			"status": {
				"ready": true,
				"scheduled": true
			}
		},
		"Index": "",
		"ID": "",
		"Namespace": "kubernetes.pod",
		"Timestamp": "0001-01-01T00:00:00Z",
		"Error": null,
		"Host": "",
		"Service": "",
		"Took": 0,
		"Period": 0,
		"DisableTimeSeries": false
	},
	{
		"RootFields": null,
		"ModuleFields": {
			"namespace": "kube-system"
		},
		"MetricSetFields": {
			"name": "hello-cronjob-27899489-sl9hn",
			"phase": "Unknown",
			"status": {
				"phase": false
			}
		},
		"Index": "",
		"ID": "",
		"Namespace": "kubernetes.pod",
		"Timestamp": "0001-01-01T00:00:00Z",
		"Error": null,
		"Host": "",
		"Service": "",
		"Took": 0,
		"Period": 0,
		"DisableTimeSeries": false
	},
	{
		"RootFields": null,
		"ModuleFields": {
			"namespace": "kube-system"
		},
		"MetricSetFields": {
			"name": "hello-cronjob-27899489-sl9hn",
			"phase": "Failed",
			"status": {
				"phase": false
			}
		},
		"Index": "",
		"ID": "",
		"Namespace": "kubernetes.pod",
		"Timestamp": "0001-01-01T00:00:00Z",
		"Error": null,
		"Host": "",
		"Service": "",
		"Took": 0,
		"Period": 0,
		"DisableTimeSeries": false
	},
	{
		"RootFields": null,
		"ModuleFields": {
			"namespace": "kube-system"
		},
		"MetricSetFields": {
			"name": "hello-cronjob-27899489-sl9hn",
			"phase": "Succeeded",
			"status": {
				"phase": true
			}
		},
		"Index": "",
		"ID": "",
		"Namespace": "kubernetes.pod",
		"Timestamp": "0001-01-01T00:00:00Z",
		"Error": null,
		"Host": "",
		"Service": "",
		"Took": 0,
		"Period": 0,
		"DisableTimeSeries": false
	},
	{
		"RootFields": null,
		"ModuleFields": {
			"namespace": "kube-system"
		},
		"MetricSetFields": {
			"condition": "unknown",
			"name": "kube-controller-manager-kind-control-plane",
			"status": {
				"ready": false,
				"scheduled": false
			}
		},
		"Index": "",
		"ID": "",
		"Namespace": "kubernetes.pod",
		"Timestamp": "0001-01-01T00:00:00Z",
		"Error": null,
		"Host": "",
		"Service": "",
		"Took": 0,
		"Period": 0,
		"DisableTimeSeries": false
	},
	{
		"RootFields": null,
		"ModuleFields": {
			"namespace": "kube-system"
		},
		"MetricSetFields": {
			"condition": "true",
			"name": "kube-proxy-flrd6",
			"status": {
				"ready": true,
				"scheduled": true
			}
		},
		"Index": "",
		"ID": "",
		"Namespace": "kubernetes.pod",
		"Timestamp": "0001-01-01T00:00:00Z",
		"Error": null,
		"Host": "",
		"Service": "",
		"Took": 0,
		"Period": 0,
		"DisableTimeSeries": false
	},
	{
		"RootFields": null,
		"ModuleFields": {
			"namespace": "kube-system"
		},
		"MetricSetFields": {
			"condition": "true",
			"name": "kube-scheduler-kind-control-plane",
			"status": {
				"ready": true,
				"scheduled": true
			}
		},
		"Index": "",
		"ID": "",
		"Namespace": "kubernetes.pod",
		"Timestamp": "0001-01-01T00:00:00Z",
		"Error": null,
		"Host": "",
		"Service": "",
		"Took": 0,
		"Period": 0,
		"DisableTimeSeries": false
	},
	{
		"RootFields": null,
		"ModuleFields": {
			"namespace": "kube-system"
		},
		"MetricSetFields": {
			"condition": "false",
			"name": "kube-state-metrics-77bcd445dd-tnbvx",
			"status": {
				"ready": false,
				"scheduled": false
			}
		},
		"Index": "",
		"ID": "",
		"Namespace": "kubernetes.pod",
		"Timestamp": "0001-01-01T00:00:00Z",
		"Error": null,
		"Host": "",
		"Service": "",
		"Took": 0,
		"Period": 0,
		"DisableTimeSeries": false
	},
	{
		"RootFields": null,
		"ModuleFields": {
			"namespace": "kube-system"
		},
		"MetricSetFields": {
			"condition": "unknown",
			"name": "etcd-kind-control-plane",
			"status": {
				"ready": false,
				"scheduled": false
			}
		},
		"Index": "",
		"ID": "",
		"Namespace": "kubernetes.pod",
		"Timestamp": "0001-01-01T00:00:00Z",
		"Error": null,
		"Host": "",
		"Service": "",
		"Took": 0,
		"Period": 0,
		"DisableTimeSeries": false
	},
	{
		"RootFields": null,
		"ModuleFields": {
			"namespace": "default"
		},
		"MetricSetFields": {
			"condition": "false",
			"name": "web-0",
			"status": {
				"scheduled": true
			}
		},
		"Index": "",
		"ID": "",
		"Namespace": "kubernetes.pod",
		"Timestamp": "0001-01-01T00:00:00Z",
		"Error": null,
		"Host": "",
		"Service": "",
		"Took": 0,
		"Period": 0,
		"DisableTimeSeries": false
	},
	{
		"RootFields": null,
		"ModuleFields": {
			"namespace": "kube-system"
		},
		"MetricSetFields": {
			"name": "kube-scheduler-kind-control-plane",
			"phase": "Succeeded",
			"status": {
				"phase": false
			}
		},
		"Index": "",
		"ID": "",
		"Namespace": "kubernetes.pod",
		"Timestamp": "0001-01-01T00:00:00Z",
		"Error": null,
		"Host": "",
		"Service": "",
		"Took": 0,
		"Period": 0,
		"DisableTimeSeries": false
	},
	{
		"RootFields": null,
		"ModuleFields": {
			"namespace": "kube-system"
		},
		"MetricSetFields": {
			"condition": "false",
			"name": "kube-controller-manager-kind-control-plane",
			"status": {
				"ready": false,
				"scheduled": false
			}
		},
		"Index": "",
		"ID": "",
		"Namespace": "kubernetes.pod",
		"Timestamp": "0001-01-01T00:00:00Z",
		"Error": null,
		"Host": "",
		"Service": "",
		"Took": 0,
		"Period": 0,
		"DisableTimeSeries": false
	},
	{
		"RootFields": null,
		"ModuleFields": {
			"namespace": "kube-system"
		},
		"MetricSetFields": {
			"name": "hello-cronjob-27899488-mctvl",
			"phase": "Running",
			"status": {
				"phase": false
			}
		},
		"Index": "",
		"ID": "",
		"Namespace": "kubernetes.pod",
		"Timestamp": "0001-01-01T00:00:00Z",
		"Error": null,
		"Host": "",
		"Service": "",
		"Took": 0,
		"Period": 0,
		"DisableTimeSeries": false
	},
	{
		"RootFields": null,
		"ModuleFields": {
			"namespace": "kube-system"
		},
		"MetricSetFields": {
			"condition": "false",
			"name": "kube-proxy-flrd6",
			"status": {
				"ready": false,
				"scheduled": false
			}
		},
		"Index": "",
		"ID": "",
		"Namespace": "kubernetes.pod",
		"Timestamp": "0001-01-01T00:00:00Z",
		"Error": null,
		"Host": "",
		"Service": "",
		"Took": 0,
		"Period": 0,
		"DisableTimeSeries": false
	},
	{
		"RootFields": null,
		"ModuleFields": {
			"namespace": "kube-system"
		},
		"MetricSetFields": {
			"name": "kindnet-4tnzw",
			"phase": "Succeeded",
			"status": {
				"phase": false
			}
		},
		"Index": "",
		"ID": "",
		"Namespace": "kubernetes.pod",
		"Timestamp": "0001-01-01T00:00:00Z",
		"Error": null,
		"Host": "",
		"Service": "",
		"Took": 0,
		"Period": 0,
		"DisableTimeSeries": false
	},
	{
		"RootFields": null,
		"ModuleFields": {
			"namespace": "local-path-storage"
		},
		"MetricSetFields": {
			"condition": "unknown",
			"name": "local-path-provisioner-684f458cdd-wvdbd",
			"status": {
				"ready": false,
				"scheduled": false
			}
		},
		"Index": "",
		"ID": "",
		"Namespace": "kubernetes.pod",
		"Timestamp": "0001-01-01T00:00:00Z",
		"Error": null,
		"Host": "",
		"Service": "",
		"Took": 0,
		"Period": 0,
		"DisableTimeSeries": false
	},
	{
		"RootFields": null,
		"ModuleFields": {
			"namespace": "default"
		},
		"MetricSetFields": {
			"condition": "unknown",
			"name": "web-0",
			"status": {
				"scheduled": false
			}
		},
		"Index": "",
		"ID": "",
		"Namespace": "kubernetes.pod",
		"Timestamp": "0001-01-01T00:00:00Z",
		"Error": null,
		"Host": "",
		"Service": "",
		"Took": 0,
		"Period": 0,
		"DisableTimeSeries": false
	},
	{
		"RootFields": null,
		"ModuleFields": {
			"namespace": "kube-system"
		},
		"MetricSetFields": {
			"condition": "unknown",
			"name": "hello-cronjob-27899489-sl9hn",
			"status": {
				"ready": false,
				"scheduled": false
			}
		},
		"Index": "",
		"ID": "",
		"Namespace": "kubernetes.pod",
		"Timestamp": "0001-01-01T00:00:00Z",
		"Error": null,
		"Host": "",
		"Service": "",
		"Took": 0,
		"Period": 0,
		"DisableTimeSeries": false
	},
	{
		"RootFields": null,
		"ModuleFields": {
			"namespace": "kube-system"
		},
		"MetricSetFields": {
			"name": "kube-controller-manager-kind-control-plane",
			"phase": "Unknown",
			"status": {
				"phase": false
			}
		},
		"Index": "",
		"ID": "",
		"Namespace": "kubernetes.pod",
		"Timestamp": "0001-01-01T00:00:00Z",
		"Error": null,
		"Host": "",
		"Service": "",
		"Took": 0,
		"Period": 0,
		"DisableTimeSeries": false
	},
	{
		"RootFields": null,
		"ModuleFields": {
			"namespace": "kube-system"
		},
		"MetricSetFields": {
			"condition": "unknown",
			"name": "kindnet-4tnzw",
			"status": {
				"ready": false,
				"scheduled": false
			}
		},
		"Index": "",
		"ID": "",
		"Namespace": "kubernetes.pod",
		"Timestamp": "0001-01-01T00:00:00Z",
		"Error": null,
		"Host": "",
		"Service": "",
		"Took": 0,
		"Period": 0,
		"DisableTimeSeries": false
	},
	{
		"RootFields": null,
		"ModuleFields": {
			"namespace": "kube-system"
		},
		"MetricSetFields": {
			"name": "etcd-kind-control-plane",
			"phase": "Succeeded",
			"status": {
				"phase": false
			}
		},
		"Index": "",
		"ID": "",
		"Namespace": "kubernetes.pod",
		"Timestamp": "0001-01-01T00:00:00Z",
		"Error": null,
		"Host": "",
		"Service": "",
		"Took": 0,
		"Period": 0,
		"DisableTimeSeries": false
	},
	{
		"RootFields": null,
		"ModuleFields": {
			"namespace": "local-path-storage"
		},
		"MetricSetFields": {
			"name": "local-path-provisioner-684f458cdd-wvdbd",
			"phase": "Succeeded",
			"status": {
				"phase": false
			}
		},
		"Index": "",
		"ID": "",
		"Namespace": "kubernetes.pod",
		"Timestamp": "0001-01-01T00:00:00Z",
		"Error": null,
		"Host": "",
		"Service": "",
		"Took": 0,
		"Period": 0,
		"DisableTimeSeries": false
	},
	{
		"RootFields": null,
		"ModuleFields": {
			"namespace": "kube-system"
		},
		"MetricSetFields": {
			"name": "coredns-565d847f94-dgwk8",
			"phase": "Succeeded",
			"status": {
				"phase": false
			}
		},
		"Index": "",
		"ID": "",
		"Namespace": "kubernetes.pod",
		"Timestamp": "0001-01-01T00:00:00Z",
		"Error": null,
		"Host": "",
		"Service": "",
		"Took": 0,
		"Period": 0,
		"DisableTimeSeries": false
	},
	{
		"RootFields": null,
		"ModuleFields": {
			"namespace": "default"
		},
		"MetricSetFields": {
			"name": "web-0",
			"phase": "Running",
			"status": {
				"phase": false
			}
		},
		"Index": "",
		"ID": "",
		"Namespace": "kubernetes.pod",
		"Timestamp": "0001-01-01T00:00:00Z",
		"Error": null,
		"Host": "",
		"Service": "",
		"Took": 0,
		"Period": 0,
		"DisableTimeSeries": false
	},
	{
		"RootFields": null,
		"ModuleFields": {
			"namespace": "kube-system"
		},
		"MetricSetFields": {
			"name": "pi-m88dn",
			"phase": "Pending",
			"status": {
				"phase": true
			}
		},
		"Index": "",
		"ID": "",
		"Namespace": "kubernetes.pod",
		"Timestamp": "0001-01-01T00:00:00Z",
		"Error": null,
		"Host": "",
		"Service": "",
		"Took": 0,
		"Period": 0,
		"DisableTimeSeries": false
	},
	{
		"RootFields": null,
		"ModuleFields": {
			"namespace": "kube-system"
		},
		"MetricSetFields": {
			"condition": "true",
			"name": "coredns-565d847f94-q2mmv",
			"status": {
				"ready": true,
				"scheduled": true
			}
		},
		"Index": "",
		"ID": "",
		"Namespace": "kubernetes.pod",
		"Timestamp": "0001-01-01T00:00:00Z",
		"Error": null,
		"Host": "",
		"Service": "",
		"Took": 0,
		"Period": 0,
		"DisableTimeSeries": false
	},
	{
		"RootFields": null,
		"ModuleFields": {
			"namespace": "kube-system"
		},
		"MetricSetFields": {
			"name": "coredns-565d847f94-dgwk8",
			"phase": "Unknown",
			"status": {
				"phase": false
			}
		},
		"Index": "",
		"ID": "",
		"Namespace": "kubernetes.pod",
		"Timestamp": "0001-01-01T00:00:00Z",
		"Error": null,
		"Host": "",
		"Service": "",
		"Took": 0,
		"Period": 0,
		"DisableTimeSeries": false
	},
	{
		"RootFields": null,
		"ModuleFields": {
			"namespace": "kube-system"
		},
		"MetricSetFields": {
			"name": "kube-state-metrics-77bcd445dd-tnbvx",
			"phase": "Failed",
			"status": {
				"phase": false
			}
		},
		"Index": "",
		"ID": "",
		"Namespace": "kubernetes.pod",
		"Timestamp": "0001-01-01T00:00:00Z",
		"Error": null,
		"Host": "",
		"Service": "",
		"Took": 0,
		"Period": 0,
		"DisableTimeSeries": false
	},
	{
		"RootFields": null,
		"ModuleFields": {
			"namespace": "kube-system"
		},
		"MetricSetFields": {
			"name": "etcd-kind-control-plane",
			"phase": "Unknown",
			"status": {
				"phase": false
			}
		},
		"Index": "",
		"ID": "",
		"Namespace": "kubernetes.pod",
		"Timestamp": "0001-01-01T00:00:00Z",
		"Error": null,
		"Host": "",
		"Service": "",
		"Took": 0,
		"Period": 0,
		"DisableTimeSeries": false
	},
	{
		"RootFields": null,
		"ModuleFields": {
			"namespace": "kube-system"
		},
		"MetricSetFields": {
			"name": "kube-state-metrics-77bcd445dd-tnbvx",
			"phase": "Pending",
			"status": {
				"phase": false
			}
		},
		"Index": "",
		"ID": "",
		"Namespace": "kubernetes.pod",
		"Timestamp": "0001-01-01T00:00:00Z",
		"Error": null,
		"Host": "",
		"Service": "",
		"Took": 0,
		"Period": 0,
		"DisableTimeSeries": false
	},
	{
		"RootFields": null,
		"ModuleFields": {
			"namespace": "kube-system"
		},
		"MetricSetFields": {
			"name": "coredns-565d847f94-dgwk8",
			"phase": "Running",
			"status": {
				"phase": true
			}
		},
		"Index": "",
		"ID": "",
		"Namespace": "kubernetes.pod",
		"Timestamp": "0001-01-01T00:00:00Z",
		"Error": null,
		"Host": "",
		"Service": "",
		"Took": 0,
		"Period": 0,
		"DisableTimeSeries": false
	},
	{
		"RootFields": null,
		"ModuleFields": {
			"namespace": "kube-system"
		},
		"MetricSetFields": {
			"condition": "false",
			"name": "metricbeat-h24sg",
			"status": {
				"ready": false,
				"scheduled": false
			}
		},
		"Index": "",
		"ID": "",
		"Namespace": "kubernetes.pod",
		"Timestamp": "0001-01-01T00:00:00Z",
		"Error": null,
		"Host": "",
		"Service": "",
		"Took": 0,
		"Period": 0,
		"DisableTimeSeries": false
	},
	{
		"RootFields": null,
		"ModuleFields": {
			"namespace": "kube-system"
		},
		"MetricSetFields": {
			"name": "etcd-kind-control-plane",
			"phase": "Running",
			"status": {
				"phase": true
			}
		},
		"Index": "",
		"ID": "",
		"Namespace": "kubernetes.pod",
		"Timestamp": "0001-01-01T00:00:00Z",
		"Error": null,
		"Host": "",
		"Service": "",
		"Took": 0,
		"Period": 0,
		"DisableTimeSeries": false
	},
	{
		"RootFields": null,
		"ModuleFields": {
			"namespace": "kube-system"
		},
		"MetricSetFields": {
			"condition": "false",
			"name": "pi-m88dn",
			"status": {
				"ready": true,
				"scheduled": false
			}
		},
		"Index": "",
		"ID": "",
		"Namespace": "kubernetes.pod",
		"Timestamp": "0001-01-01T00:00:00Z",
		"Error": null,
		"Host": "",
		"Service": "",
		"Took": 0,
		"Period": 0,
		"DisableTimeSeries": false
	},
	{
		"RootFields": null,
		"ModuleFields": {
			"namespace": "kube-system"
		},
		"MetricSetFields": {
			"condition": "unknown",
			"name": "kube-scheduler-kind-control-plane",
			"status": {
				"ready": false,
				"scheduled": false
			}
		},
		"Index": "",
		"ID": "",
		"Namespace": "kubernetes.pod",
		"Timestamp": "0001-01-01T00:00:00Z",
		"Error": null,
		"Host": "",
		"Service": "",
		"Took": 0,
		"Period": 0,
		"DisableTimeSeries": false
	}
]