[
	{
		"RootFields": {},
		"ModuleFields": {
			"namespace": "default"
		},
		"MetricSetFields": {
			"name": "pods-medium",
			"quota": 10,
			"resource": "cpu",
			"type": "hard"
		},
		"Index": "",
		"ID": "",
		"Namespace": "kubernetes.resourcequota",
		"Timestamp": "0001-01-01T00:00:00Z",
		"Error": null,
		"Host": "",
		"Service": "",
		"Took": 0,
		"Period": 0,
		"DisableTimeSeries": false
	},
	{
		"RootFields": {},
		"ModuleFields": {
			"namespace": "default"
		},
		"MetricSetFields": {
			"created": {
				"sec": 1673969355
			},
			"name": "pods-medium"
		},
		"Index": "",
		"ID": "",
		"Namespace": "kubernetes.resourcequota",
		"Timestamp": "0001-01-01T00:00:00Z",
		"Error": null,
		"Host": "",
		"Service": "",
		"Took": 0,
		"Period": 0,
		"DisableTimeSeries": false
	},
	{
		"RootFields": {},
		"ModuleFields": {
			"namespace": "default"
		},
		"MetricSetFields": {
			"name": "pods-low",
			"quota": 10,
			"resource": "pods",
			"type": "hard"
		},
		"Index": "",
		"ID": "",
		"Namespace": "kubernetes.resourcequota",
		"Timestamp": "0001-01-01T00:00:00Z",
		"Error": null,
		"Host": "",
		"Service": "",
		"Took": 0,
		"Period": 0,
		"DisableTimeSeries": false
	},
	{
		"RootFields": {},
		"ModuleFields": {
			"namespace": "default"
		},
		"MetricSetFields": {
			"name": "pods-medium",
			"quota": 21474836480,
			"resource": "memory",
			"type": "hard"
		},
		"Index": "",
		"ID": "",
		"Namespace": "kubernetes.resourcequota",
		"Timestamp": "0001-01-01T00:00:00Z",
		"Error": null,
		"Host": "",
		"Service": "",
		"Took": 0,
		"Period": 0,
		"DisableTimeSeries": false
	},
	{
		"RootFields": {},
		"ModuleFields": {
			"namespace": "default"
		},
		"MetricSetFields": {
			"name": "pods-low",
			"quota": 0,
			"resource": "pods",
			"type": "used"
		},
		"Index": "",
		"ID": "",
		"Namespace": "kubernetes.resourcequota",
		"Timestamp": "0001-01-01T00:00:00Z",
		"Error": null,
		"Host": "",
		"Service": "",
		"Took": 0,
		"Period": 0,
		"DisableTimeSeries": false
	},
	{
		"RootFields": {},
		"ModuleFields": {
			"namespace": "default"
		},
		"MetricSetFields": {
			"name": "pods-medium",
			"quota": 10,
			"resource": "pods",
			"type": "hard"
		},
		"Index": "",
		"ID": "",
		"Namespace": "kubernetes.resourcequota",
		"Timestamp": "0001-01-01T00:00:00Z",
		"Error": null,
		"Host": "",
		"Service": "",
		"Took": 0,
		"Period": 0,
		"DisableTimeSeries": false
	},
	{
		"RootFields": {},
		"ModuleFields": {
			"namespace": "default"
		},
		"MetricSetFields": {
			"name": "pods-high",
			"quota": 214748364800,
			"resource": "memory",
			"type": "hard"
		},
		"Index": "",
		"ID": "",
		"Namespace": "kubernetes.resourcequota",
		"Timestamp": "0001-01-01T00:00:00Z",
		"Error": null,
		"Host": "",
		"Service": "",
		"Took": 0,
		"Period": 0,
		"DisableTimeSeries": false
	},
	{
		"RootFields": {},
		"ModuleFields": {
			"namespace": "default"
		},
		"MetricSetFields": {
			"name": "pods-low",
			"quota": 5,
			"resource": "cpu",
			"type": "hard"
		},
		"Index": "",
		"ID": "",
		"Namespace": "kubernetes.resourcequota",
		"Timestamp": "0001-01-01T00:00:00Z",
		"Error": null,
		"Host": "",
		"Service": "",
		"Took": 0,
		"Period": 0,
		"DisableTimeSeries": false
	},
	{
		"RootFields": {},
		"ModuleFields": {
			"namespace": "default"
		},
		"MetricSetFields": {
			"name": "pods-high",
			"quota": 0,
			"resource": "pods",
			"type": "used"
		},
		"Index": "",
		"ID": "",
		"Namespace": "kubernetes.resourcequota",
		"Timestamp": "0001-01-01T00:00:00Z",
		"Error": null,
		"Host": "",
		"Service": "",
		"Took": 0,
		"Period": 0,
		"DisableTimeSeries": false
	},
	{
		"RootFields": {},
		"ModuleFields": {
			"namespace": "default"
		},
		"MetricSetFields": {
			"name": "pods-low",
			"quota": 10737418240,
			"resource": "memory",
			"type": "hard"
		},
		"Index": "",
		"ID": "",
		"Namespace": "kubernetes.resourcequota",
		"Timestamp": "0001-01-01T00:00:00Z",
		"Error": null,
		"Host": "",
		"Service": "",
		"Took": 0,
		"Period": 0,
		"DisableTimeSeries": false
	},
	{
		"RootFields": {},
		"ModuleFields": {
			"namespace": "default"
		},
		"MetricSetFields": {
			"created": {
				"sec": 1673969355
			},
			"name": "pods-high"
		},
		"Index": "",
		"ID": "",
		"Namespace": "kubernetes.resourcequota",
		"Timestamp": "0001-01-01T00:00:00Z",
		"Error": null,
		"Host": "",
		"Service": "",
		"Took": 0,
		"Period": 0,
		"DisableTimeSeries": false
	},
	{
		"RootFields": {},
		"ModuleFields": {
			"namespace": "default"
		},
		"MetricSetFields": {
			"name": "pods-medium",
			"quota": 0,
			"resource": "pods",
			"type": "used"
		},
		"Index": "",
		"ID": "",
		"Namespace": "kubernetes.resourcequota",
		"Timestamp": "0001-01-01T00:00:00Z",
		"Error": null,
		"Host": "",
		"Service": "",
		"Took": 0,
		"Period": 0,
		"DisableTimeSeries": false
	},
	{
		"RootFields": {},
		"ModuleFields": {
			"namespace": "default"
		},
		"MetricSetFields": {
			"name": "pods-high",
			"quota": 0,
			"resource": "memory",
			"type": "used"
		},
		"Index": "",
		"ID": "",
		"Namespace": "kubernetes.resourcequota",
		"Timestamp": "0001-01-01T00:00:00Z",
		"Error": null,
		"Host": "",
		"Service": "",
		"Took": 0,
		"Period": 0,
		"DisableTimeSeries": false
	},
	{
		"RootFields": {},
		"ModuleFields": {
			"namespace": "default"
		},
		"MetricSetFields": {
			"name": "pods-high",
			"quota": 10,
			"resource": "pods",
			"type": "hard"
		},
		"Index": "",
		"ID": "",
		"Namespace": "kubernetes.resourcequota",
		"Timestamp": "0001-01-01T00:00:00Z",
		"Error": null,
		"Host": "",
		"Service": "",
		"Took": 0,
		"Period": 0,
		"DisableTimeSeries": false
	},
	{
		"RootFields": {},
		"ModuleFields": {
			"namespace": "default"
		},
		"MetricSetFields": {
			"name": "pods-low",
			"quota": 0,
			"resource": "memory",
			"type": "used"
		},
		"Index": "",
		"ID": "",
		"Namespace": "kubernetes.resourcequota",
		"Timestamp": "0001-01-01T00:00:00Z",
		"Error": null,
		"Host": "",
		"Service": "",
		"Took": 0,
		"Period": 0,
		"DisableTimeSeries": false
	},
	{
		"RootFields": {},
		"ModuleFields": {
			"namespace": "default"
		},
		"MetricSetFields": {
			"name": "pods-low",
			"quota": 0,
			"resource": "cpu",
			"type": "used"
		},
		"Index": "",
		"ID": "",
		"Namespace": "kubernetes.resourcequota",
		"Timestamp": "0001-01-01T00:00:00Z",
		"Error": null,
		"Host": "",
		"Service": "",
		"Took": 0,
		"Period": 0,
		"DisableTimeSeries": false
	},
	{
		"RootFields": {},
		"ModuleFields": {
			"namespace": "default"
		},
		"MetricSetFields": {
			"name": "pods-medium",
			"quota": 0,
			"resource": "memory",
			"type": "used"
		},
		"Index": "",
		"ID": "",
		"Namespace": "kubernetes.resourcequota",
		"Timestamp": "0001-01-01T00:00:00Z",
		"Error": null,
		"Host": "",
		"Service": "",
		"Took": 0,
		"Period": 0,
		"DisableTimeSeries": false
	},
	{
		"RootFields": {},
		"ModuleFields": {
			"namespace": "default"
		},
		"MetricSetFields": {
			"name": "pods-medium",
			"quota": 0,
			"resource": "cpu",
			"type": "used"
		},
		"Index": "",
		"ID": "",
		"Namespace": "kubernetes.resourcequota",
		"Timestamp": "0001-01-01T00:00:00Z",
		"Error": null,
		"Host": "",
		"Service": "",
		"Took": 0,
		"Period": 0,
		"DisableTimeSeries": false
	},
	{
		"RootFields": {},
		"ModuleFields": {
			"namespace": "default"
		},
		"MetricSetFields": {
			"name": "pods-high",
			"quota": 0,
			"resource": "cpu",
			"type": "used"
		},
		"Index": "",
		"ID": "",
		"Namespace": "kubernetes.resourcequota",
		"Timestamp": "0001-01-01T00:00:00Z",
		"Error": null,
		"Host": "",
		"Service": "",
		"Took": 0,
		"Period": 0,
		"DisableTimeSeries": false
	},
	{
		"RootFields": {},
		"ModuleFields": {
			"namespace": "default"
		},
		"MetricSetFields": {
			"created": {
				"sec": 1673969356
			},
			"name": "pods-low"
		},
		"Index": "",
		"ID": "",
		"Namespace": "kubernetes.resourcequota",
		"Timestamp": "0001-01-01T00:00:00Z",
		"Error": null,
		"Host": "",
		"Service": "",
		"Took": 0,
		"Period": 0,
		"DisableTimeSeries": false
	},
	{
		"RootFields": {},
		"ModuleFields": {
			"namespace": "default"
		},
		"MetricSetFields": {
			"name": "pods-high",
			"quota": 1000,
			"resource": "cpu",
			"type": "hard"
		},
		"Index": "",
		"ID": "",
		"Namespace": "kubernetes.resourcequota",
		"Timestamp": "0001-01-01T00:00:00Z",
		"Error": null,
		"Host": "",
		"Service": "",
		"Took": 0,
		"Period": 0,
		"DisableTimeSeries": false
	}
]