[
	{
		"RootFields": {},
		"ModuleFields": {
			"namespace": "myspace"
		},
		"MetricSetFields": {
			"name": "object-counts",
			"quota": 10,
			"resource": "services",
			"type": "hard"
		},
		"Index": "",
		"ID": "",
		"Namespace": "kubernetes.resourcequota",
		"Timestamp": "0001-01-01T00:00:00Z",
		"Error": null,
		"Host": "",
		"Service": "",
		"Took": 0,
		"Period": 0,
		"DisableTimeSeries": false
	},
	{
		"RootFields": {},
		"ModuleFields": {
			"namespace": "myspace"
		},
		"MetricSetFields": {
			"name": "object-counts",
			"quota": 0,
			"resource": "replicationcontrollers",
			"type": "used"
		},
		"Index": "",
		"ID": "",
		"Namespace": "kubernetes.resourcequota",
		"Timestamp": "0001-01-01T00:00:00Z",
		"Error": null,
		"Host": "",
		"Service": "",
		"Took": 0,
		"Period": 0,
		"DisableTimeSeries": false
	},
	{
		"RootFields": {},
		"ModuleFields": {
			"namespace": "myspace"
		},
		"MetricSetFields": {
			"name": "compute-resources",
			"quota": 0,
			"resource": "requests.memory",
			"type": "used"
		},
		"Index": "",
		"ID": "",
		"Namespace": "kubernetes.resourcequota",
		"Timestamp": "0001-01-01T00:00:00Z",
		"Error": null,
		"Host": "",
		"Service": "",
		"Took": 0,
		"Period": 0,
		"DisableTimeSeries": false
	},
	{
		"RootFields": {},
		"ModuleFields": {
			"namespace": "myspace"
		},
		"MetricSetFields": {
			"created": {
				"sec": 1578507202
			},
			"name": "compute-resources"
		},
		"Index": "",
		"ID": "",
		"Namespace": "kubernetes.resourcequota",
		"Timestamp": "0001-01-01T00:00:00Z",
		"Error": null,
		"Host": "",
		"Service": "",
		"Took": 0,
		"Period": 0,
		"DisableTimeSeries": false
	},
	{
		"RootFields": {},
		"ModuleFields": {
			"namespace": "myspace"
		},
		"MetricSetFields": {
			"name": "compute-resources",
			"quota": 2147483648,
			"resource": "limits.memory",
			"type": "hard"
		},
		"Index": "",
		"ID": "",
		"Namespace": "kubernetes.resourcequota",
		"Timestamp": "0001-01-01T00:00:00Z",
		"Error": null,
		"Host": "",
		"Service": "",
		"Took": 0,
		"Period": 0,
		"DisableTimeSeries": false
	},
	{
		"RootFields": {},
		"ModuleFields": {
			"namespace": "myspace"
		},
		"MetricSetFields": {
			"name": "object-counts",
			"quota": 4,
			"resource": "persistentvolumeclaims",
			"type": "hard"
		},
		"Index": "",
		"ID": "",
		"Namespace": "kubernetes.resourcequota",
		"Timestamp": "0001-01-01T00:00:00Z",
		"Error": null,
		"Host": "",
		"Service": "",
		"Took": 0,
		"Period": 0,
		"DisableTimeSeries": false
	},
	{
		"RootFields": {},
		"ModuleFields": {
			"namespace": "myspace"
		},
		"MetricSetFields": {
			"name": "compute-resources",
			"quota": 1073741824,
			"resource": "requests.memory",
			"type": "hard"
		},
		"Index": "",
		"ID": "",
		"Namespace": "kubernetes.resourcequota",
		"Timestamp": "0001-01-01T00:00:00Z",
		"Error": null,
		"Host": "",
		"Service": "",
		"Took": 0,
		"Period": 0,
		"DisableTimeSeries": false
	},
	{
		"RootFields": {},
		"ModuleFields": {
			"namespace": "myspace"
		},
		"MetricSetFields": {
			"name": "object-counts",
			"quota": 0,
			"resource": "persistentvolumeclaims",
			"type": "used"
		},
		"Index": "",
		"ID": "",
		"Namespace": "kubernetes.resourcequota",
		"Timestamp": "0001-01-01T00:00:00Z",
		"Error": null,
		"Host": "",
		"Service": "",
		"Took": 0,
		"Period": 0,
		"DisableTimeSeries": false
	},
	{
		"RootFields": {},
		"ModuleFields": {
			"namespace": "myspace"
		},
		"MetricSetFields": {
			"name": "object-counts",
			"quota": 4,
			"resource": "pods",
			"type": "hard"
		},
		"Index": "",
		"ID": "",
		"Namespace": "kubernetes.resourcequota",
		"Timestamp": "0001-01-01T00:00:00Z",
		"Error": null,
		"Host": "",
		"Service": "",
		"Took": 0,
		"Period": 0,
		"DisableTimeSeries": false
	},
	{
		"RootFields": {},
		"ModuleFields": {
			"namespace": "myspace"
		},
		"MetricSetFields": {
			"name": "object-counts",
			"quota": 20,
			"resource": "replicationcontrollers",
			"type": "hard"
		},
		"Index": "",
		"ID": "",
		"Namespace": "kubernetes.resourcequota",
		"Timestamp": "0001-01-01T00:00:00Z",
		"Error": null,
		"Host": "",
		"Service": "",
		"Took": 0,
		"Period": 0,
		"DisableTimeSeries": false
	},
	{
		"RootFields": {},
		"ModuleFields": {
			"namespace": "myspace"
		},
		"MetricSetFields": {
			"name": "object-counts",
			"quota": 10,
			"resource": "configmaps",
			"type": "hard"
		},
		"Index": "",
		"ID": "",
		"Namespace": "kubernetes.resourcequota",
		"Timestamp": "0001-01-01T00:00:00Z",
		"Error": null,
		"Host": "",
		"Service": "",
		"Took": 0,
		"Period": 0,
		"DisableTimeSeries": false
	},
	{
		"RootFields": {},
		"ModuleFields": {
			"namespace": "myspace"
		},
		"MetricSetFields": {
			"name": "compute-resources",
			"quota": 0,
			"resource": "limits.memory",
			"type": "used"
		},
		"Index": "",
		"ID": "",
		"Namespace": "kubernetes.resourcequota",
		"Timestamp": "0001-01-01T00:00:00Z",
		"Error": null,
		"Host": "",
		"Service": "",
		"Took": 0,
		"Period": 0,
		"DisableTimeSeries": false
	},
	{
		"RootFields": {},
		"ModuleFields": {
			"namespace": "myspace"
		},
		"MetricSetFields": {
			"name": "object-counts",
			"quota": 10,
			"resource": "secrets",
			"type": "hard"
		},
		"Index": "",
		"ID": "",
		"Namespace": "kubernetes.resourcequota",
		"Timestamp": "0001-01-01T00:00:00Z",
		"Error": null,
		"Host": "",
		"Service": "",
		"Took": 0,
		"Period": 0,
		"DisableTimeSeries": false
	},
	{
		"RootFields": {},
		"ModuleFields": {
			"namespace": "myspace"
		},
		"MetricSetFields": {
			"name": "object-counts",
			"quota": 0,
			"resource": "services",
			"type": "used"
		},
		"Index": "",
		"ID": "",
		"Namespace": "kubernetes.resourcequota",
		"Timestamp": "0001-01-01T00:00:00Z",
		"Error": null,
		"Host": "",
		"Service": "",
		"Took": 0,
		"Period": 0,
		"DisableTimeSeries": false
	},
	{
		"RootFields": {},
		"ModuleFields": {
			"namespace": "myspace"
		},
		"MetricSetFields": {
			"name": "object-counts",
			"quota": 2,
			"resource": "services.loadbalancers",
			"type": "hard"
		},
		"Index": "",
		"ID": "",
		"Namespace": "kubernetes.resourcequota",
		"Timestamp": "0001-01-01T00:00:00Z",
		"Error": null,
		"Host": "",
		"Service": "",
		"Took": 0,
		"Period": 0,
		"DisableTimeSeries": false
	},
	{
		"RootFields": {},
		"ModuleFields": {
			"namespace": "myspace"
		},
		"MetricSetFields": {
			"name": "compute-resources",
			"quota": 0,
			"resource": "limits.cpu",
			"type": "used"
		},
		"Index": "",
		"ID": "",
		"Namespace": "kubernetes.resourcequota",
		"Timestamp": "0001-01-01T00:00:00Z",
		"Error": null,
		"Host": "",
		"Service": "",
		"Took": 0,
		"Period": 0,
		"DisableTimeSeries": false
	},
	{
		"RootFields": {},
		"ModuleFields": {
			"namespace": "myspace"
		},
		"MetricSetFields": {
			"name": "object-counts",
			"quota": 0,
			"resource": "configmaps",
			"type": "used"
		},
		"Index": "",
		"ID": "",
		"Namespace": "kubernetes.resourcequota",
		"Timestamp": "0001-01-01T00:00:00Z",
		"Error": null,
		"Host": "",
		"Service": "",
		"Took": 0,
		"Period": 0,
		"DisableTimeSeries": false
	},
	{
		"RootFields": {},
		"ModuleFields": {
			"namespace": "myspace"
		},
		"MetricSetFields": {
			"name": "object-counts",
			"quota": 1,
			"resource": "secrets",
			"type": "used"
		},
		"Index": "",
		"ID": "",
		"Namespace": "kubernetes.resourcequota",
		"Timestamp": "0001-01-01T00:00:00Z",
		"Error": null,
		"Host": "",
		"Service": "",
		"Took": 0,
		"Period": 0,
		"DisableTimeSeries": false
	},
	{
		"RootFields": {},
		"ModuleFields": {
			"namespace": "myspace"
		},
		"MetricSetFields": {
			"name": "object-counts",
			"quota": 0,
			"resource": "pods",
			"type": "used"
		},
		"Index": "",
		"ID": "",
		"Namespace": "kubernetes.resourcequota",
		"Timestamp": "0001-01-01T00:00:00Z",
		"Error": null,
		"Host": "",
		"Service": "",
		"Took": 0,
		"Period": 0,
		"DisableTimeSeries": false
	},
	{
		"RootFields": {},
		"ModuleFields": {
			"namespace": "myspace"
		},
		"MetricSetFields": {
			"name": "compute-resources",
			"quota": 0,
			"resource": "requests.nvidia.com/gpu",
			"type": "used"
		},
		"Index": "",
		"ID": "",
		"Namespace": "kubernetes.resourcequota",
		"Timestamp": "0001-01-01T00:00:00Z",
		"Error": null,
		"Host": "",
		"Service": "",
		"Took": 0,
		"Period": 0,
		"DisableTimeSeries": false
	},
	{
		"RootFields": {},
		"ModuleFields": {
			"namespace": "myspace"
		},
		"MetricSetFields": {
			"created": {
				"sec": 1578507217
			},
			"name": "object-counts"
		},
		"Index": "",
		"ID": "",
		"Namespace": "kubernetes.resourcequota",
		"Timestamp": "0001-01-01T00:00:00Z",
		"Error": null,
		"Host": "",
		"Service": "",
		"Took": 0,
		"Period": 0,
		"DisableTimeSeries": false
	},
	{
		"RootFields": {},
		"ModuleFields": {
			"namespace": "myspace"
		},
		"MetricSetFields": {
			"name": "object-counts",
			"quota": 0,
			"resource": "services.loadbalancers",
			"type": "used"
		},
		"Index": "",
		"ID": "",
		"Namespace": "kubernetes.resourcequota",
		"Timestamp": "0001-01-01T00:00:00Z",
		"Error": null,
		"Host": "",
		"Service": "",
		"Took": 0,
		"Period": 0,
		"DisableTimeSeries": false
	},
	{
		"RootFields": {},
		"ModuleFields": {
			"namespace": "myspace"
		},
		"MetricSetFields": {
			"name": "compute-resources",
			"quota": 2,
			"resource": "limits.cpu",
			"type": "hard"
		},
		"Index": "",
		"ID": "",
		"Namespace": "kubernetes.resourcequota",
		"Timestamp": "0001-01-01T00:00:00Z",
		"Error": null,
		"Host": "",
		"Service": "",
		"Took": 0,
		"Period": 0,
		"DisableTimeSeries": false
	},
	{
		"RootFields": {},
		"ModuleFields": {
			"namespace": "myspace"
		},
		"MetricSetFields": {
			"name": "compute-resources",
			"quota": 0,
			"resource": "requests.cpu",
			"type": "used"
		},
		"Index": "",
		"ID": "",
		"Namespace": "kubernetes.resourcequota",
		"Timestamp": "0001-01-01T00:00:00Z",
		"Error": null,
		"Host": "",
		"Service": "",
		"Took": 0,
		"Period": 0,
		"DisableTimeSeries": false
	},
	{
		"RootFields": {},
		"ModuleFields": {
			"namespace": "myspace"
		},
		"MetricSetFields": {
			"name": "compute-resources",
			"quota": 1,
			"resource": "requests.cpu",
			"type": "hard"
		},
		"Index": "",
		"ID": "",
		"Namespace": "kubernetes.resourcequota",
		"Timestamp": "0001-01-01T00:00:00Z",
		"Error": null,
		"Host": "",
		"Service": "",
		"Took": 0,
		"Period": 0,
		"DisableTimeSeries": false
	},
	{
		"RootFields": {},
		"ModuleFields": {
			"namespace": "myspace"
		},
		"MetricSetFields": {
			"name": "compute-resources",
			"quota": 4,
			"resource": "requests.nvidia.com/gpu",
			"type": "hard"
		},
		"Index": "",
		"ID": "",
		"Namespace": "kubernetes.resourcequota",
		"Timestamp": "0001-01-01T00:00:00Z",
		"Error": null,
		"Host": "",
		"Service": "",
		"Took": 0,
		"Period": 0,
		"DisableTimeSeries": false
	}
]