[
	{
		"RootFields": null,
		"ModuleFields": {
			"namespace": "default"
		},
		"MetricSetFields": {
			"name": "kube-state-metrics-5f575f4545",
			"replicas": {
				"available": 0,
				"desired": 0,
				"labeled": 0,
				"observed": 2,
				"ready": 0
			}
		},
		"Index": "",
		"ID": "",
		"Namespace": "kubernetes.replicaset",
		"Timestamp": "0001-01-01T00:00:00Z",
		"Error": null,
		"Host": "",
		"Service": "",
		"Took": 0,
		"Period": 0,
		"DisableTimeSeries": false
	},
	{
		"RootFields": null,
		"ModuleFields": {
			"namespace": "default"
		},
		"MetricSetFields": {
			"name": "kube-state-metrics-b98cc6bfb",
			"replicas": {
				"available": 1,
				"desired": 1,
				"labeled": 1,
				"observed": 1,
				"ready": 1
			}
		},
		"Index": "",
		"ID": "",
		"Namespace": "kubernetes.replicaset",
		"Timestamp": "0001-01-01T00:00:00Z",
		"Error": null,
		"Host": "",
		"Service": "",
		"Took": 0,
		"Period": 0,
		"DisableTimeSeries": false
	},
	{
		"RootFields": null,
		"ModuleFields": {
			"namespace": "default"
		},
		"MetricSetFields": {
			"name": "hellohpa-854f544649",
			"replicas": {
				"available": 1,
				"desired": 1,
				"labeled": 1,
				"observed": 1,
				"ready": 0
			}
		},
		"Index": "",
		"ID": "",
		"Namespace": "kubernetes.replicaset",
		"Timestamp": "0001-01-01T00:00:00Z",
		"Error": null,
		"Host": "",
		"Service": "",
		"Took": 0,
		"Period": 0,
		"DisableTimeSeries": false
	},
	{
		"RootFields": null,
		"ModuleFields": {
			"namespace": "local-path-storage"
		},
		"MetricSetFields": {
			"name": "local-path-provisioner-855c7b7774",
			"replicas": {
				"available": 1,
				"desired": 1,
				"labeled": 1,
				"observed": 1,
				"ready": 1
			}
		},
		"Index": "",
		"ID": "",
		"Namespace": "kubernetes.replicaset",
		"Timestamp": "0001-01-01T00:00:00Z",
		"Error": null,
		"Host": "",
		"Service": "",
		"Took": 0,
		"Period": 0,
		"DisableTimeSeries": false
	},
	{
		"RootFields": null,
		"ModuleFields": {
			"namespace": "kube-system"
		},
		"MetricSetFields": {
			"name": "coredns-589f44dc88",
			"replicas": {
				"available": 2,
				"desired": 2,
				"labeled": 2,
				"observed": 1,
				"ready": 2
			}
		},
		"Index": "",
		"ID": "",
		"Namespace": "kubernetes.replicaset",
		"Timestamp": "0001-01-01T00:00:00Z",
		"Error": null,
		"Host": "",
		"Service": "",
		"Took": 0,
		"Period": 0,
		"DisableTimeSeries": false
	}
]