[
	{
		"RootFields": null,
		"ModuleFields": {
			"namespace": "local-path-storage"
		},
		"MetricSetFields": {
			"name": "local-path-provisioner-6bc4bddd6b",
			"replicas": {
				"available": 1,
				"desired": 1,
				"labeled": 1,
				"observed": 1,
				"ready": 1
			}
		},
		"Index": "",
		"ID": "",
		"Namespace": "kubernetes.replicaset",
		"Timestamp": "0001-01-01T00:00:00Z",
		"Error": null,
		"Host": "",
		"Service": "",
		"Took": 0,
		"Period": 0,
		"DisableTimeSeries": false
	},
	{
		"RootFields": null,
		"ModuleFields": {
			"namespace": "kube-system"
		},
		"MetricSetFields": {
			"name": "kube-state-metrics-7857446fb4",
			"replicas": {
				"available": 1,
				"desired": 1,
				"labeled": 1,
				"observed": 1,
				"ready": 1
			}
		},
		"Index": "",
		"ID": "",
		"Namespace": "kubernetes.replicaset",
		"Timestamp": "0001-01-01T00:00:00Z",
		"Error": null,
		"Host": "",
		"Service": "",
		"Took": 0,
		"Period": 0,
		"DisableTimeSeries": false
	},
	{
		"RootFields": null,
		"ModuleFields": {
			"namespace": "kube-system"
		},
		"MetricSetFields": {
			"name": "coredns-5d78c9869d",
			"replicas": {
				"available": 2,
				"desired": 2,
				"labeled": 2,
				"observed": 1,
				"ready": 2
			}
		},
		"Index": "",
		"ID": "",
		"Namespace": "kubernetes.replicaset",
		"Timestamp": "0001-01-01T00:00:00Z",
		"Error": null,
		"Host": "",
		"Service": "",
		"Took": 0,
		"Period": 0,
		"DisableTimeSeries": false
	}
]