[
	{
		"RootFields": null,
		"ModuleFields": null,
		"MetricSetFields": {
			"created": {
				"sec": 1673879559
			},
			"name": "kube-node-lease",
			"status": {
				"active": true,
				"terminating": false
			}
		},
		"Index": "",
		"ID": "",
		"Namespace": "kubernetes.state_namespace",
		"Timestamp": "0001-01-01T00:00:00Z",
		"Error": null,
		"Host": "",
		"Service": "",
		"Took": 0,
		"Period": 0,
		"DisableTimeSeries": false
	}
]